hal_disp_color.c:106:5:sine	736	static
hal_disp_color.c:495:5:cosine	736	static
hal_disp_color.c:882:6:ArrayMultiply	20	static
hal_disp_color.c:899:6:SetVideoSatHueMatrix	32	static
hal_disp_color.c:936:6:SetVideoContrastMatrix	32	static
hal_disp_color.c:947:6:WriteColorMatrix	12	static
hal_disp_color.c:980:6:SetPCConRGBMatrix	0	static
hal_disp_color.c:987:6:SetVideoColorMatrix	64	static
hal_disp_color.c:1023:6:SetPCColorMatrix	88	static
hal_disp_color.c:1073:6:SetBrightnessEn	0	static
hal_disp_color.c:1087:6:SetBrightness	0	static
hal_disp_color.c:1106:6:HalDispColorInitVar	4	static
hal_disp_color.c:1164:6:HalDispColorSetColorCorrectMatrix	56	static
hal_disp_color.c:1188:6:HalDispColorSeletYuvToRgbMatrix	48	static
hal_disp_color.c:1235:6:HalDispColorAdjustBrightness	24	static
hal_disp_color.c:1244:6:HalDispColorAdjustHCS	40	static
hal_disp_color.c:1256:6:HalDispColorAdjustVideoContrast	24	static
hal_disp_color.c:1265:6:HalDispColorAdjustVideoSaturation	24	static
hal_disp_color.c:1274:6:HalDispColorAdjustVideoCbCr	24	static
hal_disp_color.c:1287:6:HalDispColorAdjustVideoHue	24	static
hal_disp_color.c:1296:6:HalDispColorAdjustVideoRGB	40	static
hal_disp_color.c:1309:6:HalDispColorAdjustPCContrastRGB	40	static
hal_disp_color.c:1322:6:HalDispColorAdjustPCContrast	24	static
hal_disp_color.c:1330:6:HalDispColorAdjustPCRGB	40	static
hal_disp_color.c:1339:6:HalDispColorSetYUV2RGBCtrl	0	static
hal_disp_color.c:1351:6:HalDispColorSetPCsRGBCtrl	0	static
hal_disp_color.c:1362:6:HalDispColorSetHue256StepCtrl	0	static
