hal_disp_mop.c:62:6:HalMopsShadowInit	0	static
hal_disp_mop.c:105:5:_HalMopGetSwShadow	0	static
hal_disp_mop.c:129:6:_HalMopSetSwShadow	0	static
hal_disp_mop.c:151:5:_HalMopGetShadowReg	0	static
hal_disp_mop.c:175:6:_HalMopSwShadowHandler	16	static
hal_disp_mop.c:186:5:_HalDispMopgGwinRegBkMap	8	static
hal_disp_mop.c:220:5:_HalDispMopgGwinRegShiftMap	8	static
hal_disp_mop.c:266:5:_HalDispMopgGwinRegSwShadowMap	8	static
hal_disp_mop.c:335:6:HalDispMopgSwReset	0	static
hal_disp_mop.c:341:6:HalDispMopgSetAutoStretchWinSizeEn	0	static
hal_disp_mop.c:346:6:HalDispMopgSetStretchWinSize	4	static
hal_disp_mop.c:352:6:HalDispMopgSetPipeDelay	0	static
hal_disp_mop.c:605:6:HalDispMopsSwReset	0	static
hal_disp_mop.c:611:6:HalDispMopsSetAutoStretchWinSizeEn	0	static
hal_disp_mop.c:616:6:HalDispMopsSetStretchWinSize	4	static
hal_disp_mop.c:622:6:HalDispMopsSetPipeDelay	0	static
hal_disp_mop.c:748:6:HalDispMopSetClk	0	static
hal_disp_mop.c:764:6:HalDispMopGetClk	0	static
hal_disp_mop.c:779:6:HalDispMopDbBfWr	0	static
hal_disp_mop.c:357:6:HalDispMopgInit	8	static
hal_disp_mop.c:377:6:HalDispMopgGwinEn	16	static
hal_disp_mop.c:392:6:HalDispMopgSetYAddr	16	static
hal_disp_mop.c:413:6:HalDispMopgSetAddr16Offset	16	static
hal_disp_mop.c:436:6:HalDispMopgSetCAddr	16	static
hal_disp_mop.c:457:6:HalDispMopgSetGwinParam	32	static
hal_disp_mop.c:488:6:HalDispMopgSetPitch	16	static
hal_disp_mop.c:505:6:HalDispMopgSetSourceParam	24	static
hal_disp_mop.c:524:6:HalDispMopgSetHScaleFac	16	static
hal_disp_mop.c:539:6:HalDispMopgSetVScaleFac	16	static
hal_disp_mop.c:554:6:HalDispMopgSetRblkHstr	16	static
hal_disp_mop.c:574:6:HalDispMopgSetLineBufStr	24	static
hal_disp_mop.c:627:6:HalDispMopsInit	8	static
hal_disp_mop.c:648:6:HalDispMopsGwinEn	0	static
hal_disp_mop.c:656:6:HalDispMopsSetYAddr	0	static
hal_disp_mop.c:666:6:HalDispMopsSetAddr16Offset	0	static
hal_disp_mop.c:677:6:HalDispMopsSetCAddr	0	static
hal_disp_mop.c:688:6:HalDispMopsSetGwinParam	12	static
hal_disp_mop.c:703:6:HalDispMopsSetPitch	0	static
hal_disp_mop.c:713:6:HalDispMopsSetSourceParam	4	static
hal_disp_mop.c:722:6:HalDispMopsSetHScaleFac	0	static
hal_disp_mop.c:730:6:HalDispMopsSetVScaleFac	0	static
hal_disp_mop.c:738:6:HalDispMopsSetRblkHstr	0	static
hal_disp_mop.c:786:6:HalDispMopRotDbBfWr	0	static
hal_disp_mop.c:798:6:HalDispMopRot0DbfEn	0	static
hal_disp_mop.c:803:6:HalDispMopRot1DbfEn	0	static
hal_disp_mop.c:808:6:HalDispMopRot0En	8	static
hal_disp_mop.c:817:6:HalDispMopRot1En	8	static
hal_disp_mop.c:827:6:HalDispMopRot0SourceWidth	0	static
hal_disp_mop.c:838:6:HalDispMopRot0SourceHeight	0	static
hal_disp_mop.c:849:6:HalDispMopRot1SourceWidth	0	static
hal_disp_mop.c:860:6:HalDispMopRot1SourceHeight	0	static
hal_disp_mop.c:872:6:HalDispMopRot0SetReadYAddr	0	static
hal_disp_mop.c:885:6:HalDispMopRot0SetReadCAddr	0	static
hal_disp_mop.c:898:6:HalDispMopRot1SetReadYAddr	0	static
hal_disp_mop.c:911:6:HalDispMopRot1SetReadCAddr	0	static
hal_disp_mop.c:924:6:HalDispMopRot0SetWriteYAddr	0	static
hal_disp_mop.c:937:6:HalDispMopRot0SetWriteCAddr	0	static
hal_disp_mop.c:950:6:HalDispMopRot1SetWriteYAddr	0	static
hal_disp_mop.c:963:6:HalDispMopRot1SetWriteCAddr	0	static
hal_disp_mop.c:976:6:HalDispMopRot0SetRotateMode	8	static
hal_disp_mop.c:994:6:HalDispMopRot1SetRotateMode	8	static
hal_disp_mop.c:1012:6:HalDispMopRot0SetPixDummy	0	static
hal_disp_mop.c:1023:6:HalDispMopRot1SetPixDummy	0	static
hal_disp_mop.c:1034:6:HalDispMopRotInit	8	static
