hal_disp_if.c:523:19:_HalDispIfGetInfoDeviceInit	0	static
hal_disp_if.c:612:19:_HalDispIfGetInfoDeviceAttach	0	static
hal_disp_if.c:618:6:_HalDispIfSetDeviceAttach	0	static
hal_disp_if.c:1182:19:_HalDispIfGetInfoDevicDisplayInfo	0	static
hal_disp_if.c:1215:19:_HalDispIfGetInfoVidLayerInit	0	static
hal_disp_if.c:1225:19:_HalDispIfGetInfoVidLayerEnable	0	static
hal_disp_if.c:585:19:_HalDispIfGetInfoDeviceEnable	8	static
hal_disp_if.c:634:19:_HalDispIfGetInfoDeviceBackGroundColor	8	static
hal_disp_if.c:666:19:_HalDispIfGetInfoDeviceInterface	16	static
hal_disp_if.c:1316:19:_HalDispIfGetInfoInputPortInit	8	static
hal_disp_if.c:1499:19:_HalDispIfGetInfoInputPortEnable	24	static
hal_disp_if.c:2744:19:_HalDispIfGetInfoClkSet	16	static
hal_disp_if.c:653:6:_HalDispIfSetDeviceBackGroundColor	0	static
hal_disp_if.c:604:6:_HalDispIfSetDeviceEnable	0	static
hal_disp_if.c:547:6:_HalDispIfSetDeviceInit	16	static
hal_disp_if.c:714:19:_HalDispIfGetInfoDeviceOutputTiming	56	static
hal_disp_if.c:975:19:_HalDispIfGetInfoDeviceLcdParam	32	static
hal_disp_if.c:1124:19:_HalDispIfGetInfoDeviceColorTemp	8	static
hal_disp_if.c:1574:19:_HalDispIfGetInfoInputPortAttr	48	static
hal_disp_if.c:1885:19:_HalDispIfGetInfoInputPortFlip	88	static
hal_disp_if.c:2464:19:_HalDispIfGetInfoInputPortCrop	32	static
hal_disp_if.c:1039:19:_HalDispIfGetInfoDeviceGammaParam	16	static
hal_disp_if.c:1096:6:_HalDispIfSetDeviceGammaParam	112	static
hal_disp_if.c:1140:6:_HalDispIfSetDeviceColorTemp	0	static
hal_disp_if.c:1148:19:_HalDispIfGetInfoDevicTimeZone	16	static
hal_disp_if.c:1334:6:_HalDispIfSetInputPortInit	32	static
hal_disp_if.c:2145:19:_HalDispIfGetInfoInputPortRotate	32	static
hal_disp_if.c:2227:6:_HalDispIfSetInputPortRotate	24	static
hal_disp_if.c:2506:6:_HalDispIfSetInputPortCrop	16	static
hal_disp_if.c:2691:19:_HalDispIfGetInfoClkGet	24	static
hal_disp_if.c:2759:6:_HalDispIfSetClkSet	32	static
hal_disp_if.c:1258:19:_HalDispIfGetInfoVidLayerAttr	0	static
hal_disp_if.c:741:6:_HalDispIfSetDeviceOutputTiming	0	static
hal_disp_if.c:1842:19:_HalDispIfGetInfoInputPortBegin	0	static
hal_disp_if.c:1853:19:_HalDispIfGetInfoInputPortEnd	0	static
hal_disp_if.c:623:19:_HalDispIfGetInfoDeviceDetach	0	static
hal_disp_if.c:806:19:_HalDispIfGetInfoDeviceVgaParam	0	static
hal_disp_if.c:905:19:_HalDispIfGetInfoDeviceHdmiParam	0	static
hal_disp_if.c:1113:19:_HalDispIfGetInfoDeviceCvbsParam	0	static
hal_disp_if.c:1236:19:_HalDispIfGetInfoVidLayerBind	0	static
hal_disp_if.c:1247:19:_HalDispIfGetInfoVidLayerUnBind	0	static
hal_disp_if.c:1269:19:_HalDispIfGetInfoVidLayerCompress	0	static
hal_disp_if.c:1280:19:_HalDispIfGetInfoVidLayerPriority	0	static
hal_disp_if.c:1291:19:_HalDispIfGetInfoVidLayerBufferFire	0	static
hal_disp_if.c:1302:19:_HalDispIfGetInfoVidLayerCheckFire	0	static
hal_disp_if.c:1820:19:_HalDispIfGetInfoInputPortShow	0	static
hal_disp_if.c:1831:19:_HalDispIfGetInfoInputPortHide	0	static
hal_disp_if.c:1837:6:_HalDispIfSetInputPortHide	0	static
hal_disp_if.c:1848:6:_HalDispIfSetInputPortBegin	0	static
hal_disp_if.c:1264:6:_HalDispIfSetVidLayerAttr	0	static
hal_disp_if.c:1275:6:_HalDispIfSetVidLayerComporess	0	static
hal_disp_if.c:1242:6:_HalDispIfSetVidLayerBind	0	static
hal_disp_if.c:1253:6:_HalDispIfSetVidLayerUnBind	0	static
hal_disp_if.c:1308:6:_HalDispIfSetVidLayerCheckFire	0	static
hal_disp_if.c:1826:6:_HalDispIfSetInputPortShow	0	static
hal_disp_if.c:1286:6:_HalDispIfSetVidLayerPriority	0	static
hal_disp_if.c:1297:6:_HalDispIfSetVidLayerBufferFire	0	static
hal_disp_if.c:1859:6:_HalDispIfSetInputPortEnd	0	static
hal_disp_if.c:2740:6:_HalDispIfSetClkGet	0	static
hal_disp_if.c:1176:6:_HalDispIfSetDeviceTimeZone	0	static
hal_disp_if.c:1207:6:_HalDispIfSetDeviceDisplayInfo	0	static
hal_disp_if.c:1221:6:_HalDispIfSetVidLayerInit	0	static
hal_disp_if.c:1231:6:_HalDispIfSetVidLayerEnable	0	static
hal_disp_if.c:844:6:_HalDispIfSetDeviceVgaParam	0	static
hal_disp_if.c:1119:6:_HalDispIfSetDeviceCvbsParam	0	static
hal_disp_if.c:942:6:_HalDispIfSetDeviceHdmiParam	0	static
hal_disp_if.c:629:6:_HalDispIfSetDeviceDetach	0	static
hal_disp_if.c:693:6:_HalDispIfSetDeviceInterface	0	static
hal_disp_if.c:139:38:__HalDispIfSetNonLinearCurve	0	static
hal_disp_if.c:158:38:__HalDispIfGetNonLinearCurve	0	static
hal_disp_if.c:181:5:__HalDispIfCalculateNonLinear	4	static
hal_disp_if.c:244:6:__HalDispIfPictureTransNonLinear	40	static
hal_disp_if.c:318:6:__HalDispIfSetTimingTable	0	static
hal_disp_if.c:459:6:__HalDispIfSetTgenConfig	0	static
hal_disp_if.c:504:6:__HalDispIfSetCscConfig	8	static
hal_disp_if.c:1008:6:_HalDispIfSetDeviceLcdParam	16	static
hal_disp_if.c:1454:6:_HalDispIfSetAllMopgLineBufVal	48	static
hal_disp_if.c:1527:6:_HalDispIfSetMopgWinIsUsedForLbstart	16	static
hal_disp_if.c:1541:6:_HalDispIfSetInputPortEnable	16	static
hal_disp_if.c:1607:6:_HalDispIfSetMopgLineBufOrder	48	static
hal_disp_if.c:1738:6:_HalDispIfSetInputPortAttr	24	static
hal_disp_if.c:1864:6:_HalDispIfSetMopRotImiAddrManage	24	static
hal_disp_if.c:1944:6:_HalDispIfSetInputPortFlip	40	static
hal_disp_if.c:2793:6:_HalDispIfGetCallBack	24	static
hal_disp_if.c:2831:6:HalDispIfInit	16	static
hal_disp_if.c:3024:6:HalDispIfDeInit	24	static
hal_disp_if.c:3054:6:HalDispIfQuery	8	static
