hal_disp_pq.c:47:6:_HalDispPqSetBw2sbri	0	static
hal_disp_pq.c:52:6:_HalDispPqSetBleEn	0	static
hal_disp_pq.c:57:6:_HalDispPqSetWleEn	0	static
hal_disp_pq.c:63:6:_HalDispPqSetBlackStart	0	static
hal_disp_pq.c:68:6:_HalDispPqSetWhiteStart	0	static
hal_disp_pq.c:73:6:_HalDispPqSetBlackSlop	0	static
hal_disp_pq.c:78:6:_HalDispPqSetWhiteSlop	0	static
hal_disp_pq.c:84:6:_HalDispPqSetLpfY	0	static
hal_disp_pq.c:89:6:_HalDispPqSetLpfC	0	static
hal_disp_pq.c:95:6:_HalDispPqSetDcrEn	0	static
hal_disp_pq.c:100:6:_HalDispPqSetDcrOffset	0	static
hal_disp_pq.c:105:6:_HalDispPqSetYGain	0	static
hal_disp_pq.c:110:6:_HalDispPqSetYGainOffset	0	static
hal_disp_pq.c:115:6:_HalDispPqSetDlcEn	0	static
hal_disp_pq.c:120:6:_HalDispPqSetDlcGain	0	static
hal_disp_pq.c:125:6:_HalDispPqSetDlcOffset	0	static
hal_disp_pq.c:130:6:_HalDispPqSetDlcHact	0	static
hal_disp_pq.c:135:6:_HalDispPqSetDlcHblank	0	static
hal_disp_pq.c:140:6:_HalDispPqSetDlcVact	0	static
hal_disp_pq.c:145:6:_HalDispPqSetDlcPwmDuty	0	static
hal_disp_pq.c:150:6:_HalDispPqSetDlcPwmPeriod	0	static
hal_disp_pq.c:156:6:_HalDispPqHCoringSetYBand1En	0	static
hal_disp_pq.c:161:6:_HalDispPqHCoringSetYBand2En	0	static
hal_disp_pq.c:166:6:_HalDispPqHCoringSetYDitherEn	0	static
hal_disp_pq.c:171:6:_HalDispPqHCoringSetYTableStep	0	static
hal_disp_pq.c:176:6:_HalDispPqHCoringSetCBand1En	0	static
hal_disp_pq.c:181:6:_HalDispPqHCoringSetCBand2En	0	static
hal_disp_pq.c:186:6:_HalDispPqHCoringSetCDitherEn	0	static
hal_disp_pq.c:191:6:_HalDispPqHCoringSetCTableStep	0	static
hal_disp_pq.c:196:6:_HalDispPqHCoringSetPcMode	0	static
hal_disp_pq.c:201:6:_HalDispPqHCoringSetHighPassEn	0	static
hal_disp_pq.c:206:6:_HalDispPqHCoringSetTable	4	static
hal_disp_pq.c:215:6:_HalDispPqPeakingSetPeakEn	0	static
hal_disp_pq.c:220:6:_HalDispPqPeakingSetLtiEn	0	static
hal_disp_pq.c:225:6:_HalDispPqPeakingSetLtiMedianFilterOn	0	static
hal_disp_pq.c:230:6:_HalDispPqPeakingSetCtiEn	0	static
hal_disp_pq.c:235:6:_HalDispPqPeakingSetCtiMedianFilterOn	0	static
hal_disp_pq.c:240:6:_HalDispPqPeakingSetDiffAdapEn	0	static
hal_disp_pq.c:245:6:_HalDispPqPeakingSetBand1Coef	0	static
hal_disp_pq.c:250:6:_HalDispPqPeakingSetBand1Step	0	static
hal_disp_pq.c:255:6:_HalDispPqPeakingSetBand2Coef	0	static
hal_disp_pq.c:260:6:_HalDispPqPeakingSetBand2Step	0	static
hal_disp_pq.c:265:6:_HalDispPqPeakingSetLtiCoef	0	static
hal_disp_pq.c:270:6:_HalDispPqPeakingSetLtiStep	0	static
hal_disp_pq.c:275:6:_HalDispPqPeakingSetPeakTerm1Sel	0	static
hal_disp_pq.c:280:6:_HalDispPqPeakingSetPeakTerm2Sel	0	static
hal_disp_pq.c:285:6:_HalDispPqPeakingSetPeakTerm3Sel	0	static
hal_disp_pq.c:290:6:_HalDispPqPeakingSetPeakTerm4Sel	0	static
hal_disp_pq.c:295:6:_HalDispPqPeakingSetCoringTh1	0	static
hal_disp_pq.c:300:6:_HalDispPqPeakingSetCoringTh2	0	static
hal_disp_pq.c:305:6:_HalDispPqPeakingSetCtiCoef	0	static
hal_disp_pq.c:310:6:_HalDispPqPeakingSetCtiStep	0	static
hal_disp_pq.c:315:6:_HalDispPqPeakingSetBand1PosLimitTh	0	static
hal_disp_pq.c:320:6:_HalDispPqPeakingSetBand1NegLimitTh	0	static
hal_disp_pq.c:325:6:_HalDispPqPeakingSetBand2PosLimitTh	0	static
hal_disp_pq.c:330:6:_HalDispPqPeakingSetBand2NegLimitTh	0	static
hal_disp_pq.c:335:6:_HalDispPqPeakingSetPosLimitTh	0	static
hal_disp_pq.c:340:6:_HalDispPqPeakingSetNegLimitTh	0	static
hal_disp_pq.c:345:6:_HalDispPqPeakingSetBand2DiffAdapEn	0	static
hal_disp_pq.c:350:6:_HalDispPqPeakingSetBand1DiffAdapEn	0	static
hal_disp_pq.c:355:6:_HalDispPqSetFccCbT1	0	static
hal_disp_pq.c:360:6:_HalDispPqSetFccCrT1	0	static
hal_disp_pq.c:365:6:_HalDispPqSetFccCbT2	0	static
hal_disp_pq.c:370:6:_HalDispPqSetFccCrT2	0	static
hal_disp_pq.c:375:6:_HalDispPqSetFccCbT3	0	static
hal_disp_pq.c:380:6:_HalDispPqSetFccCrT3	0	static
hal_disp_pq.c:385:6:_HalDispPqSetFccCbT4	0	static
hal_disp_pq.c:390:6:_HalDispPqSetFccCrT4	0	static
hal_disp_pq.c:395:6:_HalDispPqSetFccCbT5	0	static
hal_disp_pq.c:400:6:_HalDispPqSetFccCrT5	0	static
hal_disp_pq.c:405:6:_HalDispPqSetFccCbT6	0	static
hal_disp_pq.c:410:6:_HalDispPqSetFccCrT6	0	static
hal_disp_pq.c:415:6:_HalDispPqSetFccCbT7	0	static
hal_disp_pq.c:420:6:_HalDispPqSetFccCrT7	0	static
hal_disp_pq.c:425:6:_HalDispPqSetFccCbT8	0	static
hal_disp_pq.c:430:6:_HalDispPqSetFccCrT8	0	static
hal_disp_pq.c:435:6:_HalDispPqSetFccCbCrD1DD1U	0	static
hal_disp_pq.c:440:6:_HalDispPqSetFccCbCrD2DD2U	0	static
hal_disp_pq.c:445:6:_HalDispPqSetFccCbCrD3DD3U	0	static
hal_disp_pq.c:450:6:_HalDispPqSetFccCbCrD4DD4U	0	static
hal_disp_pq.c:455:6:_HalDispPqSetFccCbCrD5DD5U	0	static
hal_disp_pq.c:460:6:_HalDispPqSetFccCbCrD6DD6U	0	static
hal_disp_pq.c:465:6:_HalDispPqSetFccCbCrD7DD7U	0	static
hal_disp_pq.c:470:6:_HalDispPqSetFccCbCrD8DD8U	0	static
hal_disp_pq.c:475:6:_HalDispPqSetFccCbCrD9	0	static
hal_disp_pq.c:480:6:_HalDispPqSetFccKT2KT1	0	static
hal_disp_pq.c:485:6:_HalDispPqSetFccKT4KT3	0	static
hal_disp_pq.c:490:6:_HalDispPqSetFccKT6KT5	0	static
hal_disp_pq.c:495:6:_HalDispPqSetFccKT8KT7	0	static
hal_disp_pq.c:500:6:_HalDispPqSetFccEn	0	static
hal_disp_pq.c:505:6:_HalDispPqSetGammaR	4	static
hal_disp_pq.c:519:6:_HalDispPqSetGammaG	4	static
hal_disp_pq.c:533:6:_HalDispPqSetGammaB	4	static
hal_disp_pq.c:547:6:_HalDispPqSetGammaEn	0	static
hal_disp_pq.c:555:6:HalDispPqGetHwCtx	0	static
hal_disp_pq.c:560:6:HalDispPqSetHwCtxFlag	0	static
hal_disp_pq.c:565:6:HalDispPqClearHwCtxFlag	0	static
hal_disp_pq.c:570:6:HalDispPqSetBwExtensionConfig	8	static
hal_disp_pq.c:587:6:HalDispPqSetLpfConfig	8	static
hal_disp_pq.c:599:6:HalDispPqSetDlcDcrConfig	8	static
hal_disp_pq.c:626:6:HalDispPqSetHCoringConfig	8	static
hal_disp_pq.c:653:6:HalDispPqSetPeaking	16	static
hal_disp_pq.c:694:6:HalDispPqSetFccConfig	8	static
hal_disp_pq.c:734:6:HalDispPqSetGammaConfig	8	static
