net.c:290:13:net_clear_handlers	0	static
net.c:601:1:startAgainTimeout	0	static
net.c:656:13:dummy_handler	0	static
net.c:242:6:net_auto_load	8	static
net.c:606:6:NetStartAgain	8	static
net.c:662:11:net_get_udp_handler	0	static
net.c:667:6:net_set_udp_handler	0	static
net.c:676:11:net_get_arp_handler	0	static
net.c:681:6:net_set_arp_handler	0	static
net.c:691:6:net_set_icmp_handler	0	static
net.c:698:1:NetSetTimeout	8	static
net.c:1321:1:NetCksum	0	static
net.c:1314:1:NetCksumOk	8	static
net.c:969:1:NetReceive	48	static
net.c:1335:1:NetEthHdrSize	0	static
net.c:1348:1:NetSetEther	24	static
net.c:1373:5:net_update_ether	16	static
net.c:1396:6:net_set_ip_header	16	static
net.c:1417:6:net_set_udp_header	24	static
net.c:713:5:NetSendUDPPacket	40	static
net.c:1441:6:copy_filename	0	static
net.c:222:12:on_bootfile	8	static
net.c:1467:6:ip_to_string	16	static
net.c:1477:6:VLAN_to_string	0	static
net.c:1490:8:string_to_VLAN	8	static
net.c:1505:8:getenv_VLAN	8	static
net.c:266:13:NetInitLoop	16	static
net.c:302:6:net_init	8	static
net.c:332:5:NetLoop	40	static
