halAESDMA.c:39:6:HAL_AESDMA_SetXIULength	0	static
halAESDMA.c:46:6:HAL_AESDMA_UseHwKey	0	static
halAESDMA.c:53:6:HAL_AESDMA_UseEfuseKey	0	static
halAESDMA.c:59:6:HAL_AESDMA_UseCipherKey	0	static
halAESDMA.c:65:6:HAL_AESDMA_CipherEncrypt	0	static
halAESDMA.c:69:6:HAL_AESDMA_CipherDecrypt	0	static
halAESDMA.c:75:6:HAL_AESDMA_Enable	0	static
halAESDMA.c:81:6:HAL_AESDMA_Disable	0	static
halAESDMA.c:87:6:HAL_AESDMA_FileOutEnable	0	static
halAESDMA.c:100:6:HAL_AESDMA_SetFileinAddr	0	static
halAESDMA.c:109:6:HAL_AESDMA_SetFileoutAddr	0	static
halAESDMA.c:121:6:HAL_AESDMA_SetCipherKey	0	static
halAESDMA.c:131:6:HAL_AESDMA_SetIV	0	static
halAESDMA.c:141:6:HAL_AESDMA_SetChainModeECB	0	static
halAESDMA.c:146:6:HAL_AESDMA_SetChainModeCTR	0	static
halAESDMA.c:151:6:HAL_AESDMA_SetChainModeCBC	0	static
halAESDMA.c:156:6:HAL_AESDMA_Reset	0	static
halAESDMA.c:182:6:HAL_AESDMA_Start	0	static
halAESDMA.c:196:5:HAL_AESDMA_GetStatus	0	static
halAESDMA.c:201:6:HAL_RSA_ClearInt	0	static
halAESDMA.c:207:6:HAL_RSA_Reset	0	static
halAESDMA.c:214:6:HAL_RSA_Ind32Ctrl	0	static
halAESDMA.c:232:6:HAL_RSA_LoadSignInverse	4	static
halAESDMA.c:249:6:HAL_RSA_LoadSignInverse_2byte	0	static
halAESDMA.c:265:6:HAL_RSA_LoadKeyE	0	static
halAESDMA.c:289:6:HAL_RSA_LoadKeyEInverse	4	static
halAESDMA.c:310:6:HAL_RSA_LoadKeyN	4	static
halAESDMA.c:329:6:HAL_RSA_LoadKeyNInverse	4	static
halAESDMA.c:348:6:HAL_RSA_SetKeyLength	0	static
halAESDMA.c:354:6:HAL_RSA_SetKeyType	0	static
halAESDMA.c:378:6:HAL_RSA_ExponetialStart	0	static
halAESDMA.c:384:5:HAL_RSA_GetStatus	0	static
halAESDMA.c:389:6:HAL_RSA_FileOutStart	0	static
halAESDMA.c:395:6:HAL_RSA_FileOutEnd	0	static
halAESDMA.c:399:6:HAL_RSA_SetFileOutAddr	0	static
halAESDMA.c:405:5:HAL_RSA_FileOut	0	static
halAESDMA.c:416:6:HAL_SHA_Reset	0	static
halAESDMA.c:424:6:HAL_SHA_SetAddress	0	static
halAESDMA.c:437:6:HAL_SHA_SetLength	0	static
halAESDMA.c:446:6:HAL_SHA_SelMode	0	static
halAESDMA.c:459:5:HAL_SHA_GetStatus	0	static
halAESDMA.c:464:6:HAL_SHA_Clear	0	static
halAESDMA.c:471:6:HAL_SHA_Start	0	static
halAESDMA.c:477:6:HAL_SHA_Out	0	static
