mstar_i2c.c:75:6:showRegAddr	48	static
mstar_i2c.c:443:16:HalI2cWriteAndRead	0	static
mstar_i2c.c:479:16:HalI2cIsConnectedStandard	0	static
mstar_i2c.c:533:6:HAL_HWI2C_ExtraDelay	8	static
mstar_i2c.c:554:6:HAL_HWI2C_SetIOMapBase	0	static
mstar_i2c.c:736:4:HAL_HWI2C_ReadChipByte	0	static
mstar_i2c.c:748:6:HAL_HWI2C_WriteChipByte	0	static
mstar_i2c.c:769:6:HAL_HWI2C_WriteChipByteMask	16	static
mstar_i2c.c:780:5:HAL_HWI2C_ReadClk2Byte	0	static
mstar_i2c.c:787:6:HAL_HWI2C_WriteClk2Byte	0	static
mstar_i2c.c:60:6:_I2CTurnOn	0	static
mstar_i2c.c:68:6:_I2CTurnOff	0	static
mstar_i2c.c:795:6:HAL_HWI2C_WriteClkByteMask	16	static
mstar_i2c.c:1372:6:HAL_HWI2C_Init_Chip	0	static
mstar_i2c.c:1397:6:HAL_HWI2C_IsMaster	0	static
mstar_i2c.c:1448:6:HAL_HWI2C_SetPortRegOffset	0	static
mstar_i2c.c:303:6:_Hal_HWI2C_GetPortRegOffset	8	static
mstar_i2c.c:1477:6:HAL_HWI2C_GetPortIdxByOffset	0	static
mstar_i2c.c:574:4:HAL_HWI2C_ReadByte	16	static
mstar_i2c.c:597:5:HAL_HWI2C_Read2Byte	16	static
mstar_i2c.c:616:5:HAL_HWI2C_Read4Byte	16	static
mstar_i2c.c:631:6:HAL_HWI2C_WriteByte	16	static
mstar_i2c.c:704:6:HAL_HWI2C_WriteRegBit	16	static
mstar_i2c.c:932:13:HAL_HWI2C_DMA_MiuReset	0	static
mstar_i2c.c:919:13:HAL_HWI2C_DMA_Reset	0	static
mstar_i2c.c:1077:13:HAL_HWI2C_DMA_TxfrDone	0	static
mstar_i2c.c:726:6:HAL_HWI2C_WriteByteMask	16	static
mstar_i2c.c:1114:13:HAL_HWI2C_DMA_SetTxfrCmd.part.4	24	static
mstar_i2c.c:664:6:HAL_HWI2C_Write2Byte	16	static
mstar_i2c.c:687:6:HAL_HWI2C_Write4Byte	16	static
mstar_i2c.c:1206:13:HAL_HWI2C_DMA_SetSlaveAddr	16	static
mstar_i2c.c:1516:6:HAL_HWI2C_GetPortIdxByPort	0	static
mstar_i2c.c:1601:6:HAL_HWI2C_SelectPort	8	static
mstar_i2c.c:1671:6:HAL_HWI2C_SetClk	16	static
mstar_i2c.c:315:6:_Hal_HWI2C_SetClk	24	static
mstar_i2c.c:2654:21:ms_i2c_set_bus_speed	8	static
mstar_i2c.c:1774:6:HAL_HWI2C_ReadRdy	16	static
mstar_i2c.c:1795:6:HAL_HWI2C_SendData	0	static
mstar_i2c.c:1809:4:HAL_HWI2C_RecvData	0	static
mstar_i2c.c:1823:6:HAL_HWI2C_Get_SendAck	8	static
mstar_i2c.c:1271:13:HAL_HWI2C_DMA_WaitDone	32	static
mstar_i2c.c:1836:6:HAL_HWI2C_NoAck	16	static
mstar_i2c.c:1855:6:HAL_HWI2C_Ack	16	static
mstar_i2c.c:1874:4:HAL_HWI2C_GetState	8	static
mstar_i2c.c:1903:6:HAL_HWI2C_Is_Idle	8	static
mstar_i2c.c:1918:6:HAL_HWI2C_Is_INT	8	static
mstar_i2c.c:1931:6:HAL_HWI2C_Clear_INT	0	static
mstar_i2c.c:1733:6:HAL_HWI2C_Start	16	static
mstar_i2c.c:1754:6:HAL_HWI2C_Stop	16	static
mstar_i2c.c:1945:6:HAL_HWI2C_Reset	0	static
mstar_i2c.c:1410:6:HAL_HWI2C_Master_Enable	24	static
mstar_i2c.c:266:6:_Hal_HWI2C_SelectPort	16	static
mstar_i2c.c:1957:6:HAL_HWI2C_Send_Byte	24	static
mstar_i2c.c:2576:12:ms_i2c_probe	24	static
mstar_i2c.c:2023:6:HAL_HWI2C_Recv_Byte	16	static
mstar_i2c.c:2067:6:HAL_HWI2C_DMA_Enable	16	static
mstar_i2c.c:2085:6:HAL_HWI2C_DMA_Init	32	static
mstar_i2c.c:347:6:_Hal_HWI2C_InitPort	64	static
mstar_i2c.c:228:6:Hal_HWI2C_Init	8	static
mstar_i2c.c:145:6:Hal_HW_IIC_Init.part.11	208	static
mstar_i2c.c:145:6:Hal_HW_IIC_Init	0	static
mstar_i2c.c:99:16:HalI2cInitStandard	24	static
mstar_i2c.c:2561:13:ms_i2c_init	8	static
mstar_i2c.c:2135:6:HAL_HWI2C_DMA_WriteBytes	40	static
mstar_i2c.c:2194:6:HAL_HWI2C_DMA_ReadBytes	40	static
mstar_i2c.c:2293:6:HAL_HWI2C_Init_ExtraProc	0	static
mstar_i2c.c:2440:5:HAL_HWI2C_XferWrite	56	static
mstar_i2c.c:419:16:HalI2cSendDataStandard	16	static
mstar_i2c.c:2302:5:HAL_HWI2C_XferRead	48	static
mstar_i2c.c:435:16:HalI2cRead	16	static
mstar_i2c.c:457:16:HalI2cReceiveStandard	16	static
mstar_i2c.c:2627:13:ms_i2c_read	0	static
mstar_i2c.c:2641:13:ms_i2c_write	0	static
