drvhostlib.c:82:8:MsOS_USB_PA2KSEG1	0	static
drvhostlib.c:88:8:MsOS_USB_PA2KSEG0	0	static
drvhostlib.c:94:8:MsOS_USB_VA2PA	0	static
drvhostlib.c:478:15:mwHost20Port	0	static
drvhostlib.c:486:6:mwHost20Port_wr	0	static
drvhostlib.c:495:6:mwHost20Portw	0	static
drvhostlib.c:501:5:mwHost20Bit_Rd	8	static
drvhostlib.c:506:6:mwHost20Bit_Set	16	static
drvhostlib.c:514:7:mwHost20Bit_Clr	16	static
drvhostlib.c:298:6:flib_Host20_Periodic_Setting	16	static
drvhostlib.c:652:13:flib_Host20_Fix_DataLength_ByteAlign	0	static
drvhostlib.c:663:6:flib_Host20_StopRun_Setting	16	static
drvhostlib.c:712:6:flib_Host20_Reset_HC	16	static
drvhostlib.c:740:6:flib_Host20_Asynchronous_Setting	16	static
drvhostlib.c:106:6:flib_Host20_Bulk_Init	40	static
drvhostlib.c:811:10:flib_Host20_PortBusReset	24	static
drvhostlib.c:902:10:flib_Host20_Suspend	8	static
drvhostlib.c:627:10:flib_Host20_Close	16	static
drvhostlib.c:1207:6:Dump_QTD	24	static
drvhostlib.c:1222:6:Dump_Data	32	static
drvhostlib.c:1595:16:flib_Host20_GetStructure	16	static
drvhostlib.c:1651:6:flib_Host20_ReleaseStructure	0	static
drvhostlib.c:1701:6:flib_Host20_QHD_Control_Init	8	static
drvhostlib.c:1728:6:flib_Host20_SetControl1MaxPacket	0	static
drvhostlib.c:1746:6:flib_Host20_Allocate_QHD	8	static
drvhostlib.c:195:7:flib_Host20_Interrupt_Init	48	static
drvhostlib.c:1510:6:flib_Host20_InitStructure	40	static
drvhostlib.c:542:10:flib_Host20_Init	32	static
drvhostlib.c:1779:10:flib_Host20_CheckingForResult_QHD	24	static
drvhostlib.c:1869:10:flib_Host20_Send_qTD_Intr	24	static
drvhostlib.c:403:11:flib_Host20_Issue_Interrupt_NonBlock	32	static
drvhostlib.c:1921:10:flib_Host20_Send_qTD2	40	static
drvhostlib.c:355:11:flib_Host20_Issue_Interrupt	24	static
drvhostlib.c:2141:10:flib_Host20_Send_qTD	40	static
drvhostlib.c:955:10:flib_Host20_Issue_Control	32	static
drvhostlib.c:1310:11:flib_Host20_Issue_Bulk	40	static
drvhostlib.c:1242:10:flib_Host20_Send_Receive_Bulk_Data	24	static
drvhostlib.c:2335:10:flib_Host20_Start_BulkIn	24	static
drvhostlib.c:2416:10:flib_Host20_Get_BulkIn_Data	40	static
drvhostlib.c:2506:6:U3phy_MS28_init	0	static
drvhostlib.c:2537:6:xhci_enable_clock	0	static
drvhostlib.c:2560:11:xhci_port_state_to_neutral	0	static
drvhostlib.c:2566:6:xhci_ssport_set_state	16	static
