ubootglue.c:56:6:InitUSB30GPIO	0	static
ubootglue.c:80:6:USB_Set_WaitTime	0	static
ubootglue.c:85:14:USB_Get_WaitTime	0	static
ubootglue.c:98:14:VA2PA	8	static
ubootglue.c:128:14:PA2VA	0	static
ubootglue.c:184:6:xhci_ppc	24	static
ubootglue.c:251:6:MIU_select_setting_ehc	16	static
ubootglue.c:266:6:TV_usb_init	16	static
ubootglue.c:591:5:Usb_host_Init	16	static
ubootglue.c:618:5:_usb_lowlevel_init	24	static
ubootglue.c:678:12:usb_lowlevel_init	0	static
ubootglue.c:683:12:usb_lowlevel_preinit	0	static
ubootglue.c:688:12:usb_lowlevel_postinit	0	static
ubootglue.c:693:5:usb_lowlevel_stop	24	static
ubootglue.c:723:6:Usb_host_SetEverInited	0	static
ubootglue.c:734:6:SetControl1MaxPacketEx	0	static
ubootglue.c:745:6:USB_Bulk_InitEx	0	static
ubootglue.c:764:6:USB_Interrupt_InitEx	0	static
ubootglue.c:779:5:submit_bulk_msg	24	static
ubootglue.c:812:5:submit_control_msg	24	static
ubootglue.c:847:4:usb_bulk_transfer_in_ex	40	static
ubootglue.c:868:5:submit_int_msg	48	static
ubootglue.c:909:5:usb_bulk_transfer_in	24	static
ubootglue.c:927:5:usb_bulk_transfer_out	8	static
