drv_disp_ctx.c:50:6:__DrvDispCtxBindInputPortWidthVidLayer	24	static
drv_disp_ctx.c:81:6:__DrvDispCtxUnBindInputPortWidthVidLayer	16	static
drv_disp_ctx.c:104:6:_DrvDispCtxInitDeviceContain	16	static
drv_disp_ctx.c:123:6:_DrvDispCtxDeInitDeviceContain	8	static
drv_disp_ctx.c:138:6:_DrvDispCtxInitVidLayerContain	16	static
drv_disp_ctx.c:156:6:_DrvDispCtxDeInitVidLayerContain	8	static
drv_disp_ctx.c:171:6:_DrvDispCtxInitInputPortContain	24	static
drv_disp_ctx.c:191:6:_DrvDispCtxDeInitInputPortContain	24	static
drv_disp_ctx.c:206:6:_DrvDispCtxInitHalContain	16	static
drv_disp_ctx.c:220:6:_DrvDispCtxDeInitHalContain	8	static
drv_disp_ctx.c:229:6:_DrvDispCtxAllocDevContain	32	static
drv_disp_ctx.c:287:6:_DrvDispCtxFreeDevContain	16	static
drv_disp_ctx.c:308:6:_DrvDispCtxAllocVidLayerContain	32	static
drv_disp_ctx.c:361:6:_DrvDispCtxFreeVidLayerContain	16	static
drv_disp_ctx.c:382:6:_DrvDispCtxAllocInputPortContain	32	static
drv_disp_ctx.c:447:6:_DrvDispCtxFreeInputPortContain	16	static
drv_disp_ctx.c:478:6:DrvDispCtxInit	16	static
drv_disp_ctx.c:540:6:DrvDispCtxDeInit	24	static
drv_disp_ctx.c:585:6:DrvDispCtxAllocate	8	static
drv_disp_ctx.c:612:6:DrvDispCtxFree	8	static
drv_disp_ctx.c:639:6:DrvDispCtxIsAllFree	0	static
drv_disp_ctx.c:666:6:DrvDispCtxSetCurCtx	8	static
drv_disp_ctx.c:691:6:DrvDispCtxGetCurCtx	16	static
