mdrv_pwm.c:149:6:HAL_PWM_Write2Byte	0	static
mdrv_pwm.c:155:5:HAL_PWM_Read2Byte	0	static
mdrv_pwm.c:160:6:HAL_ChipTop_Write2Byte	0	static
mdrv_pwm.c:166:5:HAL_ChipTop_Read2Byte	0	static
mdrv_pwm.c:171:6:HAL_PMSLEEP_Write2Byte	0	static
mdrv_pwm.c:177:5:HAL_PMSLEEP_Read2Byte	0	static
mdrv_pwm.c:201:6:DrvPWMSetDuty	32	static
mdrv_pwm.c:236:6:DrvPWMGetDuty	16	static
mdrv_pwm.c:269:6:DrvPWMSetPeriod	16	static
mdrv_pwm.c:289:6:DrvPWMGetPeriod	16	static
mdrv_pwm.c:319:6:DrvPWMSetPolarity	8	static
mdrv_pwm.c:329:6:DrvPWMGetPolarity	8	static
mdrv_pwm.c:348:6:DrvPWMSetDben	8	static
mdrv_pwm.c:363:6:DrvPWMEnable	16	static
mdrv_pwm.c:389:6:DrvPWMEnableGet	0	static
mdrv_pwm.c:397:6:DrvPWMPadSet	24	static
mdrv_pwm.c:439:6:DrvPWMInit	24	static
