bootstage.h:343:19:bootstage_relocate	0	static
board_r.c:91:12:initr_trace	0	static
board_r.c:127:12:initr_reloc_global_data	0	static
board_r.c:708:12:run_main_loop	8	static
board_r.c:609:12:initr_net	8	static
board_r.c:538:12:initr_ethaddr	8	static
board_r.c:530:12:initr_enable_interrupts	8	static
board_r.c:497:12:initr_jumptable	8	static
board_r.c:455:12:initr_env	8	static
board_r.c:416:12:initr_mmc	8	static
board_r.c:375:12:initr_nand	8	static
board_r.c:161:12:initr_serial	8	static
board_r.c:253:12:initr_malloc	8	static
board_r.c:114:12:initr_caches	8	static
board_r.c:100:12:initr_reloc	8	static
board_r.c:698:12:initr_sstar	8	static
board_r.c:299:12:initr_flash	0	static
board_r.c:244:12:initr_barrier	0	static
board_r.c:286:12:power_init_board	0	static
board_r.c:291:12:initr_announce	0	static
board_r.c:63:12:board_flash_wp_on	0	static
board_r.c:73:13:cpu_secondary_init_r	0	static
board_r.c:77:12:initr_secondary_cpu	8	static
board_r.c:122:12:fixup_cpu	0	static
board_r.c:921:6:board_init_r	8	static
