common.h:245:19:print_cpuinfo	0	static
board_f.c:143:12:display_text_info	0	static
board_f.c:264:12:setup_mon_len	0	static
board_f.c:279:12:arch_cpu_init	0	static
board_f.c:433:12:reserve_round_4k	0	static
board_f.c:441:12:reserve_mmu	0	static
board_f.c:496:12:reserve_uboot	0	static
board_f.c:519:12:reserve_malloc	0	static
board_f.c:549:12:reserve_global_data	0	static
board_f.c:558:12:reserve_fdt	0	static
board_f.c:577:12:reserve_stacks	0	static
board_f.c:124:5:init_func_watchdog_reset	8	static
board_f.c:735:12:setup_reloc	8	static
board_f.c:172:12:announce_dram_init	8	static
board_f.c:233:12:init_func_i2c	8	static
board_f.c:110:12:init_func_watchdog_init	8	static
board_f.c:137:12:init_baud_rate	8	static
board_f.c:780:12:mark_bootstage	8	static
board_f.c:725:12:reloc_fdt	8	static
board_f.c:528:12:reserve_board	8	static
board_f.c:798:12:initf_dm	0	static
board_f.c:339:12:setup_fdt	0	static
board_f.c:471:12:reserve_trace	0	static
board_f.c:541:12:setup_machine	0	static
board_f.c:621:12:display_new_sp	0	static
board_f.c:787:12:initf_malloc	0	static
board_f.c:84:13:coloured_LED_init	0	static
board_f.c:85:13:red_led_on	0	static
board_f.c:86:13:red_led_off	0	static
board_f.c:87:13:green_led_on	0	static
board_f.c:88:13:green_led_off	0	static
board_f.c:89:13:yellow_led_on	0	static
board_f.c:90:13:yellow_led_off	0	static
board_f.c:91:13:blue_led_on	0	static
board_f.c:92:13:blue_led_off	0	static
board_f.c:132:13:board_add_ram_info	0	static
board_f.c:197:12:show_dram_config	8	static
board_f.c:224:13:dram_init_banksize	8	static
board_f.c:717:12:setup_dram_config	8	static
board_f.c:362:14:board_get_usable_ram_top	0	static
board_f.c:367:12:setup_dest_addr	8	static
board_f.c:995:6:board_init_f	8	static
