cmd_i2c.c:1853:12:do_i2c	24	static
cmd_i2c.c:1788:12:do_i2c_reset	8	static
cmd_i2c.c:883:12:do_i2c_probe	24	static
cmd_i2c.c:1717:12:do_i2c_bus_speed	8	static
cmd_i2c.c:1610:12:do_i2c_show_bus	24	static
cmd_i2c.c:1671:12:do_i2c_bus_num	8	static
cmd_i2c.c:241:13:get_alen.constprop	0	static
cmd_i2c.c:283:12:do_i2c_read	32	static
cmd_i2c.c:336:12:do_i2c_write	40	static
cmd_i2c.c:958:12:do_i2c_loop	56	static
cmd_i2c.c:564:12:do_i2c_mw	48	static
cmd_i2c.c:445:12:do_i2c_md	72	static
cmd_i2c.c:735:1:mod_i2c_mem.isra.5	48	static
cmd_i2c.c:1774:12:do_i2c_nm	0	static
cmd_i2c.c:1759:12:do_i2c_mm	0	static
cmd_i2c.c:650:12:do_i2c_crc	48	static
cmd_i2c.c:184:6:i2c_init_board	0	static
