cmd_mstar.c:351:14:get_script_next_line	16	static
cmd_mstar.c:2761:13:print_mxp_record	8	static
cmd_mstar.c:3330:5:do_debug	8	static
cmd_mstar.c:425:5:do_mstar	24	static
cmd_mstar.c:652:5:do_sdstar	96	static
cmd_mstar.c:756:5:do_usbstar	96	static
cmd_mstar.c:1065:5:do_estar	32	static
cmd_mstar.c:482:5:do_dstar	48	static
cmd_mstar.c:879:5:do_ustar	48	static
cmd_mstar.c:3411:5:do_setclk	16	static
cmd_mstar.c:1233:5:writeSpinandCIS	104	static
cmd_mstar.c:1334:5:do_readcisblk	8	static
cmd_mstar.c:1353:5:do_readBBM	24	static
cmd_mstar.c:1383:5:do_swapBlock	16	static
cmd_mstar.c:1410:5:do_ECC	16	static
cmd_mstar.c:2774:5:do_mxp	160	static
cmd_mstar.c:2985:5:do_aesdma	64	static
cmd_mstar.c:3357:5:do_uart	24	static
cmd_mstar.c:1575:5:do_fat_fsread	56	static
cmd_mstar.c:2979:6:image_set_encrypt_flag	0	static
cmd_mstar.c:3120:7:memcpy_4byte	0	static
cmd_mstar.c:3134:6:halt	8	static
cmd_mstar.c:3160:5:do_auth	64	static
cmd_mstar.c:3140:6:chip_flush_miu_pipe	0	static
