cmd_nvedit.c:792:12:do_env_delete	24	static
cmd_nvedit.c:698:12:do_env_save	8	static
cmd_nvedit.c:1170:12:do_env	24	static
cmd_nvedit.c:84:12:env_print	56	static
cmd_nvedit.c:115:12:do_env_print	24	static
cmd_nvedit.c:994:12:do_env_import	56	static
cmd_nvedit.c:755:12:do_env_default	8	static
cmd_nvedit.c:212:12:_do_env_set.isra.0	72	static
cmd_nvedit.c:346:12:do_env_set	0	static
cmd_nvedit.c:73:5:get_env_id	0	static
cmd_nvedit.c:286:5:setenv	24	static
cmd_nvedit.c:307:5:setenv_ulong	8	static
cmd_nvedit.c:322:5:setenv_hex	32	static
cmd_nvedit.c:873:12:do_env_export	96	static
cmd_nvedit.c:739:5:envmatch	24	static
cmd_nvedit.c:634:5:getenv_f	32	static
cmd_nvedit.c:610:7:getenv	56	static
cmd_nvedit.c:330:7:getenv_hex	24	static
cmd_nvedit.c:678:7:getenv_ulong	16	static
