image.c:413:12:on_loadaddr	8	static
image.c:165:5:image_check_hcrc	72	static
image.c:180:5:image_check_dcrc	8	static
image.c:202:7:image_multi_count	0	static
image.c:235:6:image_multi_getimg	16	static
image.c:429:7:getenv_bootm_low	8	static
image.c:446:13:getenv_bootm_size	8	static
image.c:468:13:getenv_bootm_mapsize	8	static
image.c:484:6:memmove_wd	24	static
image.c:514:6:genimg_print_size	8	static
image.c:556:7:get_table_entry_name	0	static
image.c:569:13:genimg_get_os_name	0	static
image.c:574:13:genimg_get_arch_name	0	static
image.c:580:13:genimg_get_type_name	0	static
image.c:585:13:genimg_get_comp_name	0	static
image.c:295:6:image_print_contents	40	static
image.c:605:5:get_table_entry_id	16	static
image.c:639:5:genimg_get_os_id	0	static
image.c:644:5:genimg_get_arch_id	0	static
image.c:649:5:genimg_get_type_id	0	static
image.c:654:5:genimg_get_comp_id	0	static
image.c:675:7:genimg_get_kernel_addr_fit	0	static
image.c:709:7:genimg_get_kernel_addr	16	static
image.c:732:5:genimg_get_format	0	static
image.c:763:7:genimg_get_image	0	static
image.c:839:5:genimg_has_config	0	static
image.c:870:5:boot_get_ramdisk	40	static
image.c:1075:5:boot_ramdisk_high	24	static
image.c:1154:5:boot_get_setup	0	static
image.c:1239:5:image_setup_linux	16	static
