usb.c:489:1:usb_set_maxpacket_ep	0	static
usb.c:101:6:wait_ms	8	static
usb.c:314:5:usb_stop	0	static
usb.c:331:5:usb_disable_asynch	0	static
usb.c:349:5:usb_submit_int_msg	16	static
usb.c:377:5:usb_control_msg	152	static
usb.c:435:5:usb_bulk_msg	16	static
usb.c:468:5:usb_maxpacket	0	static
usb.c:529:5:usb_set_maxpacket	32	static
usb.c:546:5:usb_parse_config	32	static
usb.c:692:5:usb_clear_halt	48	static
usb.c:721:5:usb_get_descriptor	32	static
usb.c:735:5:usb_get_configuration_no	32	static
usb.c:772:5:usb_set_address	32	static
usb.c:787:5:usb_set_interface	40	static
usb.c:825:5:usb_set_configuration	32	static
usb.c:845:5:usb_set_protocol	32	static
usb.c:855:5:usb_set_idle	32	static
usb.c:865:5:usb_get_report	32	static
usb.c:877:5:usb_get_class_descriptor	32	static
usb.c:888:5:usb_get_string	32	static
usb.c:925:12:usb_string_sub	32	static
usb.c:965:5:usb_string	600	static
usb.c:1025:20:usb_get_dev_index	0	static
usb.c:1036:20:usb_alloc_new_device	8	static
usb.c:1060:6:usb_free_device	16	static
usb.c:1074:12:usb_alloc_device	0	static
usb.c:1391:5:usb_get_hub_descriptor	32	static
usb.c:1405:5:usb_clear_hub_feature	32	static
usb.c:1412:5:usb_clear_port_feature	32	static
usb.c:1419:5:usb_set_port_feature	32	static
usb.c:1441:13:usb_hub_power_on	16	static
usb.c:1426:5:usb_get_hub_status	32	static
usb.c:1433:5:usb_get_port_status	32	static
usb.c:1456:6:usb_hub_reset	0	static
usb.c:1461:24:usb_hub_allocate	8	static
usb.c:1482:5:hub_port_reset	40	static
usb.c:1631:6:usb_set_u3_chk_conn_time	8	static
usb.c:1885:5:usb_hub_probe	0	static
usb.c:1085:5:usb_new_device	616	static
usb.c:1334:5:usb_scan_devices	16	static
usb.c:115:5:usb_preinit	24	static
usb.c:157:5:_usb_init	24	static
usb.c:238:5:usb_init	0	static
usb.c:244:5:usb_init_exhub_port	16	static
usb.c:260:5:usb_post_init	24	static
usb.c:1536:6:usb_hub_port_connect_change	24	static
usb.c:1637:5:usb_hub_configure	568	static
usb.c:1917:5:board_usb_init	0	static
