mhal_emac.c:1661:6:MHal_EMAC_Ewavetest_100M	8	static
mhal_emac.c:1698:6:MHal_EMAC_Ewavetest_10M_LTP	8	static
mhal_emac.c:1740:6:MHal_EMAC_Ewavetest_10M_ALLONE	8	static
mhal_emac.c:1796:6:MHal_EMAC_Ewavetest_10M_TPIDLE	8	static
mhal_emac.c:191:4:MHal_EMAC_ReadReg8	0	static
mhal_emac.c:201:6:MHal_EMAC_WritReg8	0	static
mhal_emac.c:209:6:MHal_EMAC_WritRam32	0	static
mhal_emac.c:214:5:MHal_EMAC_ReadReg32	8	static
mhal_emac.c:222:6:MHal_EMAC_WritReg32	0	static
mhal_emac.c:230:6:MHal_EMAC_Write_SA1_MAC_Address	0	static
mhal_emac.c:242:6:MHal_EMAC_Write_SA2_MAC_Address	0	static
mhal_emac.c:254:6:MHal_EMAC_Write_SA3_MAC_Address	0	static
mhal_emac.c:266:6:MHal_EMAC_Write_SA4_MAC_Address	0	static
mhal_emac.c:282:6:MHal_EMAC_update_HSH	0	static
mhal_emac.c:294:5:MHal_EMAC_Read_CTL	0	static
mhal_emac.c:305:6:MHal_EMAC_Write_CTL	0	static
mhal_emac.c:315:5:MHal_EMAC_Read_CFG	0	static
mhal_emac.c:326:6:MHal_EMAC_Write_CFG	0	static
mhal_emac.c:336:5:MHal_EMAC_Read_RBQP	0	static
mhal_emac.c:347:6:MHal_EMAC_Write_RBQP	0	static
mhal_emac.c:357:6:MHal_EMAC_Write_TAR	0	static
mhal_emac.c:367:6:MHal_EMAC_Write_TCR	0	static
mhal_emac.c:377:5:MHal_EMAC_Read_RSR	0	static
mhal_emac.c:388:5:MHal_EMAC_Read_TSR	0	static
mhal_emac.c:399:5:MHal_EMAC_Read_ISR	0	static
mhal_emac.c:410:5:MHal_EMAC_Read_IER	0	static
mhal_emac.c:421:6:MHal_EMAC_Write_IER	0	static
mhal_emac.c:431:5:MHal_EMAC_Read_IDR	0	static
mhal_emac.c:442:6:MHal_EMAC_Write_IDR	0	static
mhal_emac.c:452:5:MHal_EMAC_Read_IMR	0	static
mhal_emac.c:463:5:MHal_EMAC_Read_MAN	0	static
mhal_emac.c:475:6:MHal_EMAC_Write_MAN	0	static
mhal_emac.c:488:6:MHal_EMAC_Write_BUFF	0	static
mhal_emac.c:498:5:MHal_EMAC_Read_BUFF	0	static
mhal_emac.c:509:5:MHal_EMAC_Read_RDPTR	0	static
mhal_emac.c:520:6:MHal_EMAC_Write_RDPTR	0	static
mhal_emac.c:530:6:MHal_EMAC_Write_WRPTR	0	static
mhal_emac.c:540:5:MHal_EMAC_Read_FRA	0	static
mhal_emac.c:552:5:MHal_EMAC_Read_SCOL	0	static
mhal_emac.c:564:5:MHal_EMAC_Read_MCOL	0	static
mhal_emac.c:576:5:MHal_EMAC_Read_OK	0	static
mhal_emac.c:588:5:MHal_EMAC_Read_SEQE	0	static
mhal_emac.c:600:5:MHal_EMAC_Read_ALE	0	static
mhal_emac.c:612:5:MHal_EMAC_Read_LCOL	0	static
mhal_emac.c:624:5:MHal_EMAC_Read_ECOL	0	static
mhal_emac.c:636:5:MHal_EMAC_Read_TUE	0	static
mhal_emac.c:648:5:MHal_EMAC_Read_CSE	0	static
mhal_emac.c:660:5:MHal_EMAC_Read_RE	0	static
mhal_emac.c:672:5:MHal_EMAC_Read_ROVR	0	static
mhal_emac.c:684:5:MHal_EMAC_Read_SE	0	static
mhal_emac.c:696:5:MHal_EMAC_Read_ELR	0	static
mhal_emac.c:708:5:MHal_EMAC_Read_RJB	0	static
mhal_emac.c:720:5:MHal_EMAC_Read_USF	0	static
mhal_emac.c:732:5:MHal_EMAC_Read_SQEE	0	static
mhal_emac.c:744:6:MHal_EMAC_Write_JULIAN_0100	0	static
mhal_emac.c:755:5:MHal_EMAC_Read_JULIAN_0104	0	static
mhal_emac.c:764:6:MHal_EMAC_Write_JULIAN_0104	0	static
mhal_emac.c:774:5:MHal_EMAC_Read_JULIAN_0108	0	static
mhal_emac.c:783:6:MHal_EMAC_Write_JULIAN_0108	0	static
mhal_emac.c:799:6:MHal_EMAC_enable_mdi	0	static
mhal_emac.c:809:6:MHal_EMAC_disable_mdi	0	static
mhal_emac.c:827:6:MHal_EMAC_write_phy	8	static
mhal_emac.c:874:6:MHal_EMAC_read_phy	16	static
mhal_emac.c:924:6:MHal_EMAC_update_speed_duplex	0	static
mhal_emac.c:960:6:MHal_EMAC_enable_phyirq	0	static
mhal_emac.c:968:6:MHal_EMAC_disable_phyirq	0	static
mhal_emac.c:976:5:MHal_EMAC_get_SA1H_addr	0	static
mhal_emac.c:982:5:MHal_EMAC_get_SA1L_addr	0	static
mhal_emac.c:988:5:MHal_EMAC_get_SA2H_addr	0	static
mhal_emac.c:994:5:MHal_EMAC_get_SA2L_addr	0	static
mhal_emac.c:1000:6:MHal_EMAC_Write_SA1H	0	static
mhal_emac.c:1007:6:MHal_EMAC_Write_SA1L	0	static
mhal_emac.c:1014:6:MHal_EMAC_Write_SA2H	0	static
mhal_emac.c:1021:6:MHal_EMAC_Write_SA2L	0	static
mhal_emac.c:1028:8:MDev_memset	0	static
mhal_emac.c:1041:5:MHal_EMAC_CheckINTDone	16	static
mhal_emac.c:1055:6:MHal_EMAC_WritCAM_Address	16	static
mhal_emac.c:1063:6:MHal_EMAC_ReadCAM_Address	16	static
mhal_emac.c:1073:5:MHal_EMAC_CableConnection	24	static
mhal_emac.c:1141:6:MHal_EMAC_CheckTSR	8	static
mhal_emac.c:1159:5:MHal_EMAC_NegotiationPHY	16	static
mhal_emac.c:1182:6:MHal_EMAC_timer_callback	0	static
mhal_emac.c:1190:6:MHal_EMAC_Set_Tx_JULIAN_T	8	static
mhal_emac.c:1200:6:MHal_EMAC_Set_TEST	8	static
mhal_emac.c:1212:5:MHal_EMAC_Get_Tx_FIFO_Threshold	8	static
mhal_emac.c:1217:6:MHal_EMAC_Set_Rx_FIFO_Enlarge	8	static
mhal_emac.c:1227:5:MHal_EMAC_Get_Rx_FIFO_Enlarge	8	static
mhal_emac.c:1232:6:MHal_EMAC_Set_Miu_Priority	8	static
mhal_emac.c:1243:5:MHal_EMAC_Get_Miu_Priority	8	static
mhal_emac.c:1248:6:MHal_EMAC_Set_Tx_Hang_Fix_ECO	8	static
mhal_emac.c:1258:6:MHal_EMAC_Set_MIU_Out_Of_Range_Fix	8	static
mhal_emac.c:1268:6:MHal_EMAC_Set_Rx_Tx_Burst16_Mode	8	static
mhal_emac.c:1278:6:MHal_EMAC_Set_Tx_Rx_Req_Priority_Switch	8	static
mhal_emac.c:1288:6:MHal_EMAC_Set_Rx_Byte_Align_Offset	8	static
mhal_emac.c:1301:6:MHal_EMAC_WriteProtect	16	static
mhal_emac.c:1320:6:MHal_EMAC_trim_phy	0	static
mhal_emac.c:1349:6:MHal_EMAC_ClkGen	20	static
mhal_emac.c:1522:6:MHal_EMAC_eWave_Table_Init	0	static
mhal_emac.c:1531:6:MHal_EMAC_Power_On_Clk	8	static
mhal_emac.c:1607:6:MHal_EMAC_Power_Off_Clk	0	static
mhal_emac.c:1613:6:MHal_EMAC1_Write_SA1_MAC_Address	0	static
mhal_emac.c:1626:6:MHal_EMAC_HW_init	40	static
mhal_emac.c:1853:6:MHal_EMAC_PHY_reset	0	static
