mmc.c:792:13:mmc_set_ios	0	static
mmc.c:538:12:mmc_set_capacity	24	static
mmc.c:25:12:board_mmc_getwp	0	static
mmc.c:30:5:mmc_getwp	8	static
mmc.c:46:12:board_mmc_getcd	0	static
mmc.c:51:5:mmc_send_cmd	0	static
mmc.c:268:12:mmc_go_idle	40	static
mmc.c:355:12:mmc_send_op_cond_iter	16	static
mmc.c:440:12:mmc_send_ext_csd	56	static
mmc.c:109:5:mmc_send_status	56	static
mmc.c:159:5:mmc_set_blocklen	40	static
mmc.c:173:13:find_mmc_device	8	static
mmc.c:233:14:mmc_bread	80	static
mmc.c:592:5:mmc_switch_part	8	static
mmc.c:566:5:mmc_select_hwpart	16	static
mmc.c:614:5:mmc_getcd	8	static
mmc.c:798:6:mmc_set_clock	0	static
mmc.c:818:12:mmc_startup	1448	static
mmc.c:1255:18:mmc_register	8	static
mmc.c:1263:13:mmc_create	16	static
mmc.c:1302:6:mmc_destroy	0	static
mmc.c:1320:13:board_mmc_power_init	0	static
mmc.c:1324:5:mmc_start_init	56	static
mmc.c:1402:5:mmc_init	48	static
mmc.c:1309:19:mmc_get_dev	8	static
mmc.c:1421:5:mmc_set_dsr	0	static
mmc.c:1428:12:cpu_mmc_init	0	static
mmc.c:1434:12:board_mmc_init	0	static
mmc.c:1441:6:print_mmc_devices	24	static
mmc.c:1465:5:get_mmc_num	0	static
mmc.c:1470:6:mmc_set_preinit	0	static
mmc.c:1492:5:mmc_initialize	16	static
mmc.c:1662:5:mmc_slc_mode	64	static
mmc.c:1800:5:mmc_ecsd_read	24	static
mmc.c:1823:5:mmc_ecsd_write	24	static
mmc.c:1849:5:mmc_slc_check	24	static
mmc.c:1899:5:mmc_relwr_check	24	static
mmc.c:1943:5:mmc_slc_relwr_check	16	static
mmc.c:1975:5:mmc_get_alignsize	16	static
