23e00000 T __image_copy_start
23e00000 T _start
23e00020 T _undefined_instruction
23e00024 T _software_interrupt
23e00028 T _prefetch_abort
23e0002c T _data_abort
23e00030 T _not_used
23e00034 T _irq
23e00038 T _fiq
23e00040 T IRQ_STACK_START_IN
23e00060 t undefined_instruction
23e000c0 t software_interrupt
23e00120 t prefetch_abort
23e00180 t data_abort
23e001e0 t not_used
23e00240 t irq
23e002a0 t fiq
23e002e8 T reset
23e00320 T c_runtime_cpu_setup
23e00330 W save_boot_params
23e00334 T cpu_init_cp15
23e00380 T reset_cpu
23e003a4 t _loop_forever
23e003ac t v7_maint_dcache_all
23e0047c T invalidate_icache_all
23e00494 W v7_outer_cache_enable
23e00498 W v7_outer_cache_disable
23e0049c W v7_outer_cache_flush_all
23e004a0 T flush_dcache_all
23e004b4 W v7_outer_cache_inval_all
23e004b8 T invalidate_dcache_all
23e004cc T arm_init_before_mmu
23e004f4 W v7_outer_cache_flush_range
23e004f8 T flush_dcache_range
23e00534 T flush_cache
23e0053c W cpu_cache_initialization
23e00540 T cleanup_before_linux
23e00568 T arch_cpu_init
23e0057c T dram_init
23e0058c T checkboard
23e005f8 T ms_devinfo_boot_type
23e00634 T board_late_init
23e0063c T Chip_Flush_Memory
23e00664 T Chip_Read_Memory
23e0068c T timer_init
23e006b4 T __udelay
23e0071c T get_ticks
23e00728 T get_tbclk
23e00730 T get_ms_ticks
23e00764 T get_full_ms_ticks
23e00788 T get_timer
23e007e4 T board_init
23e00818 T _main
23e00838 t clr_gd
23e00870 t here
23e00884 t clbss_l
23e008b8 W relocate_vectors
23e008c4 T relocate_code
23e008d4 t copy_loop
23e008ec t fixloop
23e0090c t fixnext
23e00914 t relocate_done
23e00928 t boot_jump_linux.isra.4
23e009cc T arch_lmb_reserve
23e009f0 W setup_board_tags
23e009f4 t boot_prep_linux
23e00b5c T do_bootm_linux
23e00bc0 T boot_prep_vxworks
23e00bc4 T boot_jump_vxworks
23e00bd0 T interrupt_init
23e00bec T enable_interrupts
23e00bf0 T disable_interrupts
23e00bf8 T bad_mode
23e00c08 T show_regs
23e00d44 T do_undefined_instruction
23e00d64 T do_software_interrupt
23e00d84 T do_prefetch_abort
23e00da4 T do_data_abort
23e00dc4 T do_not_used
23e00de4 T do_fiq
23e00e04 T do_irq
23e00e24 W reset_misc
23e00e28 T do_reset
23e00e58 W enable_caches
23e00e64 t cp_delay
23e00e94 t cache_disable
23e00edc W arm_init_domains
23e00ee0 T set_section_dcache
23e00ef4 W dram_bank_mmu_setup
23e00f34 T icache_enable
23e00f4c T icache_disable
23e00f54 T icache_status
23e00f60 T dcache_enable
23e00fcc T dcache_disable
23e00fd4 T dcache_status
23e00fe0 W show_boot_progress
23e00fe4 T main_loop
23e01004 t dummy
23e01008 T get_version
23e01010 T jumptable_init
23e011b0 T hash_command
23e01260 T bootdelay_process
23e0146c T autoboot_command
23e01710 t print_cpuinfo
23e01718 t display_text_info
23e01720 t setup_mon_len
23e01740 t reserve_round_4k
23e01758 t reserve_mmu
23e01790 t reserve_uboot
23e017c0 t reserve_malloc
23e017d8 t reserve_global_data
23e017f4 t reserve_fdt
23e01840 t reserve_stacks
23e01874 T init_func_watchdog_reset
23e01884 t setup_reloc
23e018b0 t announce_dram_init
23e018c8 t init_func_i2c
23e018f0 t init_func_watchdog_init
23e01910 t init_baud_rate
23e0193c t mark_bootstage
23e01950 t reloc_fdt
23e01988 t reserve_board
23e019c8 t initf_dm
23e019d0 t setup_fdt
23e019d8 t reserve_trace
23e019e0 t setup_machine
23e019e8 t display_new_sp
23e019f0 t initf_malloc
23e019f8 W coloured_LED_init
23e019fc W red_led_on
23e01a00 W board_add_ram_info
23e01a04 t show_dram_config
23e01a28 W dram_init_banksize
23e01a48 t setup_dram_config
23e01a58 W board_get_usable_ram_top
23e01a60 t setup_dest_addr
23e01a9c T board_init_f
23e01ac4 t bootstage_relocate
23e01acc t initr_trace
23e01ad4 t initr_reloc_global_data
23e01afc t run_main_loop
23e01b08 t initr_net
23e01b28 t initr_ethaddr
23e01b48 t initr_enable_interrupts
23e01b58 t initr_jumptable
23e01b68 t initr_env
23e01b98 t initr_mmc
23e01bb8 t initr_nand
23e01c08 t initr_serial
23e01c18 t initr_malloc
23e01c3c t initr_caches
23e01c4c t initr_reloc
23e01c70 t initr_sstar
23e01ca0 t initr_flash
23e01ca8 t initr_barrier
23e01cb0 W power_init_board
23e01cb8 t initr_announce
23e01cc0 W cpu_secondary_init_r
23e01cc4 t initr_secondary_cpu
23e01cd4 T board_init_r
23e01ce8 W do_go_exec
23e01cf8 t do_go
23e01d64 T do_bootm
23e01e64 T bootm_maybe_autostart
23e01edc T bootm_find_ramdisk_fdt
23e01f28 T bootm_decomp_image
23e02108 T bootm_disable_interrupts
23e02158 T image_get_kernel
23e02244 T do_bootm_states
23e02a00 t copy_args
23e02a48 t do_bootm_rtems
23e02a88 t do_bootm_plan9
23e02b2c t do_bootm_standalone
23e02b90 t do_bootm_netbsd
23e02c88 T do_bootvx_fdt
23e02cc4 t do_bootm_vxworks
23e02ce8 W arch_preboot_os
23e02cec T boot_selected_os
23e02d44 T bootm_os_get_boot_func
23e02d54 t do_help
23e02d98 t do_version
23e02dd0 T env_attr_walk
23e02edc T env_attr_lookup
23e03068 t clear_callback
23e03078 t find_env_callback
23e030d4 t on_callbacks
23e0311c t set_callback
23e031b4 T env_callback_init
23e03278 t skip_num
23e032e4 t clear_flags
23e032f4 t on_flags
23e0333c T env_flags_parse_vartype
23e0338c T env_flags_parse_varaccess
23e033dc t set_flags
23e03488 T env_flags_init
23e03560 T env_flags_validate
23e0385c t readenv
23e0392c t erase_and_write_env
23e03a48 T env_init
23e03a64 T saveenv
23e03bd0 T env_relocate_spec
23e03e0c t parse_argv
23e03e70 t do_icache
23e03ef8 t do_dcache
23e03f80 T eeprom_read
23e03ff8 T eeprom_write
23e04070 T eeprom_init
23e0407c t do_eeprom
23e04180 T do_fat_size
23e04198 T do_fat_fsload
23e041b0 t do_fat_ls
23e041c8 t do_fat_fsinfo
23e04254 t do_i2c
23e042bc t do_i2c_reset
23e042e8 t do_i2c_probe
23e04388 t do_i2c_bus_speed
23e043fc t do_i2c_show_bus
23e044d8 t do_i2c_bus_num
23e0458c t get_alen.constprop.7
23e045c8 t do_i2c_read
23e04684 t do_i2c_write
23e0477c t do_i2c_loop
23e04868 t do_i2c_mw
23e04964 t do_i2c_md
23e04b44 t mod_i2c_mem.isra.5
23e04d34 t do_i2c_nm
23e04d3c t do_i2c_mm
23e04d44 t do_i2c_crc
23e04e64 W i2c_init_board
23e04e68 t do_mem_md
23e04f50 t do_mem_base
23e04f90 t do_mem_crc
23e04fd8 t do_mem_mw
23e05098 t do_mem_loop
23e05180 t mod_mem.isra.2.part.3
23e052e4 t do_mem_mm
23e05300 t do_mem_cp
23e053e0 t do_mem_cmp
23e05550 t do_mem_nm
23e0556c t do_mmcops
23e05624 t init_mmc_device
23e05674 t do_mmc_rescan
23e05698 t do_mmc_list
23e056ac t do_mmc_dev
23e057d0 t do_mmcinfo
23e0595c t do_mmc_setdsr
23e05a00 t do_mmc_part
23e05a5c t do_mmc_erase
23e05b44 t do_mmc_write
23e05c50 t do_mmc_read
23e05d40 t part_delall
23e05d80 t memsize_parse
23e05e00 t mtd_part_info
23e05e9c t memsize_format
23e05f20 t index_partitions
23e05fcc t current_save
23e06084 t part_sort_add
23e061ac t device_del
23e06228 t generate_mtdparts_save.constprop.6
23e06514 t device_delall.constprop.8
23e06578 t mtd_devices_init
23e065a4 t get_mtd_info.constprop.9
23e06624 t part_validate
23e06980 T device_find
23e069cc t device_parse
23e06edc T mtd_id_parse
23e06ff8 T find_dev_and_part
23e0719c T mtdparts_init
23e077dc t do_chpart
23e078a8 t do_mtdparts
23e07e4c t set_dev
23e07ebc t arg_off
23e07fcc t arg_off_size
23e08114 t adjust_size_for_badblocks
23e081ec t nand_load_image
23e083a8 t do_nandboot
23e085f8 t nand_print_and_set_info.constprop.2
23e086ac T otp_access
23e0897c T nand_set_driving
23e08a00 T nand_set_dev_driving
23e08a40 T nand_set_quad_mode
23e08a9c t do_nand
23e09a04 t netboot_common
23e09d00 t do_sfbin
23e09eac t do_bootp
23e09eb8 t do_dhcp
23e09ec4 T do_tftpb
23e09f04 t do_ping
23e09f7c t bytes_per_second
23e09fcc t do_spi_flash
23e0a71c T get_sf_size
23e0a770 t ubi_find_volume
23e0a7e0 t ubi_volume_continue_write
23e0a898 T ubi_volume_begin_write
23e0a938 T ubi_volume_write
23e0a940 T ubi_volume_read
23e0ab14 T ubi_part
23e0ad48 t do_ubi
23e0b59c t usb_get_class_desc
23e0b65c t usb_display_class_sub
23e0b7d4 t usb_find_device
23e0b810 t usb_show_tree_graph
23e0ba24 t usb_display_string
23e0ba68 t usb_display_config
23e0bc88 t do_usbboot
23e0bc94 t usb_display_desc
23e0bdcc t do_usb
23e0c730 t usb_set_maxpacket_ep
23e0c784 T wait_ms
23e0c7a0 T usb_stop
23e0c7d0 T usb_disable_asynch
23e0c7f0 T usb_control_msg
23e0c8b8 T usb_bulk_msg
23e0c938 T usb_maxpacket
23e0c950 T usb_set_maxpacket
23e0c9b4 T usb_parse_config
23e0cc08 T usb_clear_halt
23e0cc98 T usb_get_descriptor
23e0ccf0 T usb_get_configuration_no
23e0cdac T usb_set_address
23e0cdec T usb_set_interface
23e0cea0 T usb_set_configuration
23e0cefc T usb_get_string
23e0cf44 t usb_string_sub
23e0d048 T usb_string
23e0d148 T usb_get_dev_index
23e0d16c T usb_alloc_new_device
23e0d1e8 W usb_alloc_device
23e0d1f0 T usb_get_hub_descriptor
23e0d24c T usb_clear_port_feature
23e0d298 T usb_set_port_feature
23e0d2e4 t usb_hub_power_on
23e0d328 T usb_get_hub_status
23e0d370 T usb_get_port_status
23e0d3bc T usb_hub_allocate
23e0d404 T hub_port_reset
23e0d4a0 T usb_hub_probe
23e0d4f4 T usb_new_device
23e0d874 T usb_scan_devices
23e0d908 T _usb_init
23e0d9d4 T usb_init
23e0d9e8 T usb_init_exhub_port
23e0da38 T usb_post_init
23e0dae8 T usb_hub_port_connect_change
23e0dc20 T usb_hub_configure
23e0df44 t usb_stor_irq
23e0df60 t usb_stor_BBB_reset
23e0e038 t usb_stor_CB_reset
23e0e108 t usb_stor_BBB_clear_endpt_stall.isra.2
23e0e148 t usb_stor_BBB_transport
23e0e3ac t usb_stor_CB_comdat
23e0e5bc t usb_stor_CBI_get_status.isra.4
23e0e688 t usb_stor_CB_transport
23e0e880 t usb_request_sense.constprop.10
23e0e8f0 T usb_stor_write
23e0ea84 T usb_stor_read
23e0ec18 T usb_stor_get_dev
23e0ec40 T usb_stor_info
23e0ecb4 T usb_storage_probe
23e0eec4 T usb_stor_get_info
23e0f1ec T usb_stor_scan
23e0f3c4 T BootLogoMemAlloc
23e0f3cc T BootLogoMemRelease
23e0f3d4 T do_bootfb
23e0f3dc T _BootLogoGetTiminId
23e0f5b0 T _BootLogoDispPnlInit
23e0f66c T _BootLogoYuv444ToYuv420
23e0fa28 T _BootDispCtrl
23e0fed4 T _BootDbTable
23e10118 T do_display
23e1091c t do_env_delete
23e109bc t do_env_save
23e109e8 t do_env
23e10a50 t env_print
23e10b14 t do_env_print
23e10bd4 t do_env_import
23e10e54 t do_env_default
23e10ee0 t _do_env_set.isra.0
23e1108c t do_env_set
23e110a8 T get_env_id
23e110b8 T setenv
23e11114 T setenv_ulong
23e11134 T setenv_hex
23e11168 t do_env_export
23e113b4 T envmatch
23e1141c T getenv_f
23e114d4 T getenv
23e11554 T getenv_ulong
23e11584 W env_get_char_spec
23e11590 T env_get_addr
23e115b0 T env_get_char_memory
23e115c0 T env_get_char
23e115f0 T getenv_yesno
23e1162c T getenv_default
23e1165c T set_default_env
23e1171c T set_default_vars
23e11758 T env_import
23e11838 T env_export
23e118d8 T env_relocate
23e11904 T env_complete
23e119e0 t on_silent
23e119e8 t console_setfile
23e11aa0 T putc
23e11ae0 T puts
23e11b20 T printf
23e11b78 T fgetc
23e11b9c T getc
23e11bc0 T ftstc
23e11be4 T tstc
23e11c08 T vprintf
23e11c38 T ctrlc
23e11c98 T confirm_yesno
23e11d68 T disable_ctrlc
23e11d80 T had_ctrlc
23e11d90 T clear_ctrlc
23e11da4 T search_device
23e11dcc T console_assign
23e11e0c t on_console
23e11ec8 T console_init_f
23e11efc T stdio_print_current_devices
23e11fac T console_init_r
23e12088 T sbrk
23e120f4 T mem_malloc_init
23e12128 T malloc_trim
23e121f8 T free
23e12424 T malloc
23e12a28 T calloc
23e12af4 T memalign
23e12c08 t on_loadaddr
23e12c48 T image_check_hcrc
23e12c94 T image_check_dcrc
23e12ccc T image_multi_count
23e12ce8 T image_multi_getimg
23e12d68 T getenv_bootm_low
23e12d98 T getenv_bootm_size
23e12df4 T memmove_wd
23e12e64 T genimg_print_size
23e12e94 T get_table_entry_name
23e12ec0 T genimg_get_os_name
23e12ed8 T genimg_get_arch_name
23e12ef0 T genimg_get_type_name
23e12f08 T genimg_get_comp_name
23e12f20 T image_print_contents
23e1309c T genimg_get_kernel_addr_fit
23e130c0 T genimg_get_format
23e130dc T genimg_get_image
23e130e0 T boot_get_ramdisk
23e13314 T boot_ramdisk_high
23e13444 T boot_get_setup
23e1344c W get_effective_memsize
23e13454 t stdio_serial_tstc
23e13458 t stdio_serial_getc
23e1345c t stdio_serial_puts
23e13464 t stdio_serial_putc
23e1346c T stdio_get_list
23e13478 T stdio_get_by_name
23e134c4 T stdio_clone
23e134fc T stdio_register_dev
23e1354c T stdio_register
23e13554 T stdio_init_tables
23e13570 T stdio_add_devices
23e135ec T cli_simple_parse_line
23e13678 T cli_simple_process_macros
23e13858 T cli_simple_run_command
23e139b8 T cli_simple_loop
23e13a34 T cli_simple_run_command_list
23e13aa4 T run_command
23e13abc T run_command_repeatable
23e13ac0 T run_command_list
23e13b54 T do_run
23e13bc8 T cli_loop
23e13bcc T cli_init
23e13bd0 t delete_char.part.0
23e13ca0 t cread_add_char
23e13d84 T cli_readline_into_buffer
23e14704 T cli_readline
23e14718 T find_cmd_tbl
23e147bc T find_cmd
23e147e4 T cmd_usage
23e14840 T _do_help
23e149c8 T var_complete
23e14a50 T cmd_auto_complete
23e14ee4 T cmd_get_data_size
23e14f4c T cmd_process
23e15008 T common_diskboot
23e15248 t get_script_next_line
23e15334 t print_mxp_record
23e153dc T do_debug
23e15408 T do_mstar
23e155d8 T do_sdstar
23e156c4 T do_usbstar
23e15804 T do_estar
23e15930 T do_dstar
23e15de4 T do_ustar
23e16280 T do_setclk
23e163a8 T writeSpinandCIS
23e165d8 T do_readcisblk
23e16608 T do_readBBM
23e16698 T do_swapBlock
23e1671c T do_ECC
23e1679c T do_mxp
23e16b80 T do_aesdma
23e16e8c T do_uart
23e16fd8 T do_fat_fsread
23e1719c T halt
23e171b0 T do_auth
23e17528 T UPDPrintLineSize
23e1752c T do_io_std_test
23e1757c T do_io_std_burntest
23e175f4 T do_sdmmc_test
23e17adc T do_customer_init
23e17ae4 t _initDebugLevel
23e17b9c T do_set_debugging_message_level
23e17cb4 T do_initDebugLevel
23e17ce4 T do_gpio
23e17f6c T ReadByte
23e17fb8 T Read2Byte
23e17ffc T WriteByte
23e18048 T Write2Byte
23e18090 T WriteRegBit
23e180c0 T WriteRegBitPos
23e18110 T do_riu
23e18494 T do_sensor_cfg
23e18580 t get_dev_hwpart.part.0
23e18618 T get_dev
23e18628 T dev_print
23e1883c T init_part
23e1885c T print_part
23e18950 T get_partition_info
23e1897c T get_device
23e18aa0 T get_device_and_partition
23e18ed8 t test_block_type
23e18f5c t print_partition_extended
23e191cc t get_partition_info_extended.constprop.1
23e195fc T test_part_dos
23e19660 T print_part_dos
23e19694 T get_partition_info_dos
23e196b4 T ms_uart_padmux
23e196cc T ms_serial_tstc
23e196e0 T ms_serial_setbrg
23e19740 T ms_serial_init
23e197a0 T ms_serial_getc
23e197c4 T ms_putc
23e197e0 T ms_serial_putc
23e19804 T ms_serial_initialize
23e19810 W default_serial_console
23e1981c T ms_uart_getc
23e19844 T ms_uart_putc
23e198a0 T ms_uart_init
23e199e0 T Hal_CREG_SET_PORT
23e199f0 T Hal_CREG_GET_PORT
23e19a00 T Hal_CREG_GET_REG_BANK
23e19a50 T Hal_Timer_mDelay
23e19a64 T Hal_Timer_uDelay
23e19a78 t _REG_WaitEvent
23e19b00 t _REG_ResetIP
23e19bd0 t _SDMMC_EndProcess.isra.0
23e1a104 t _REG_ClearMIEEvent.constprop.3
23e1a160 t _REG_ClearSDSTS.constprop.4
23e1a1c0 T _BUF_CIFD_DATA_IO
23e1a230 t _BUF_CIFD_WaitEvent
23e1a38c T Hal_SDMMC_SetSDIODevice
23e1a3a8 T Hal_SDMMC_SetDataWidth
23e1a3c0 T Hal_SDMMC_SetBusTiming
23e1a3f4 T Hal_SDMMC_SetNrcDelay
23e1a4f4 T Hal_SDMMC_SetCmdToken
23e1a578 T Hal_SDMMC_GetRspToken
23e1a608 T Hal_SDMMC_TransCmdSetting
23e1a6f8 T Hal_SDMMC_SendCmdAndWaitProcess
23e1ab00 T Hal_SDMMC_ADMASetting
23e1ab54 T Hal_SDMMC_ErrGroup
23e1abc8 T Hal_SDMMC_ClkCtrl
23e1ac44 T Hal_SDMMC_Reset
23e1ac48 T Hal_CARD_IPOnceSetting
23e1accc T Hal_CARD_IPBeginSetting
23e1acd0 T Hal_CARD_InitPADPin
23e1ad28 T Hal_CARD_SetPADToPortPath
23e1adb8 T Hal_CARD_PullPADPin
23e1b10c T Hal_CARD_SetClock
23e1b310 T Hal_CARD_FindClockSetting
23e1b3b8 T Hal_CARD_SetBusTiming
23e1b3c8 T Hal_CARD_PowerOn
23e1b428 T Hal_CARD_PowerOff
23e1b47c T Hal_CARD_InitGPIO
23e1b49c T Hal_CARD_GetGPIOState
23e1b4c4 T Hal_CARD_TransMIUAddr
23e1b4f0 t mmc_send_cmd
23e1b768 t mmc_set_ios
23e1b858 t mmc_core_init
23e1b964 T board_mmc_init
23e1ba08 t _RetArrToU32
23e1ba2c t _SDMMC_CMDReq
23e1ba74 t _SDMMC_DATAReq
23e1bb00 t _SDMMC_SD_SWITCH_FUNC
23e1bb5c T SDMMC_SwitchPAD
23e1bbb8 T SDMMC_SetPAD
23e1bbe0 T SDMMC_SetPower
23e1bc78 T SDMMC_SetClock
23e1bce8 T SDMMC_SetBusTiming
23e1bd14 T SDMMC_CardDetect
23e1bd2c T SDMMC_SetWideBus
23e1bde0 T SDMMC_SwitchHighBus
23e1c0e0 T SDMMC_Init
23e1c7bc T SDMMC_CIF_BLK_R
23e1c820 T SDMMC_CIF_BLK_W
23e1c884 T SDMMC_DMA_BLK_R
23e1c920 T SDMMC_DMA_BLK_W
23e1c9bc T SDMMC_ADMA_BLK_R
23e1caec T SDMMC_ADMA_BLK_W
23e1cc1c t _PRT_MSG.part.0
23e1cc80 t _PRT_VALUE.part.1
23e1ccec T _PRT_LINE
23e1cd00 T _PRT_ENTER
23e1cd14 T _PRT_MSG
23e1cda0 T _DUMP_MEM_ARR
23e1ce38 T _MEM_COMPARE
23e1ce84 T _SET_MEM_PATTERN
23e1cffc t IPV_SDMMC_DMA_RW.part.3
23e1d138 T IPV_SDMMC_TimerTest
23e1d1b8 T IPV_SDMMC_CardDetect
23e1d20c T IPV_SDMMC_Init
23e1d25c T IPV_SDMMC_SetWideBus
23e1d2ac T IPV_SDMMC_SetHighBus
23e1d2fc T IPV_SDMMC_SetClock
23e1d34c T IPV_SDMMC_SetBusTiming
23e1d394 T IPV_SDMMC_CIFD_RW
23e1d4bc T IPV_SDMMC_DMA_RW
23e1d4c8 T IPV_SDMMC_ADMA_RW
23e1d65c T IPV_SDMMC_TestPattern
23e1d6a4 T IPV_SDMMC_BurnRW
23e1d87c T IPV_SDMMC_SetPAD
23e1d8d8 T IPV_SDMMC_PowerSavingModeVerify
23e1dc7c t _Hal_GetMsTime.constprop.10
23e1dca4 t _HAL_FSP_WaitDone
23e1dd30 T HAL_SERFLASH_SelectReadMode
23e1de08 W msFlash_ActiveFlash_Set_HW_WP
23e1de28 T HAL_SERFLASH_ClkDiv
23e1def0 T HAL_SERFLASH_Config
23e1df08 T HAL_SERFLASH_Init
23e1df84 T HAL_SERFLASH_DetectSize
23e1df9c T HAL_SERFLASH_AddressToBlock
23e1e05c T HAL_SERFLASH_BlockToAddress
23e1e100 T HAL_FSP_ReadBufs
23e1e1f0 T HAL_FSP_WriteBufs
23e1e304 T HAL_FSP_Read
23e1e4a8 T HAL_SERFLASH_Read
23e1e554 T HAL_FSP_WriteStatus
23e1e6fc T HAL_FSP_WriteProtect
23e1e7b8 T HAL_SERFLASH_WriteProtect
23e1e838 T HAL_FSP_ReadID
23e1e9b8 T HAL_SERFLASH_ReadID
23e1ea18 T HAL_FSP_ReadREMS4
23e1ebe0 T HAL_FSP_WriteStatusReg
23e1ed4c T HAL_FSP_Entry
23e1edc8 T HAL_FSP_Exit
23e1ee04 T HAL_FSP_WriteExtAddrReg
23e1ef88 T HAL_SERFLASH_DetectType
23e1f25c T HAL_SERFLASH_WriteExtAddrRegister
23e1f2b4 t _HAL_FSP_BlockErase
23e1f424 T HAL_FSP_BlockErase
23e1f500 T HAL_SERFLASH_BlockErase
23e1f504 T HAL_FSP_SectorErase
23e1f530 T HAL_SERFLASH_SectorErase
23e1f538 t _HAL_PP_BDMAToFSP
23e1f808 T HAL_FSP_Write_BDMA
23e1f978 T HAL_SERFLASH_Write
23e1f9f8 T MDrv_SERFLASH_DetectSize
23e1fa34 T MDrv_SERFLASH_Init
23e1fa94 T MDrv_SERFLASH_AddressToBlock
23e1fae0 T MDrv_SERFLASH_BlockErase
23e1fb3c T MDrv_SERFLASH_AddressErase
23e1fbc8 T MDrv_SERFLASH_Write
23e1fc24 T MDrv_SERFLASH_Read
23e1fc80 T MDrv_SERFLASH_SectorErase
23e1fda8 T MDrv_SERFLASH_WriteProtect
23e1fde8 T MDrv_SERFLASH_WriteExtAddrRegister
23e1fe28 T MS_SERFLASH_CREATE_MUTEX
23e1fe30 T MS_SERFLASH_OBTAIN_MUTEX
23e1fe38 T MS_SERFLASH_RELEASE_MUTEX
23e1fe40 T _spi_flash_read
23e1fee8 T _spi_flash_write
23e1ffa4 T _spi_flash_erase
23e200e0 T spi_flash_probe
23e201a0 T spi_flash_free
23e201a4 T HAL_AESDMA_SetXIULength
23e201c0 T HAL_AESDMA_UseHwKey
23e201e0 T HAL_AESDMA_UseEfuseKey
23e20200 T HAL_AESDMA_UseCipherKey
23e2021c T HAL_AESDMA_CipherEncrypt
23e20238 T HAL_AESDMA_CipherDecrypt
23e20250 T HAL_AESDMA_Enable
23e20268 T HAL_AESDMA_FileOutEnable
23e20290 T HAL_AESDMA_SetFileinAddr
23e202b0 T HAL_AESDMA_SetFileoutAddr
23e202ec T HAL_AESDMA_SetCipherKey
23e20320 T HAL_AESDMA_SetIV
23e20354 T HAL_AESDMA_SetChainModeECB
23e20370 T HAL_AESDMA_SetChainModeCTR
23e20390 T HAL_AESDMA_SetChainModeCBC
23e203b0 T HAL_AESDMA_Reset
23e20444 T HAL_AESDMA_Start
23e20470 T HAL_AESDMA_GetStatus
23e20480 T HAL_RSA_Reset
23e204a8 T HAL_RSA_Ind32Ctrl
23e204e8 T HAL_RSA_LoadSignInverse_2byte
23e20550 T HAL_RSA_LoadKeyE
23e2058c T HAL_RSA_LoadKeyNInverse
23e205f0 T HAL_RSA_SetKeyLength
23e2060c T HAL_RSA_SetKeyType
23e20650 T HAL_RSA_ExponetialStart
23e20668 T HAL_RSA_GetStatus
23e20678 T HAL_RSA_FileOutStart
23e20690 T HAL_RSA_FileOutEnd
23e206ac T HAL_RSA_SetFileOutAddr
23e206c4 T HAL_RSA_FileOut
23e206dc T HAL_SHA_Reset
23e20710 T HAL_SHA_SetAddress
23e2073c T HAL_SHA_SetLength
23e20758 T HAL_SHA_SelMode
23e20780 T HAL_SHA_GetStatus
23e20790 T HAL_SHA_Clear
23e207b8 T HAL_SHA_Start
23e207e0 T HAL_SHA_Out
23e20804 T MDrv_AESDMA_Run
23e208fc T MDrv_SHA_Run
23e20960 T MDrv_RSA_Run
23e20a2c T runAuthenticate
23e20b08 t _HAL_FSP_ChkWaitDone
23e20b3c t _HAL_FSP_GetRData
23e20b88 t _HAL_SPINAND_BDMA_Write.isra.0
23e20bfc t FSP_WRITE_BYTE
23e20c48 T _HAL_FSP_CHECK_SPINAND_DONE
23e20d34 t _HAL_FSP_SendOneCmd3A.constprop.11
23e20e14 T _HAL_FSP_SendOneCmd
23e20eac T HAL_SPINAND_PLANE_HANDLER
23e20f10 T HAL_SPINAND_RFC
23e20fcc T HAL_SPINAND_Read
23e210dc T HAL_SPINAND_ReadID
23e211dc T HAL_SPINAND_SetCKG
23e21528 T HAL_SPINAND_DumpCkg
23e215bc T HAL_SPINAND_CSCONFIG
23e215c0 T HAL_SPINAND_Read_RandomIn
23e21650 T HAL_SPINAND_ReadStatusRegister
23e21704 T HAL_SPINAND_WriteStatusRegister
23e217b0 T HAL_SPINAND_EnableOtp
23e2184c T HAL_SPINAND_LockOtp
23e218e0 T HAL_SPINAND_WriteProtect
23e218f8 T HAL_SPINAND_PROGRAM_BY_BDMA
23e21a80 T HAL_SPINAND_PROGRAM_LOAD_DATA
23e21c28 T HAL_SPINAND_Write
23e21db4 T HAL_SPINAND_BLOCKERASE
23e21ed4 T HAL_SPINAND_WB_BBM
23e21fac T HAL_SPINAND_WB_DumpBBM
23e2206c T HAL_SPINAND_DieSelect
23e22128 T PalSpinand_SetDriving
23e22288 T HAL_SPINAND_Init
23e222dc t _MDrv_SPINAND_GET_INFO
23e22434 T MDrv_SPINAND_Init
23e2256c T MDrv_SPINAND_Read
23e2267c T MDrv_SPINAND_Read_RandomIn
23e22680 T MDrv_SPINAND_ReadStatusRegister
23e2268c T MDrv_SPINAND_WriteStatusRegister
23e2269c T MDrv_SPINAND_Write
23e2270c T MDrv_SPINAND_BLOCK_ERASE
23e2276c T MDrv_SPINAND_EnableOtp
23e22770 T MDrv_SPINAND_LockOtp
23e22774 T MDrv_SPINAND_WB_BBM
23e227a4 T MDrv_SPINAND_WB_DumpBBM
23e227a8 T MDrv_SPINAND_SetDevDriving
23e227e0 t _MDrv_SPINAND_GetMtdPartsFromPNI
23e22c70 T MDrv_SPINAND_WriteCIS_for_ROM
23e22db4 T MDrv_SPINAND_SearchCIS_in_DRAM
23e22f5c T MDrv_SPINAND_GetMtdParts
23e231a8 T MDrv_SPINAND_SearchPartition
23e231f0 T MDrv_SPINAND_GetPartOffset
23e232d8 T MDrv_SPINAND_ReadCISBlk
23e23354 T GD_SPINAND_SetDriving
23e23454 T spi_nand_read_byte
23e2348c T spi_nand_read_word
23e234b8 T spi_nand_write_buf
23e234bc T spi_nand_select_chip
23e234c0 T spi_nand_cmd_ctrl
23e234c4 T spi_nand_dev_ready
23e234cc T spi_nand_waitfunc
23e234dc T spi_nand_ecc_calculate
23e234e4 T spi_nand_ecc_correct
23e234ec T spi_nand_ecc_write_page_raw
23e234f4 T spi_nand_ecc_read_page_raw
23e23550 T spi_nand_ecc_read_page
23e235b8 T spi_nand_cmdfunc
23e23700 T spi_nand_write_page
23e23750 T spi_nand_ecc_write_oob
23e237b0 T spi_nand_ecc_read_subpage
23e2385c T spi_nand_ecc_read_oob
23e238a0 T spi_nand_ecc_write_page
23e238a8 T spi_nand_read_buf
23e238ac T spi_nand_ecc_hwctl
23e238b0 T drvSPINAND_get_DrvContext_address
23e238bc T MDrv_SPINAND_CountBits
23e238e4 T setNandInformation
23e23974 T board_nand_init
23e23c28 T MsOS_USB_PA2KSEG1
23e23c2c T MsOS_USB_VA2PA
23e23c30 T mwHost20Port
23e23c48 T mwHost20Port_wr
23e23c60 T mwHost20Portw
23e23c78 T mwHost20Bit_Set
23e23c98 T mwHost20Bit_Clr
23e23cb8 T flib_Host20_Periodic_Setting
23e23d94 T flib_Host20_Fix_DataLength_ByteAlign
23e23da4 T flib_Host20_StopRun_Setting
23e23e8c T flib_Host20_Reset_HC
23e23edc T flib_Host20_Asynchronous_Setting
23e23fb8 T flib_Host20_Bulk_Init
23e2420c T flib_Host20_PortBusReset
23e2434c T Dump_QTD
23e243c4 T flib_Host20_GetStructure
23e24464 T flib_Host20_ReleaseStructure
23e244c4 T flib_Host20_QHD_Control_Init
23e24578 T flib_Host20_Allocate_QHD
23e24610 T flib_Host20_InitStructure
23e2480c T flib_Host20_Init
23e24998 T flib_Host20_CheckingForResult_QHD
23e24b38 T flib_Host20_Send_qTD_Intr
23e24c28 T flib_Host20_Issue_Interrupt_NonBlock
23e24d68 T flib_Host20_Send_qTD
23e25048 T flib_Host20_Issue_Control
23e251d4 T flib_Host20_Issue_Bulk
23e25350 T flib_Host20_Send_Receive_Bulk_Data
23e253b0 T xhci_enable_clock
23e253b4 T xhci_ssport_set_state
23e25448 T VA2PA
23e2547c T PA2VA
23e254a8 T xhci_ppc
23e25560 T MIU_select_setting_ehc
23e255cc T TV_usb_init
23e259e0 T Usb_host_Init
23e25a48 T _usb_lowlevel_init
23e25bcc T usb_lowlevel_init
23e25bd4 T usb_lowlevel_postinit
23e25bdc T usb_lowlevel_stop
23e25c7c T Usb_host_SetEverInited
23e25ca4 T USB_Bulk_InitEx
23e25cf8 T submit_bulk_msg
23e25d9c T submit_control_msg
23e25e0c T submit_int_msg
23e25eec T USB_Power_On
23e25ef0 T MHal_EMAC_Ewavetest_100M
23e25f68 T MHal_EMAC_Ewavetest_10M_LTP
23e25fe0 T MHal_EMAC_Ewavetest_10M_ALLONE
23e26098 T MHal_EMAC_Ewavetest_10M_TPIDLE
23e26154 T MHal_EMAC_WritRam32
23e2615c T MHal_EMAC_ReadReg32
23e261a0 T MHal_EMAC_WritReg32
23e261c0 T MHal_EMAC_Write_SA1_MAC_Address
23e26200 T MHal_EMAC_Write_SA2_MAC_Address
23e26240 T MHal_EMAC_Write_SA3_MAC_Address
23e26280 T MHal_EMAC_Write_SA4_MAC_Address
23e262c0 T MHal_EMAC_Read_CTL
23e262dc T MHal_EMAC_Write_CTL
23e262f8 T MHal_EMAC_Write_CFG
23e26314 T MHal_EMAC_Write_RBQP
23e26330 T MHal_EMAC_Write_TAR
23e2634c T MHal_EMAC_Write_TCR
23e26368 T MHal_EMAC_Read_TSR
23e26384 T MHal_EMAC_Write_IDR
23e263a0 T MHal_EMAC_Read_MAN
23e263bc T MHal_EMAC_Write_MAN
23e263ec T MHal_EMAC_Write_BUFF
23e26408 T MHal_EMAC_Read_BUFF
23e26424 T MHal_EMAC_Read_RDPTR
23e26440 T MHal_EMAC_Write_RDPTR
23e2645c T MHal_EMAC_Write_WRPTR
23e26478 T MHal_EMAC_Write_JULIAN_0100
23e26494 T MHal_EMAC_Write_JULIAN_0104
23e264b0 T MHal_EMAC_enable_mdi
23e264d0 T MHal_EMAC_write_phy
23e26544 T MHal_EMAC_read_phy
23e265c0 T MHal_EMAC_enable_phyirq
23e265c4 T MHal_EMAC_disable_phyirq
23e265c8 T MHal_EMAC_CableConnection
23e266f8 T MHal_EMAC_CheckTSR
23e2672c T MHal_EMAC_NegotiationPHY
23e26790 T MHal_EMAC_Set_Tx_JULIAN_T
23e267b4 T MHal_EMAC_Set_Rx_FIFO_Enlarge
23e267d8 T MHal_EMAC_Set_Miu_Priority
23e267fc T MHal_EMAC_Set_Tx_Hang_Fix_ECO
23e26820 T MHal_EMAC_Set_MIU_Out_Of_Range_Fix
23e26844 T MHal_EMAC_Set_Rx_Tx_Burst16_Mode
23e26868 T MHal_EMAC_ClkGen
23e26a1c T MHal_EMAC_eWave_Table_Init
23e26a58 T MHal_EMAC_Power_On_Clk
23e26a68 T MHal_EMAC1_Write_SA1_MAC_Address
23e26aa8 T MHal_EMAC_HW_init
23e26b88 T MHal_EMAC_PHY_reset
23e26ba0 T MDrv_EMAC_close
23e26bc0 t MDrv_EMAC_open
23e26cb0 T MDrv_EMAC_PhyAddrScan
23e26d78 T MDrv_EMAC_VarInit
23e26f1c T MDrv_EMAC_DumpMem
23e26fac t MDrv_EMAC_tx
23e27044 t MDrv_EMAC_rx
23e2721c T MDrv_EMAC_PatchPHY
23e27284 T MDrv_EMAC_initialize
23e27570 T MDrv_EMAC_SwReset
23e27584 T board_eth_init
23e275ac T do_emac
23e275cc T do_setMac
23e277bc T MHal_GPIO_Pad_Set
23e2780c T MHal_GPIO_PadGroupMode_Set
23e27810 T MHal_GPIO_Pad_Oen
23e27878 T MHal_GPIO_Pad_Level
23e278ec T MHal_GPIO_Set_High
23e27980 T MHal_GPIO_Set_Low
23e27a14 T MHal_GPIO_Set_Input
23e27a7c T MHal_GPIO_Get_InOut
23e27af4 t _HalPadDisablePadMux
23e27b24 t HalPadSetMode_General
23e27bc4 T HalPadSetVal
23e27f08 T HalPadSetMode
23e27f60 T MDrv_GPIO_Pad_Set
23e27f64 T mdrv_gpio_set_high
23e27f68 T mdrv_gpio_set_low
23e27f6c T mdrv_gpio_set_input
23e27f70 T mdrv_gpio_get_inout
23e27f74 T mdrv_gpio_get_level
23e27f78 t chk_magic_seq
23e27fe4 t fill_init_record
23e28044 T mxp_check_table_magic
23e28094 T mxp_init
23e2818c T mxp_init_table
23e28220 T mxp_get_total_record_count
23e28230 T mxp_save_table
23e28268 T mxp_save_table_from_mem
23e28360 T mxp_get_record_by_index
23e283b8 T mxp_delete_record_by_index
23e28430 T mxp_get_record_index
23e2848c T mxp_set_record
23e28598 T mxp_load_table
23e286bc t nor_flash_mxp_get_storage_info
23e286e8 t nor_flash_mxp_write_bytes
23e28760 t nor_flash_mxp_update_byte
23e28830 t nor_flash_mxp_read_bytes
23e2887c T mxp_init_nor_flash
23e28970 T Select_SR_IOPad
23e28988 T Set_SR_MCLK
23e28a2c T ISP_SrPwdn
23e28a64 T ISP_SrRst
23e28a9c T HAL_HWI2C_ExtraDelay
23e28ae0 T HAL_HWI2C_ReadChipByte
23e28b18 T HAL_HWI2C_WriteChipByte
23e28b60 T HAL_HWI2C_WriteChipByteMask
23e28b90 T HAL_HWI2C_WriteClk2Byte
23e28bc0 T _I2CTurnOn
23e28bcc T HAL_HWI2C_SetPortRegOffset
23e28bf8 T _Hal_HWI2C_GetPortRegOffset
23e28c24 T HAL_HWI2C_GetPortIdxByOffset
23e28c6c T HAL_HWI2C_ReadByte
23e28cb0 T HAL_HWI2C_WriteByte
23e28d10 T HAL_HWI2C_WriteRegBit
23e28d44 t HAL_HWI2C_DMA_MiuReset
23e28d54 t HAL_HWI2C_DMA_Reset
23e28d64 t HAL_HWI2C_DMA_TxfrDone
23e28d74 t HAL_HWI2C_DMA_SetTxfrCmd.part.4
23e28dd4 T HAL_HWI2C_Write2Byte
23e28e14 T HAL_HWI2C_Write4Byte
23e28e3c t HAL_HWI2C_DMA_SetSlaveAddr
23e28e60 T HAL_HWI2C_GetPortIdxByPort
23e28eb4 T HAL_HWI2C_SelectPort
23e29024 T HAL_HWI2C_SetClk
23e290a0 T _Hal_HWI2C_SetClk
23e29124 t ms_i2c_set_bus_speed
23e2919c T HAL_HWI2C_ReadRdy
23e291e8 T HAL_HWI2C_SendData
23e291f0 T HAL_HWI2C_RecvData
23e291f8 T HAL_HWI2C_Get_SendAck
23e29210 t HAL_HWI2C_DMA_WaitDone
23e29300 T HAL_HWI2C_NoAck
23e2932c T HAL_HWI2C_GetState
23e29390 T HAL_HWI2C_Is_Idle
23e293a4 T HAL_HWI2C_Is_INT
23e293b8 T HAL_HWI2C_Clear_INT
23e293c8 T HAL_HWI2C_Start
23e2941c T HAL_HWI2C_Stop
23e29480 T HAL_HWI2C_Reset
23e2948c T HAL_HWI2C_Master_Enable
23e29540 T _Hal_HWI2C_SelectPort
23e29598 T HAL_HWI2C_Send_Byte
23e29670 t ms_i2c_probe
23e29730 T HAL_HWI2C_Recv_Byte
23e297a8 T HAL_HWI2C_DMA_Enable
23e297e4 T HAL_HWI2C_DMA_Init
23e299a4 T _Hal_HWI2C_InitPort
23e29b40 T Hal_HWI2C_Init
23e29b98 t Hal_HW_IIC_Init.part.11
23e29c9c T HalI2cInitStandard
23e29cfc t ms_i2c_init
23e29d24 T HAL_HWI2C_DMA_WriteBytes
23e29e20 T HAL_HWI2C_DMA_ReadBytes
23e29fc0 T HAL_HWI2C_XferWrite
23e2a288 T HAL_HWI2C_XferRead
23e2a504 t ms_i2c_read
23e2a514 t ms_i2c_write
23e2a524 T hw_watchdog_disable
23e2a528 T hw_watchdog_reset
23e2a52c T hw_watchdog_init
23e2a530 T DrvDispOsMemAlloc
23e2a534 T DrvDispOsMemRelease
23e2a538 T DrvDispOsImiHeapAlloc
23e2a540 T DrvDispOsSetClkOn
23e2a548 T __DrvDispCtxBindInputPortWidthVidLayer
23e2a610 T _DrvDispCtxInitDeviceContain
23e2a660 T _DrvDispCtxDeInitDeviceContain
23e2a688 T _DrvDispCtxInitVidLayerContain
23e2a6ec T _DrvDispCtxDeInitVidLayerContain
23e2a730 T _DrvDispCtxInitInputPortContain
23e2a790 T _DrvDispCtxDeInitInputPortContain
23e2a7cc T _DrvDispCtxInitHalContain
23e2a814 T _DrvDispCtxDeInitHalContain
23e2a83c T _DrvDispCtxAllocDevContain
23e2a948 T _DrvDispCtxAllocVidLayerContain
23e2aa68 T _DrvDispCtxAllocInputPortContain
23e2abd0 T DrvDispCtxInit
23e2acd0 T DrvDispCtxAllocate
23e2ad24 T DrvDispCtxSetCurCtx
23e2add0 T DrvDispIrqCreateInternalIsr
23e2add8 T __DrvDispIfTransDevTimingTypeToHal
23e2aef0 T __DrvDispIfTransCompressToHal
23e2af18 T __DrvDispIfTransTileModeToHal
23e2af40 T __DrvDispIfTransPixelFormatToHal
23e2afa8 T __DrvDispIfGetTimingFromTbl
23e2aff8 T _DrvDispIfTransDeviceOutpuTimingInfoToHal
23e2b2dc T _DrvDispIfTransInputPortFrameDataToHal
23e2b4e4 T _DrvDispIfTransInputPortAttrToHal
23e2b55c T _DrvDispIfExecuteQuery
23e2b840 T DrvDispIfSetClk
23e2b8fc T DrvDispIfInitPanelConfig
23e2ba5c T DrvDispIfDeviceCreateInstance
23e2bb9c T DrvDispIfDeviceEnable
23e2bbf4 T DrvDispIfDeviceSetBackGroundColor
23e2bc4c T DrvDispIfDeviceAddOutInterface
23e2bca8 T DrvDispIfDeviceSetOutputTiming
23e2bd1c T DrvDispIfVideoLayerCreateInstance
23e2bdc8 T DrvDispIfInputPortCreateInstance
23e2be78 T DrvDispIfInputPortFlip
23e2becc T DrvDispIfInputPortEnable
23e2bf18 T DrvDispIfInputPortSetAttr
23e2bf6c T DrvDispIfSetDbgLevel
23e2bf84 T MHAL_DISP_InitPanelConfig
23e2bfdc T MHAL_DISP_DeviceCreateInstance
23e2c030 T MHAL_DISP_DeviceEnable
23e2c08c T MHAL_DISP_DeviceSetBackGroundColor
23e2c0e0 T MHAL_DISP_DeviceAddOutInterface
23e2c134 T MHAL_DISP_DeviceSetOutputTiming
23e2c18c T MHAL_DISP_VideoLayerCreateInstance
23e2c1e0 T MHAL_DISP_InputPortCreateInstance
23e2c238 T MHAL_DISP_InputPortFlip
23e2c290 T MHAL_DISP_InputPortEnable
23e2c2ec T MHAL_DISP_InputPortSetAttr
23e2c344 T MHAL_DISP_DbgLevel
23e2c398 T _HalDispIfGetInfoDeviceInit
23e2c3dc T _HalDispIfGetInfoDeviceAttach
23e2c3e4 T _HalDispIfSetDeviceAttach
23e2c3e8 T _HalDispIfGetInfoDevicDisplayInfo
23e2c434 T _HalDispIfGetInfoVidLayerInit
23e2c43c T _HalDispIfGetInfoVidLayerEnable
23e2c444 T _HalDispIfGetInfoDeviceEnable
23e2c49c T _HalDispIfGetInfoDeviceBackGroundColor
23e2c4f4 T _HalDispIfGetInfoDeviceInterface
23e2c5ac T _HalDispIfGetInfoInputPortInit
23e2c5f0 T _HalDispIfGetInfoInputPortEnable
23e2c69c T _HalDispIfGetInfoClkSet
23e2c6dc T _HalDispIfSetDeviceBackGroundColor
23e2c6f0 T _HalDispIfSetDeviceEnable
23e2c6fc T _HalDispIfSetDeviceInit
23e2c7a8 T _HalDispIfGetInfoDeviceOutputTiming
23e2c86c T _HalDispIfGetInfoDeviceLcdParam
23e2c9d4 T _HalDispIfGetInfoDeviceColorTemp
23e2c9fc T _HalDispIfGetInfoInputPortAttr
23e2cad8 T _HalDispIfGetInfoInputPortFlip
23e2cd24 T _HalDispIfGetInfoInputPortCrop
23e2ce40 T _HalDispIfGetInfoDeviceGammaParam
23e2cf7c T _HalDispIfSetDeviceGammaParam
23e2cfd8 T _HalDispIfSetDeviceColorTemp
23e2cfec T _HalDispIfGetInfoDevicTimeZone
23e2d06c T _HalDispIfSetInputPortInit
23e2d334 T _HalDispIfGetInfoInputPortRotate
23e2d560 T _HalDispIfSetInputPortRotate
23e2d9a0 T _HalDispIfSetInputPortCrop
23e2dc40 T _HalDispIfGetInfoClkGet
23e2dcb0 T _HalDispIfSetClkSet
23e2dd40 T _HalDispIfGetInfoVidLayerAttr
23e2dd48 T _HalDispIfSetDeviceOutputTiming
23e2dd4c T _HalDispIfGetInfoInputPortBegin
23e2dd54 T _HalDispIfGetInfoInputPortEnd
23e2dd5c T _HalDispIfGetInfoDeviceDetach
23e2dd64 T _HalDispIfGetInfoDeviceVgaParam
23e2dd6c T _HalDispIfGetInfoDeviceHdmiParam
23e2dd74 T _HalDispIfGetInfoDeviceCvbsParam
23e2dd7c T _HalDispIfGetInfoVidLayerBind
23e2dd84 T _HalDispIfGetInfoVidLayerUnBind
23e2dd8c T _HalDispIfGetInfoVidLayerCompress
23e2dd94 T _HalDispIfGetInfoVidLayerPriority
23e2dd9c T _HalDispIfGetInfoVidLayerBufferFire
23e2dda4 T _HalDispIfGetInfoVidLayerCheckFire
23e2ddac T _HalDispIfGetInfoInputPortShow
23e2ddb4 T _HalDispIfGetInfoInputPortHide
23e2ddbc T _HalDispIfSetInputPortHide
23e2ddc0 T _HalDispIfSetInputPortBegin
23e2ddc4 T _HalDispIfSetVidLayerAttr
23e2ddc8 T _HalDispIfSetVidLayerComporess
23e2ddcc T _HalDispIfSetVidLayerBind
23e2ddd0 T _HalDispIfSetVidLayerUnBind
23e2ddd4 T _HalDispIfSetVidLayerCheckFire
23e2ddd8 T _HalDispIfSetInputPortShow
23e2dddc T _HalDispIfSetVidLayerPriority
23e2dde0 T _HalDispIfSetVidLayerBufferFire
23e2dde4 T _HalDispIfSetInputPortEnd
23e2dde8 T _HalDispIfSetClkGet
23e2ddec T _HalDispIfSetDeviceTimeZone
23e2ddf0 T _HalDispIfSetDeviceDisplayInfo
23e2ddf4 T _HalDispIfSetVidLayerInit
23e2ddf8 T _HalDispIfSetVidLayerEnable
23e2ddfc T _HalDispIfSetDeviceVgaParam
23e2de00 T _HalDispIfSetDeviceCvbsParam
23e2de04 T _HalDispIfSetDeviceHdmiParam
23e2de08 T _HalDispIfSetDeviceDetach
23e2de0c T _HalDispIfSetDeviceInterface
23e2de10 T __HalDispIfGetNonLinearCurve
23e2de60 T __HalDispIfCalculateNonLinear
23e2df14 T __HalDispIfPictureTransNonLinear
23e2e1f4 T __HalDispIfSetCscConfig
23e2e260 T _HalDispIfSetDeviceLcdParam
23e2e2fc T _HalDispIfSetAllMopgLineBufVal
23e2e3e8 T _HalDispIfSetMopgWinIsUsedForLbstart
23e2e460 T _HalDispIfSetInputPortEnable
23e2e4e4 T _HalDispIfSetMopgLineBufOrder
23e2e6d8 T _HalDispIfSetInputPortAttr
23e2e840 T _HalDispIfSetMopRotImiAddrManage
23e2e8e4 T _HalDispIfSetInputPortFlip
23e2ec90 T _HalDispIfGetCallBack
23e2f118 T HalDispIfInit
23e2f5bc T HalDispIfQuery
23e2f60c T HalDispIrqIoCtl
23e2fbb8 T HalDispSetMaceSrc
23e2fbd8 T HalDispSetClkDisp432
23e2fc14 T HalDispSetClkDisp216
23e2fc58 T HalDispSetFrameColor
23e2fc90 T HalDispSetDispWinColor
23e2fcc8 T HalDispSetDispWinColorForce
23e2fcf8 T _HalDispPqPeakingSetPeakEn
23e2fd28 T _HalDispPqPeakingSetLtiEn
23e2fd58 T _HalDispPqPeakingSetLtiMedianFilterOn
23e2fd88 T _HalDispPqPeakingSetCtiEn
23e2fdb8 T _HalDispPqPeakingSetCtiMedianFilterOn
23e2fde8 T _HalDispPqPeakingSetDiffAdapEn
23e2fe18 T _HalDispPqPeakingSetBand1Coef
23e2fe3c T _HalDispPqPeakingSetBand1Step
23e2fe64 T _HalDispPqPeakingSetBand2Coef
23e2fe8c T _HalDispPqPeakingSetBand2Step
23e2feac T _HalDispPqPeakingSetLtiCoef
23e2fed0 T _HalDispPqPeakingSetLtiStep
23e2fef8 T _HalDispPqPeakingSetPeakTerm1Sel
23e2ff20 T _HalDispPqPeakingSetPeakTerm2Sel
23e2ff48 T _HalDispPqPeakingSetPeakTerm3Sel
23e2ff70 T _HalDispPqPeakingSetPeakTerm4Sel
23e2ff90 T _HalDispPqPeakingSetCoringTh1
23e2ffb4 T _HalDispPqPeakingSetCoringTh2
23e2ffdc T _HalDispPqPeakingSetCtiCoef
23e30004 T _HalDispPqPeakingSetCtiStep
23e3002c T _HalDispPqPeakingSetBand1PosLimitTh
23e3004c T _HalDispPqPeakingSetBand1NegLimitTh
23e3006c T _HalDispPqPeakingSetBand2PosLimitTh
23e3008c T _HalDispPqPeakingSetBand2NegLimitTh
23e300ac T _HalDispPqPeakingSetPosLimitTh
23e300cc T _HalDispPqPeakingSetNegLimitTh
23e300ec T _HalDispPqPeakingSetBand2DiffAdapEn
23e30114 T _HalDispPqPeakingSetBand1DiffAdapEn
23e30144 T _HalDispPqSetGammaR
23e30198 T _HalDispPqSetGammaG
23e301ec T _HalDispPqSetGammaB
23e30240 T _HalDispPqSetGammaEn
23e30268 T HalDispPqGetHwCtx
23e30278 T HalDispPqSetHwCtxFlag
23e30290 T HalDispPqSetPeaking
23e303d4 T HalDispPqSetGammaConfig
23e30448 T sine
23e304b8 T cosine
23e30528 T ArrayMultiply
23e3058c T SetVideoSatHueMatrix
23e30630 T SetVideoContrastMatrix
23e306e0 T WriteColorMatrix
23e30770 T SetVideoColorMatrix
23e30834 T SetBrightnessEn
23e30894 T SetBrightness
23e30928 T HalDispColorInitVar
23e30a54 T HalDispColorSetColorCorrectMatrix
23e30b44 T HalDispColorSeletYuvToRgbMatrix
23e30c88 T HalDispColorAdjustBrightness
23e30cf8 T HalDispColorAdjustHCS
23e30d84 T HalDispColorAdjustVideoRGB
23e30e0c T HalMopsShadowInit
23e30fb8 T _HalMopGetSwShadow
23e3101c T _HalMopSetSwShadow
23e31078 T _HalMopGetShadowReg
23e310d0 T _HalMopSwShadowHandler
23e31120 T _HalDispMopgGwinRegBkMap
23e31170 T _HalDispMopgGwinRegShiftMap
23e311b0 T _HalDispMopgGwinRegSwShadowMap
23e311f0 T HalDispMopgSwReset
23e31218 T HalDispMopgSetAutoStretchWinSizeEn
23e31248 T HalDispMopgSetPipeDelay
23e3126c T HalDispMopsSwReset
23e31294 T HalDispMopsSetAutoStretchWinSizeEn
23e312c4 T HalDispMopsSetPipeDelay
23e312e8 T HalDispMopSetClk
23e3134c T HalDispMopGetClk
23e313a4 T HalDispMopDbBfWr
23e313cc T HalDispMopgInit
23e31484 T HalDispMopgGwinEn
23e314e4 T HalDispMopgSetYAddr
23e3156c T HalDispMopgSetAddr16Offset
23e315a8 T HalDispMopgSetCAddr
23e31630 T HalDispMopgSetGwinParam
23e31744 T HalDispMopgSetPitch
23e317a4 T HalDispMopgSetSourceParam
23e31848 T HalDispMopgSetHScaleFac
23e318ac T HalDispMopgSetVScaleFac
23e31910 T HalDispMopgSetLineBufStr
23e3195c T HalDispMopsInit
23e31a14 T HalDispMopsGwinEn
23e31a34 T HalDispMopsSetYAddr
23e31a5c T HalDispMopsSetAddr16Offset
23e31a84 T HalDispMopsSetCAddr
23e31aac T HalDispMopsSetGwinParam
23e31b28 T HalDispMopsSetPitch
23e31b44 T HalDispMopsSetSourceParam
23e31b90 T HalDispMopsSetHScaleFac
23e31bb0 T HalDispMopsSetVScaleFac
23e31bd0 T HalDispMopRotDbBfWr
23e31c00 T HalDispMopRot0DbfEn
23e31c20 T HalDispMopRot1DbfEn
23e31c50 T HalDispMopRot0En
23e31cac T HalDispMopRot1En
23e31d08 T HalDispMopRot0SourceWidth
23e31d48 T HalDispMopRot0SourceHeight
23e31d88 T HalDispMopRot1SourceWidth
23e31dcc T HalDispMopRot1SourceHeight
23e31e10 T HalDispMopRot0SetReadYAddr
23e31e3c T HalDispMopRot0SetReadCAddr
23e31e68 T HalDispMopRot1SetReadYAddr
23e31e94 T HalDispMopRot1SetReadCAddr
23e31ec0 T HalDispMopRot0SetWriteYAddr
23e31eec T HalDispMopRot0SetWriteCAddr
23e31f18 T HalDispMopRot1SetWriteYAddr
23e31f44 T HalDispMopRot1SetWriteCAddr
23e31f70 T HalDispMopRot0SetRotateMode
23e31fc4 T HalDispMopRot1SetRotateMode
23e32018 T HalDispMopRot0SetPixDummy
23e32058 T HalDispMopRot1SetPixDummy
23e3209c T HalDispMopRotInit
23e321a8 T DrvPnlOsMemAlloc
23e321ac T DrvPnlOsMemRelease
23e321b0 T DrvPnlOsMsSleep
23e321b4 T DrvPnlOsUsSleep
23e321b8 T DrvPnlOsPadMuxActive
23e321c0 T DrvPnlOsSetClkOn
23e321c8 T DrvPnlCtxInit
23e32268 T DrvPnlCtxAllocate
23e32320 T _DrvPnlIfTransMipiDsiConfigToHal
23e324cc T _DrvPnlIfTransParamToHal
23e32888 T _DrvPnlIfExecuteQuery
23e329fc T DrvPnlIfSetClkConfig
23e32ab8 T DrvPnlIfCreateInstance
23e32bd4 T DrvPnlIfSetParamConfig
23e32c3c T DrvPnlIfSetMipiDsiConfig
23e32ca4 T DrvPnlIfSetDbgLevel
23e32cbc T MhalPnlCreateInstance
23e32cc4 T MhalPnlSetParamConfig
23e32cf8 T MhalPnlSetMipiDsiConfig
23e32d2c T MhalPnlSetDebugLevel
23e32d60 T _HalPnlIfGetInfoInitConfig
23e32d68 T _HalPnlIfGetInfoPowerConfig
23e32d70 T _HalPnlIfGetInfoClkSetConfig
23e32db0 T _HalPnlIfGetInfoParamConfig
23e33064 T _HalPnlIfGetInfoSscConfig
23e33080 T _HalPnlIfGetInfoTimingConfig
23e330a4 T _HalPnlIfGetInfoTestPatConfig
23e330c0 T _HalPnlIfGetInfoMipiDsiParamConfig
23e33264 T _HalPnlIfSetClkSetConfig
23e3332c T _HalPnlIfGetInfoClkGetConfig
23e3344c T _HalPnlIfSetInitConfig
23e3346c T _HalPnlIfGetInfoBackLightLevelConfig
23e33474 T _HalPnlIfSetPowerConfig
23e33478 T _HalPnlIfGetInfoCurrentConfig
23e33480 T _HalPnlIfGetInfoBackLightOnOffConfig
23e33488 T _HalPnlIfSetBackLightOnOffConfig
23e3348c T _HalPnlIfSetBackLightLevelConfig
23e33490 T _HalPnlIfSetCurrentConfig
23e33494 T _HalPnlIfSetClkGetConfig
23e33498 T __HalPnlIfSetSscConfig
23e33500 T _HalPnlIfSetSscConfig
23e33508 T __HalPnlIfSetPolarityConfig
23e336b4 T __HalPnlIfSetLpllConfig
23e33a00 T __HalPnlIfSetTimeGenConfig
23e33d7c T _HalPnlIfSetParamConfig
23e33df8 T _HalPnlIfSetTimingConfig
23e33dfc T __HalPnlIfSetTestPatConfig
23e33e6c T _HalPnlIfSetTestPatConfig
23e33e70 T __HalPnlIfSetMipiDsiPacket
23e33f00 T _HalPnlIfSetMipiDsiParamConfig
23e34130 T _HalPnlIfGetCallBack
23e341d4 T HalPnlIfInit
23e34384 T HalPnlIfQuery
23e343b8 T _HalPnlGetMipiUi
23e34470 T HalPnlGetLpllIdx
23e34600 T HalPnlGetLpllGain
23e34630 T HalPnlGetLpllDiv
23e34660 T HalPnlSetTTLPadMux
23e346c0 T HalPnlSetTtlPadCotnrol
23e34718 T HalPnlSetMipiDisPadMux
23e3474c T HalPnlDumpLpllSetting
23e34794 T HalPnlSetLpllSet
23e347b0 T HalPnlSetVSyncSt
23e347d0 T HalPnlSetVSyncEnd
23e347f0 T HalPnlSetVfdeSt
23e34810 T HalPnlSetVfdeEnd
23e34830 T HalPnlSetVdeSt
23e34850 T HalPnlSetVdeEnd
23e34870 T HalPnlSetVtt
23e34890 T HalPnlSetHSyncSt
23e348b0 T HalPnlSetHSyncEnd
23e348d0 T HalPnlSetHfdeSt
23e348f0 T HalPnlSetHfdeEnd
23e34910 T HalPnlSetHdeSt
23e34930 T HalPnlSetHdeEnd
23e34950 T HalPnlSetHtt
23e34970 T HalPnlSetClkHdmi
23e349a4 T HalPnlGetClkHdmi
23e349e0 T HalPnlSetClkDac
23e34a14 T HalPnlGetClkDac
23e34a50 T HalPnlSetClkMipiDsiAbp
23e34a84 T HalPnlGetClkMipiDsiAbp
23e34ac0 T HalPnlSetClkScPixel
23e34be4 T HalPnlGetClkScPixel
23e34cb8 T HalPnlSetClkMipiDsi
23e34d4c T HalPnlGetClkMipiDsi
23e34dd4 T HalPnlSetLpllSkew
23e34df4 T HalPnlSetFrameColorEn
23e34e24 T HalPnlSetFrameColor
23e34e5c T HalPnlSetClkInv
23e34e60 T HalPnlSetVsyncInv
23e34e64 T HalPnlSetHsyncInv
23e34e68 T HalPnlSetDeInv
23e34e6c T HalPnlSetVsynRefMd
23e34e70 T HalPnlSetTgenExtHsEn
23e34ea0 T HalPnlSetSwReste
23e34ebc T HalPnlSetFifoRest
23e34ee4 T HalPnlSetDispToDsiMd
23e34f0c T HalPnlSetDitherEn
23e34f2c T HalPnlSetRgbMode
23e34f64 T HalPnlSetRgbSwap
23e34ff0 T HalPnlSetRgbMlSwap
23e35020 T HalPnlSetSscEn
23e35050 T HalPnlSetSscSpan
23e35070 T HalPnlSetSscStep
23e35090 T HalPnlGetRevision
23e350ac T HalPnlGetTtlMipiDsiSupported
23e35114 T HalPnlInitMipiDsiDphy
23e351c0 T HalPnlSetMipiDsiPadOutSel
23e351c4 T HalPnlResetMipiDsi
23e351e0 T HalPnlEnableMipiDsiClk
23e35204 T HalPnlSetMipiDsiLaneNum
23e35288 T HalPnlSetMipiDsiCtrlMode
23e35374 T HalPnlGetMipiDsiClkHsMode
23e35388 T HalPnlSetMpiDsiClkHsMode
23e353d4 T HalPnlSetMipiDsiShortPacket
23e35538 T HalPnlSetMipiDsiLongPacket
23e35788 T HalPnlSetMipiDsiPhyTimConfig
23e35d10 T HalPnlSetMipiDsiVideoTimingConfig
23e36230 T HalPnlSetMipiDsiChSel
23e36370 T HalPnlSetMipiDsiChPolarity
23e3644c T jpeg_CreateDecompress
23e36540 T jpeg_destroy_decompress
23e36544 T jpeg_consume_input
23e3680c T jpeg_read_header
23e3688c T jpeg_finish_decompress
23e36968 t output_pass_setup
23e36a54 T jpeg_start_decompress
23e36b5c T jpeg_read_scanlines
23e36c1c T jpeg_abort
23e36c60 T jpeg_destroy
23e36c8c T jpeg_alloc_quant_table
23e36cb0 T jpeg_alloc_huff_table
23e36cd4 t prepare_for_output_pass
23e36ea4 t finish_output_pass
23e36ed4 t use_merged_upsample
23e36fcc T jpeg_calc_output_dimensions
23e371d4 T jinit_master_decompress
23e37528 t finish_input_pass
23e37550 t reset_input_controller
23e375a0 t start_input_pass
23e377f8 t start_input_pass
23e37804 t consume_markers
23e37d00 T jpeg_core_output_dimensions
23e37fd0 T jinit_input_controller
23e38038 t process_data_simple_main
23e380b0 t process_data_context_main
23e383dc t process_data_crank_post
23e38404 t start_pass_main
23e38594 T jinit_d_main_controller
23e38738 t start_iMCU_row
23e3877c t dummy_consume_data
23e38784 t consume_data
23e38978 t decompress_data
23e38b14 t start_output_pass
23e38c5c t decompress_onepass
23e38ec0 t decompress_smooth_data
23e39584 T jinit_d_coef_controller
23e396d8 t start_pass_dpost
23e397cc t post_process_1pass
23e3985c t post_process_prepass
23e3994c t post_process_2pass
23e39a20 T jinit_d_post_controller
23e39ae0 t get_sof
23e39ef4 t examine_app0
23e3a11c t skip_variable
23e3a1e8 t next_marker
23e3a2d4 t reset_marker_reader
23e3a2fc t get_dht
23e3a630 t read_markers
23e3b850 t examine_app14
23e3b924 t get_interesting_appn
23e3ba84 t read_restart_marker
23e3bb24 T jpeg_resync_to_restart
23e3bc24 T jinit_marker_reader
23e3bcb0 t jpeg_fill_bit_buffer
23e3bddc t jpeg_huff_decode
23e3bed0 t finish_pass_huff
23e3bf00 t process_restart
23e3bf6c t process_restart
23e3c064 t decode_mcu_DC_first
23e3c28c t decode_mcu_DC_first
23e3c478 t decode_mcu_AC_first
23e3c6bc t decode_mcu_AC_first
23e3c898 t decode_mcu_DC_refine
23e3c990 t decode_mcu_DC_refine
23e3ca18 t decode_mcu_AC_refine
23e3ce38 t decode_mcu_AC_refine
23e3cff4 t decode_mcu_sub
23e3d48c t decode_mcu
23e3d914 t decode_mcu
23e3dc54 t jpeg_make_d_derived_tbl
23e3df70 t start_pass_huff_decoder
23e3e4a4 T jinit_huff_decoder
23e3e57c t get_byte
23e3e5dc t arith_decode
23e3e724 t finish_pass
23e3e728 t start_pass
23e3ea9c t start_pass
23e3efcc T jinit_arith_decoder
23e3f088 T jinit_inverse_dct
23e3f108 T jpeg_idct_islow
23e3f550 T jpeg_idct_7x7
23e3f8a0 T jpeg_idct_6x6
23e3fac8 T jpeg_idct_5x5
23e3fcb8 T jpeg_idct_4x4
23e3fe38 T jpeg_idct_3x3
23e3ff68 T jpeg_idct_2x2
23e40014 T jpeg_idct_1x1
23e40048 T jpeg_idct_9x9
23e40428 T jpeg_idct_10x10
23e40860 T jpeg_idct_11x11
23e40de4 T jpeg_idct_12x12
23e412f0 T jpeg_idct_13x13
23e41984 T jpeg_idct_14x14
23e41f78 T jpeg_idct_15x15
23e425ec T jpeg_idct_16x16
23e42d40 T jpeg_idct_16x8
23e4331c T jpeg_idct_14x7
23e437e0 T jpeg_idct_12x6
23e43b90 T jpeg_idct_10x5
23e43ea0 T jpeg_idct_8x4
23e44134 T jpeg_idct_6x3
23e442d4 T jpeg_idct_4x2
23e443ec T jpeg_idct_2x1
23e44448 T jpeg_idct_8x16
23e449e8 T jpeg_idct_7x14
23e44e94 T jpeg_idct_6x12
23e45238 T jpeg_idct_5x10
23e45548 T jpeg_idct_4x8
23e45834 T jpeg_idct_3x6
23e459e0 T jpeg_idct_2x4
23e45af8 T jpeg_idct_1x2
23e45b54 T jpeg_idct_ifast
23e45ed4 T jpeg_idct_float
23e46514 t start_pass_upsample
23e4652c t sep_upsample
23e46640 t fullsize_upsample
23e46648 t noop_upsample
23e46654 t h2v1_upsample
23e46698 t int_upsample
23e46744 t h2v2_upsample
23e467c0 T jinit_upsampler
23e469a8 t build_ycc_rgb_table
23e46aa8 t ycc_rgb_convert
23e46b90 t rgb_gray_convert
23e46c14 t rgb1_rgb_convert
23e46c8c t rgb1_gray_convert
23e46d2c t rgb_convert
23e46d94 t null_convert
23e46df8 t gray_rgb_convert
23e46e44 t ycck_cmyk_convert
23e46f50 t start_pass_dcolor
23e46f54 t grayscale_convert
23e46f88 T jinit_color_deconverter
23e473ac t start_pass_merged_upsample
23e473c4 t merged_1v_upsample
23e47408 t h2v1_merged_upsample
23e47584 t h2v2_merged_upsample
23e4779c t merged_2v_upsample
23e47874 T jinit_merged_upsampler
23e47b04 t color_quantize
23e47b90 t color_quantize3
23e47bf4 t quantize3_ord_dither
23e47d00 t alloc_fs_workspace
23e47d50 t finish_pass_1_quant
23e47d54 t new_color_map_1_quant
23e47d68 t quantize_fs_dither
23e47f60 t quantize_ord_dither
23e4806c t create_colorindex
23e481b0 t start_pass_1_quant
23e483d0 T jinit_1pass_quantizer
23e486f8 t prescan_quantize
23e48774 t init_error_limit
23e48810 t finish_pass2
23e48814 t new_color_map_2_quant
23e48824 t start_pass_2_quant
23e48990 t update_box.isra.0
23e48d0c t fill_inverse_cmap
23e49108 t pass2_no_dither
23e491cc t pass2_fs_dither
23e49510 t finish_pass1
23e498b8 T jinit_2pass_quantizer
23e49a3c t init_mem_source
23e49a40 t fill_mem_input_buffer
23e49a80 t skip_input_data
23e49acc t term_source
23e49ad0 T jpeg_mem_src
23e49b6c t emit_message
23e49bcc t reset_error_mgr
23e49be0 t format_message
23e49ccc t output_message
23e49cfc t error_exit
23e49d1c T jpeg_std_error
23e49d8c t out_of_memory
23e49da4 t do_barray_io
23e49e60 t alloc_small
23e49fb4 t request_virt_barray
23e4a02c t request_virt_sarray
23e4a0a4 t free_pool
23e4a1dc t self_destruct
23e4a21c t access_virt_barray
23e4a3dc t alloc_large
23e4a488 t alloc_barray
23e4a548 t alloc_sarray
23e4a608 t realize_virt_arrays
23e4a810 t access_virt_sarray
23e4aafc T jinit_memory_mgr
23e4ac0c T jdiv_round_up
23e4ac20 T jround_up
23e4ac3c T jcopy_sample_rows
23e4ac6c T jcopy_block_row
23e4ac80 T jpeg_get_small
23e4ac88 T jpeg_free_small
23e4ac90 T jpeg_get_large
23e4ac98 T jpeg_free_large
23e4aca0 T jpeg_mem_available
23e4aca8 T jpeg_open_backing_store
23e4acbc T jpeg_mem_init
23e4acc4 T jpeg_mem_term
23e4acc8 T i2c_get_adapter
23e4ad28 t i2c_init_bus
23e4adb8 T i2c_get_bus_num
23e4adc0 T i2c_set_bus_num
23e4ae78 T i2c_init_all
23e4ae8c T i2c_probe
23e4aeb8 T i2c_read
23e4af04 T i2c_write
23e4af50 T i2c_set_bus_speed
23e4afb4 T i2c_get_bus_speed
23e4afc8 W i2c_init
23e4afdc t mmc_set_ios
23e4aff4 t mmc_set_capacity
23e4b0b8 W board_mmc_getwp
23e4b0c0 T mmc_getwp
23e4b0fc W board_mmc_getcd
23e4b104 T mmc_send_cmd
23e4b114 t mmc_go_idle
23e4b160 t mmc_send_op_cond_iter
23e4b1e0 t mmc_send_ext_csd
23e4b22c T mmc_send_status
23e4b304 T mmc_set_blocklen
23e4b344 T find_mmc_device
23e4b394 t mmc_bread
23e4b4d4 T mmc_switch_part
23e4b4fc T mmc_select_hwpart
23e4b568 T mmc_getcd
23e4b5a4 T mmc_set_clock
23e4b5c8 t mmc_startup
23e4c0d0 T mmc_create
23e4c1c8 W board_mmc_power_init
23e4c1cc T mmc_start_init
23e4c44c T mmc_init
23e4c54c T mmc_get_dev
23e4c578 T mmc_set_dsr
23e4c584 W cpu_mmc_init
23e4c58c T print_mmc_devices
23e4c610 T get_mmc_num
23e4c620 T mmc_initialize
23e4c694 T mmc_berase
23e4c810 T mmc_bwrite
23e4c960 T idr_get_next
23e4c9a4 T __mtd_next_device
23e4c9c4 T del_mtd_device
23e4ca28 T __get_mtd_device
23e4ca60 T get_mtd_device
23e4cafc T get_mtd_device_nm
23e4cb58 T __put_mtd_device
23e4cba4 T put_mtd_device
23e4cba8 T mtd_erase
23e4cc30 T mtd_read
23e4cce0 T mtd_write
23e4cd78 T mtd_read_oob
23e4cdd8 T mtd_unlock
23e4ce54 T add_mtd_device
23e4d020 T mtd_block_isbad
23e4d06c T mtd_block_markbad
23e4d0d0 t part_read
23e4d158 t part_get_unmapped_area
23e4d17c t part_read_user_prot_reg
23e4d188 t part_get_user_prot_info
23e4d1a0 t part_read_fact_prot_reg
23e4d1ac t part_get_fact_prot_info
23e4d1c4 t part_write
23e4d1ec t part_panic_write
23e4d214 t part_write_oob
23e4d288 t part_write_user_prot_reg
23e4d294 t part_lock_user_prot_reg
23e4d2a0 t part_lock
23e4d2c8 t part_unlock
23e4d2f0 t part_is_locked
23e4d318 t part_sync
23e4d324 t part_block_isbad
23e4d34c t part_block_markbad
23e4d384 t part_read_oob
23e4d518 t part_erase
23e4d5a4 T kstrdup
23e4d5e8 T mtd_erase_callback
23e4d678 T del_mtd_partitions
23e4d708 T add_mtd_partitions
23e4de40 T mtd_is_partition
23e4de7c T mtd_get_device_size
23e4dea4 T nand_register
23e4df34 T nand_init
23e4dfc8 t verify_bbt_descr
23e4e180 t create_bbt
23e4e39c t scan_read
23e4e498 t read_bbt
23e4e698 t read_abs_bbt
23e4e77c t write_bbt
23e4ed54 t nand_update_bbt
23e4ee84 t mark_bbt_region
23e4f054 t search_bbt
23e4f248 T nand_scan_bbt
23e4f744 T nand_default_bbt
23e4f808 T nand_isbad_bbt
23e4f85c T nand_markbad_bbt
23e4f8b4 t check_skip_len
23e4f95c T nand_erase_opts
23e4fcf0 T nand_write_skip_bad
23e4ff44 T nand_read_skip_bad
23e50198 T nand_calculate_ecc
23e502c0 T nand_correct_data
23e503e0 t nand_release_device
23e503f0 T nand_read_byte
23e50404 t nand_read_byte16
23e5041c t nand_read_word
23e50430 t nand_write_byte
23e50454 t nand_write_byte16
23e50478 T nand_write_buf
23e5049c T nand_read_buf
23e504c4 T nand_write_buf16
23e504f0 T nand_read_buf16
23e50520 t nand_block_bad
23e506dc t nand_check_wp
23e5072c t nand_read_page_raw_syndrome
23e50800 t nand_read_page_swecc
23e50938 t nand_read_subpage
23e50bbc t nand_read_page_hwecc
23e50d14 t nand_read_page_hwecc_oob_first
23e50e64 t nand_read_page_syndrome
23e50fa8 t nand_setup_read_retry
23e50fd8 t nand_read_oob_std
23e51014 t nand_read_oob_syndrome
23e51118 t nand_write_oob_std
23e51188 t nand_write_oob_syndrome
23e51314 t nand_write_page_raw_syndrome
23e513e8 t nand_write_page_swecc
23e514a0 t nand_write_page_hwecc
23e51568 t nand_write_page_syndrome
23e5165c t nand_write_page
23e51798 t single_erase_cmd
23e517d8 t nand_sync
23e517e8 t nand_onfi_set_features
23e51844 t nand_set_defaults
23e519d0 t nand_block_checkbad
23e51a50 t nand_block_isbad
23e51a6c t nand_onfi_get_features
23e51acc t nand_write_subpage_hwecc
23e51c44 t nand_fill_oob
23e51d5c t nand_do_write_oob
23e51f1c t nand_default_block_markbad
23e51fec t nand_do_write_ops
23e52374 t nand_write_oob
23e52418 t nand_write
23e5247c t nand_wait
23e52558 t sanitize_string
23e5258c t generic_ffs
23e525e0 t generic_fls
23e52638 t nand_read_page_raw
23e5267c t nand_write_page_raw
23e526c0 t nand_select_chip
23e52710 t nand_transfer_oob
23e52814 t panic_nand_write
23e528cc T nand_wait_ready
23e52914 t nand_command
23e52b04 t nand_command_lp
23e52d64 t nand_do_read_ops
23e531d4 t nand_read_oob
23e534b4 t nand_read
23e53518 T nand_erase_nand
23e537d8 t nand_block_markbad
23e538c4 t nand_erase
23e538cc T nand_scan_ident
23e54424 T nand_scan_tail
23e549b8 T nand_scan
23e549dc t add_to_list
23e54ab0 t validate_vid_hdr
23e54be4 t destroy_ai
23e54dec T ubi_compare_lebs
23e55038 T ubi_add_to_av
23e554d4 T ubi_find_av
23e55508 T ubi_remove_av
23e55570 T ubi_early_get_peb
23e5572c T ubi_attach
23e568bc t kill_volumes
23e568f4 T ubi_volume_notify
23e56928 T ubi_notify_all
23e56984 T ubi_get_device
23e569a4 T ubi_free_internal_volumes
23e569e0 T ubi_attach_mtd_dev
23e57224 T ubi_detach_mtd_dev
23e57324 T ubi_init
23e574ec T ubi_exit
23e57548 T kstrtoint
23e5756c T ubi_mtd_param_parse
23e57848 t vtbl_check
23e57bd0 t create_vtbl
23e57db4 T ubi_change_vtbl_record
23e57ee0 T ubi_read_volume_table
23e586e4 t vol_release
23e58700 t self_check_volumes
23e58b40 T ubi_create_volume
23e58ffc T ubi_resize_volume
23e59280 T ubi_add_volume
23e592c0 T ubi_free_volume
23e592d8 t clear_update_marker
23e593a8 t write_leb
23e59460 T ubi_start_update
23e595c8 T ubi_more_update_data
23e59834 T ubi_do_get_device_info
23e59868 T ubi_do_get_volume_info
23e598d8 t is_error_sane
23e59904 t ltree_lookup.isra.1
23e59940 t leb_read_lock
23e59940 t leb_write_lock
23e59940 t leb_write_trylock
23e59a24 t leb_read_unlock
23e59a24 t leb_write_unlock
23e59a60 T ubi_eba_unmap_leb
23e59ae0 T ubi_eba_read_leb
23e59d4c T ubi_eba_write_leb
23e5a3b8 T ubi_eba_write_leb_st
23e5a768 T ubi_eba_copy_leb
23e5ab50 T ubi_eba_init
23e5adfc t erase_callback
23e5ae00 t validate_ec_hdr
23e5af34 t self_check_ec_hdr.part.0
23e5afbc t validate_vid_hdr.isra.1
23e5b270 t self_check_vid_hdr.part.2
23e5b318 T ubi_io_is_bad
23e5b368 t self_check_not_bad.part.3
23e5b3a4 T ubi_io_read
23e5b4e0 t self_check_peb_ec_hdr.part.5
23e5b5f0 T ubi_io_mark_bad
23e5b664 T ubi_io_read_ec_hdr
23e5b828 T ubi_io_read_vid_hdr
23e5b9ec T ubi_self_check_all_ff
23e5bb3c T ubi_io_write
23e5bf10 T ubi_io_write_ec_hdr
23e5c030 T ubi_io_write_vid_hdr
23e5c104 t do_sync_erase.part.7
23e5c240 T ubi_io_sync_erase
23e5c560 t cancel_pending
23e5c5b4 t prot_queue_del
23e5c650 t do_work
23e5c6c4 t find_wl_entry
23e5c748 t wl_tree_add
23e5c7ac t in_wl_tree.isra.1
23e5c82c t self_check_in_wl_tree
23e5c888 t get_peb_for_wl
23e5c8d8 t tree_destroy.isra.4
23e5c930 t schedule_erase
23e5c9b8 t ensure_wear_leveling
23e5caa4 t erase_worker
23e5cf9c t do_sync_erase
23e5cff0 t wear_leveling_worker
23e5d478 T ubi_wl_get_peb
23e5d5d0 T ubi_wl_put_peb
23e5d73c T ubi_wl_scrub_peb
23e5d850 T ubi_wl_flush
23e5d8f0 T ubi_wl_init
23e5dbc4 T ubi_wl_close
23e5dc4c T crc32_le
23e5dd28 T ubi_calc_data_len
23e5dd5c T ubi_check_volume
23e5de0c T ubi_update_reserved
23e5de5c T ubi_calculate_reserved
23e5de90 T ubi_check_pattern
23e5debc T ubi_dump_flash
23e5df70 T ubi_dump_ec_hdr
23e5df74 T ubi_dump_vid_hdr
23e5df78 T ubi_dump_vol_info
23e5e0c4 T ubi_dump_vtbl_record
23e5e108 T ubi_dump_av
23e5e10c T ubi_dump_aeb
23e5e110 T ubi_debugfs_init
23e5e118 T ubi_debugfs_exit
23e5e11c T ubi_debugfs_init_dev
23e5e124 T ubi_debugfs_exit_dev
23e5e128 t serial_stub_start
23e5e134 t serial_stub_stop
23e5e140 t serial_stub_putc
23e5e150 t serial_stub_puts
23e5e160 T serial_stub_getc
23e5e16c T serial_stub_tstc
23e5e178 t get_current
23e5e1b8 W altera_jtag_serial_initialize
23e5e1b8 W altera_serial_initialize
23e5e1b8 W amirix_serial_initialize
23e5e1b8 W arc_serial_initialize
23e5e1b8 W arm_dcc_initialize
23e5e1b8 W asc_serial_initialize
23e5e1b8 W atmel_serial_initialize
23e5e1b8 W au1x00_serial_initialize
23e5e1b8 W bfin_jtag_initialize
23e5e1b8 W bfin_serial_initialize
23e5e1b8 W bmw_serial_initialize
23e5e1b8 W clps7111_serial_initialize
23e5e1b8 W cogent_serial_initialize
23e5e1b8 W cpci750_serial_initialize
23e5e1b8 W evb64260_serial_initialize
23e5e1b8 W imx_serial_initialize
23e5e1b8 W iop480_serial_initialize
23e5e1b8 W jz_serial_initialize
23e5e1b8 W ks8695_serial_initialize
23e5e1b8 W leon2_serial_initialize
23e5e1b8 W leon3_serial_initialize
23e5e1b8 W lh7a40x_serial_initialize
23e5e1b8 W lpc32xx_serial_initialize
23e5e1b8 W marvell_serial_initialize
23e5e1b8 W max3100_serial_initialize
23e5e1b8 W mcf_serial_initialize
23e5e1b8 W ml2_serial_initialize
23e5e1b8 W mpc512x_serial_initialize
23e5e1b8 W mpc5xx_serial_initialize
23e5e1b8 W mpc8260_scc_serial_initialize
23e5e1b8 W mpc8260_smc_serial_initialize
23e5e1b8 W mpc85xx_serial_initialize
23e5e1b8 W mpc8xx_serial_initialize
23e5e1b8 W mxc_serial_initialize
23e5e1b8 W mxs_auart_initialize
23e5e1b8 W ns16550_serial_initialize
23e5e1b8 W oc_serial_initialize
23e5e1b8 W p3mx_serial_initialize
23e5e1b8 W pl01x_serial_initialize
23e5e1b8 W pxa_serial_initialize
23e5e1b8 W s3c24xx_serial_initialize
23e5e1b8 W s5p_serial_initialize
23e5e1b8 W sa1100_serial_initialize
23e5e1b8 W sandbox_serial_initialize
23e5e1b8 W sconsole_serial_initialize
23e5e1b8 W sh_serial_initialize
23e5e1b8 W uartlite_serial_initialize
23e5e1b8 W zynq_serial_initialize
23e5e1b8 t serial_null
23e5e1bc T serial_register
23e5e1d4 T serial_stdio_init
23e5e278 T serial_assign
23e5e2c4 T serial_initialize
23e5e398 T serial_init
23e5e3b8 T serial_setbrg
23e5e3cc t on_baudrate
23e5e4c4 T serial_getc
23e5e4d8 T serial_tstc
23e5e4ec T serial_putc
23e5e508 T serial_puts
23e5e524 T default_serial_puts
23e5e550 t fs_probe_unsupported
23e5e568 t fs_ls_unsupported
23e5e570 t fs_exists_unsupported
23e5e578 t fs_size_unsupported
23e5e580 t fs_read_unsupported
23e5e588 t fs_close_unsupported
23e5e58c t fs_get_info
23e5e5ac t fs_close
23e5e5d4 t fs_write_unsupported
23e5e5dc t fs_uuid_unsupported
23e5e5e4 T fs_set_blk_dev
23e5e69c T fs_ls
23e5e6d8 T fs_size
23e5e714 T fs_read
23e5e7bc T do_size
23e5e81c T do_load
23e5ea4c T do_ls
23e5eab4 t downcase
23e5eae4 t disk_read
23e5eb40 t dirdelim
23e5eb70 t get_fatent
23e5ece0 t mkcksum
23e5ed30 t get_cluster
23e5ee9c t get_name
23e5ef48 t read_bootsectandvi
23e5f064 t slot2str
23e5f128 t get_vfatname
23e5f2e0 t get_dentfromdir.isra.1
23e5f580 T fat_set_blk_dev
23e5f64c T fat_register_device
23e5f6d4 T do_fat_read_at
23e6008c T do_fat_read
23e600c8 T file_fat_detectfs
23e60210 T file_fat_ls
23e6023c T fat_exists
23e60280 T fat_size
23e602b8 T file_fat_read_at
23e60318 T fat_read_file
23e60360 T fat_close
23e60364 T do_fat_read_fstart
23e608cc T xz_crc32_init
23e60914 T xz_crc32
23e6095c t __get_unaligned_le32
23e6097c t dec_vli
23e60a34 t index_update
23e60a74 t fill_temp
23e60ae8 T xz_dec_reset
23e60b34 T xz_dec_run
23e61390 T xz_dec_init
23e613c0 T xz_dec_end
23e613d0 t lzma_len
23e6159c t dict_repeat.part.0
23e61624 t lzma_main
23e61f70 T xz_dec_lzma2_run
23e6269c T xz_dec_lzma2_create
23e62718 T xz_dec_lzma2_reset
23e62788 T xz_dec_lzma2_end
23e6278c T zcalloc
23e62794 T zcfree
23e6279c T inflate_fast
23e62d20 T inflate_table
23e63218 T inflateReset
23e6329c T inflateInit2_
23e6339c T inflateEnd
23e6340c T adler32
23e6373c T inflate
23e64c14 T gzalloc
23e64c24 T gzfree
23e64c2c T zunzip
23e64d50 T gunzip
23e64e0c T initcall_run_list
23e64e68 t lmb_add_region
23e64ff4 T lmb_init
23e6501c T lmb_add
23e65020 T lmb_reserve
23e65028 T __lmb_alloc_base
23e65154 T lmb_alloc_base
23e65188 T lmb_alloc
23e65190 W board_lmb_reserve
23e65194 T string_to_ip
23e651fc T qsort
23e652f4 T strcmp_compar
23e65300 T rb_insert_color
23e65490 T rb_erase
23e657b8 T rb_first
23e657d8 T rb_last
23e657f8 T rb_next
23e6584c t cmpkey
23e65860 t _hdelete.isra.0
23e658b0 t drop_var_from_set.part.1
23e65900 t match_string.isra.2
23e65960 T hcreate_r
23e659f8 T hdestroy_r
23e65a64 T hmatch_r
23e65b00 T hsearch_r
23e65f80 T hdelete_r
23e66070 T hexport_r
23e6635c T himport_r
23e66744 T hwalk_r
23e667a0 T display_options
23e667c0 T print_size
23e66908 T print_buffer
23e66abc T crc32_no_comp
23e66b94 T crc32
23e66ba8 T crc32_wd
23e66bf8 T __div64_32
23e66cd8 T hang
23e66cf4 T copy_from_user
23e66d04 T kmalloc
23e66d10 T kzalloc
23e66d3c T vzalloc
23e66d44 T get_mem
23e66d60 T kmem_cache_alloc
23e66d6c T skip_spaces
23e66d94 T strim
23e66df0 T strcpy
23e66e08 T strncpy
23e66e2c T strcmp
23e66e54 T strncmp
23e66e90 T strchr
23e66ec0 T strlen
23e66ee0 T strnlen
23e66f0c T strdup
23e66f40 T strpbrk
23e66f94 T strsep
23e66fc8 T memset
23e67038 T memcpy
23e670b8 T memmove
23e670fc T memcmp
23e67140 T strstr
23e671a0 T udelay
23e671d4 T mdelay
23e671f0 t put_dec_trunc
23e672c8 t put_dec
23e673f8 t string.isra.0
23e67494 t number.isra.4
23e6771c t vsnprintf_internal.isra.6
23e67d1c T simple_strtoul
23e67dcc T strict_strtoul
23e67e44 T simple_strtol
23e67e68 T simple_strtoull
23e67f3c T vsprintf
23e67f40 T sprintf
23e67f68 T panic
23e67fac T simple_itoa
23e6800c T tinfl_decompress
23e69410 T tinfl_decompress_mem_to_mem
23e69478 T ArpInit
23e694c8 T arp_raw_request
23e69598 T ArpRequest
23e6961c T ArpTimeoutCheck
23e6969c T ArpReceive
23e698d0 t DhcpOptionsProcess
23e69b00 t DhcpHandler
23e6a008 T BootpReset
23e6a04c T BootpRequest
23e6a34c t BootpTimeout
23e6a3b4 T DhcpRequest
23e6a3b8 W cpu_eth_init
23e6a3b8 t __def_eth_init
23e6a3c0 t eth_current_changed
23e6a41c T eth_parse_enetaddr
23e6a478 T eth_getenv_enetaddr
23e6a4d4 T eth_setenv_enetaddr
23e6a508 T eth_getenv_enetaddr_by_index
23e6a54c T eth_get_dev_index
23e6a568 T eth_write_hwaddr
23e6a794 T eth_register
23e6a810 T eth_initialize
23e6a9c8 T eth_halt
23e6a9f8 T eth_send
23e6aa34 T eth_rx
23e6aa58 T eth_try_another
23e6aadc T eth_init
23e6aba8 T eth_set_current
23e6ac48 T eth_get_name
23e6ac68 t net_clear_handlers
23e6ac9c t startAgainTimeout
23e6acb0 t dummy_handler
23e6acb4 T net_auto_load
23e6acec T NetStartAgain
23e6ae3c T net_set_udp_handler
23e6ae5c T net_get_arp_handler
23e6ae6c T net_set_icmp_handler
23e6ae7c T NetSetTimeout
23e6aed8 T NetCksum
23e6af0c T NetCksumOk
23e6af2c T NetReceive
23e6b28c T NetEthHdrSize
23e6b2d0 T NetSetEther
23e6b390 T net_update_ether
23e6b42c T net_set_ip_header
23e6b4d4 T net_set_udp_header
23e6b59c T NetSendUDPPacket
23e6b6a4 T copy_filename
23e6b6e8 t on_bootfile
23e6b71c T ip_to_string
23e6b758 T string_to_VLAN
23e6b7a8 T getenv_VLAN
23e6b7b8 t NetInitLoop
23e6b8a8 T net_init
23e6b918 T NetLoop
23e6bc90 t ping_timeout
23e6bcac T ping_start
23e6be04 T ping_receive
23e6bf14 t tftp_complete
23e6bf8c t TftpSend
23e6c1f8 t update_block_number
23e6c2ac t TftpHandler
23e6c5e8 t TftpTimeout
23e6c674 t icmp_handler
23e6c6a0 T TftpStart
23e6cae0 T raise
23e6cafc T __udivsi3
23e6cafc t .udivsi3_skip_div0_test
23e6cafc t __aeabi_uidiv
23e6cce8 t __aeabi_uidivmod
23e6cd08 T __divsi3
23e6cd08 t __aeabi_idiv
23e6cd10 t .divsi3_skip_div0_test
23e6cf28 t __aeabi_idivmod
23e6cf48 T __aeabi_drsub
23e6cf50 T __aeabi_dsub
23e6cf50 T __subdf3
23e6cf54 T __adddf3
23e6cf54 T __aeabi_dadd
23e6d200 T __floatunsidf
23e6d200 t __aeabi_ui2d
23e6d224 T __aeabi_i2d
23e6d224 T __floatsidf
23e6d24c T __aeabi_f2d
23e6d24c T __extendsfdf2
23e6d294 T __aeabi_ul2d
23e6d294 T __floatundidf
23e6d2a8 T __aeabi_l2d
23e6d2a8 T __floatdidf
23e6d308 T __muldf3
23e6d308 t __aeabi_dmul
23e6d574 T __aeabi_ddiv
23e6d574 T __divdf3
23e6d778 T __truncdfsf2
23e6d778 t __aeabi_d2f
23e6d818 T __aeabi_frsub
23e6d820 T __subsf3
23e6d820 t __aeabi_fsub
23e6d824 T __addsf3
23e6d824 t __aeabi_fadd
23e6d9b4 T __floatunsisf
23e6d9b4 t __aeabi_ui2f
23e6d9bc T __floatsisf
23e6d9bc t __aeabi_i2f
23e6d9dc T __aeabi_ul2f
23e6d9dc T __floatundisf
23e6d9ec T __floatdisf
23e6d9ec t __aeabi_l2f
23e6da68 T __mulsf3
23e6da68 t __aeabi_fmul
23e6dc00 T __divsf3
23e6dc00 t __aeabi_fdiv
23e6dd60 T __fixsfsi
23e6dd60 t __aeabi_f2iz
23e6ddbc T __fixunssfsi
23e6ddbc t __aeabi_f2uiz
23e6de10 W __aeabi_ldiv0
23e6de10 t __aeabi_idiv0
23e6de20 r aanscalefactor.7705
23e6e61c r CSWTCH.33
23e6e630 r CSWTCH.4
23e6e63c r RGB_order.7308
23e6e648 r block_drvr
23e6e66c r bmask
23e6e6ac r boot_os
23e6e70c r crc32table_le
23e6eb0c r crc_table
23e6ef0c r env_flags_varaccess_mask
23e6ef1c r ext_csd_bits.6809
23e6ef30 r ext_to_hostcaps.6810
23e6ef4c r extra_pool_slop
23e6ef54 r fbase
23e6ef64 r first_pool_slop
23e6ef6c r ge_IPSlot
23e6ef78 r ge_PADSlot
23e6ef84 r ge_PORTSlot
23e6ef90 r gpio_table
23e6f818 r gu32_MaxClkSlot
23e6f824 R jpeg_aritab
23e6f9ec R jpeg_natural_order
23e6fb2c R jpeg_natural_order2
23e6fb7c R jpeg_natural_order3
23e6fbe0 R jpeg_natural_order4
23e6fc60 R jpeg_natural_order5
23e6fd04 R jpeg_natural_order6
23e6fdd4 R jpeg_natural_order7
23e6fed8 R jpeg_std_message_table
23e700d8 r jpeg_zigzag_order
23e701d8 r jpeg_zigzag_order2
23e701e8 r jpeg_zigzag_order3
23e7020c r jpeg_zigzag_order4
23e7024c r jpeg_zigzag_order5
23e702b0 r jpeg_zigzag_order6
23e70340 r jpeg_zigzag_order7
23e70404 r m_stPadModeInfoTbl
23e70f8c r m_stPadMuxTbl
23e73c0c r ms_mmc_ops
23e73c20 r multipliers
23e73c60 r mxp_offset
23e73c7c r s_dist_base.3884
23e73cfc r s_dist_extra.3885
23e73d7c r s_length_base.3882
23e73df8 r s_length_extra.3883
23e73e74 r s_min_table_sizes.3887
23e73e80 r uimage_arch
23e73fac r uimage_comp
23e7400c r uimage_os
23e74078 r uimage_type
23e74180 r widths.6811
23e74194 r CSWTCH.1
23e741d0 r _hal_ckg_spi_nonpm
23e741f0 r aanscales.7697
23e74270 r dbase.6661
23e742b0 r dext.6662
23e742f0 r distfix
23e74370 r lbase.6659
23e743ae r lenfix
23e74bae r lext.6660
23e74bec r order.6755
23e74d46 r CSWTCH.115
23e74d4c r CSWTCH.116
23e74d52 r CSWTCH.3
23e74d55 r CSWTCH.69
23e74d65 r CSWTCH.70
23e789da r __FUNCTION__.6365
23e789f9 r __FUNCTION__.6403
23e78a0b r __FUNCTION__.6477
23e78a22 r __FUNCTION__.6486
23e78a31 r __FUNCTION__.6552
23e78a53 r __FUNCTION__.6561
23e78a73 r __FUNCTION__.6572
23e78a90 r __FUNCTION__.6579
23e78aa6 r __FUNCTION__.6607
23e78ac1 r __FUNCTION__.6667
23e78ada r __FUNCTION__.6674
23e78af4 r __FUNCTION__.6681
23e78b0e r __FUNCTION__.6682
23e78b24 r __FUNCTION__.6690
23e78b37 r __FUNCTION__.6694
23e78b4f r __FUNCTION__.6707
23e78b64 r __FUNCTION__.6714
23e78b77 r __FUNCTION__.6720
23e78b88 r __FUNCTION__.6744
23e78ba1 r __FUNCTION__.6755
23e78baf r __FUNCTION__.6770
23e78bd6 r __FUNCTION__.6771
23e78bed r __FUNCTION__.6771
23e78c02 r __FUNCTION__.6781
23e78c12 r __FUNCTION__.6781
23e78c1f r __FUNCTION__.6782
23e78c3c r __FUNCTION__.6791
23e78c4e r __FUNCTION__.6798
23e78c6d r __FUNCTION__.6814
23e78c8d r __FUNCTION__.6829
23e78ca7 r __FUNCTION__.6838
23e78cbb r __FUNCTION__.6846
23e78cd3 r __FUNCTION__.6849
23e78cee r __FUNCTION__.6856
23e78d07 r __FUNCTION__.6859
23e78d16 r __FUNCTION__.6872
23e78d36 r __FUNCTION__.6893
23e78d53 r __FUNCTION__.6895
23e78d74 r __FUNCTION__.6906
23e78d8f r __FUNCTION__.6907
23e78da8 r __FUNCTION__.6912
23e78dc1 r __FUNCTION__.6924
23e78ddb r __FUNCTION__.6930
23e78df7 r __FUNCTION__.6933
23e78e0a r __FUNCTION__.6935
23e78e1e r __FUNCTION__.6937
23e78e32 r __FUNCTION__.6943
23e78e45 r __FUNCTION__.6947
23e78e5d r __FUNCTION__.6947
23e78e78 r __FUNCTION__.6953
23e78e97 r __FUNCTION__.6962
23e78ea9 r __FUNCTION__.6962
23e78ebd r __FUNCTION__.6964
23e78ed4 r __FUNCTION__.6970
23e78ef0 r __FUNCTION__.6987
23e78f09 r __FUNCTION__.6990
23e78f21 r __FUNCTION__.6996
23e78f44 r __FUNCTION__.7005
23e78f5f r __FUNCTION__.7010
23e78f7a r __FUNCTION__.7022
23e78f96 r __FUNCTION__.7030
23e78fa9 r __FUNCTION__.7037
23e78fbb r __FUNCTION__.7038
23e78fd7 r __FUNCTION__.7041
23e78ff2 r __FUNCTION__.7051
23e79008 r __FUNCTION__.7052
23e7902b r __FUNCTION__.7057
23e79048 r __FUNCTION__.7061
23e7905d r __FUNCTION__.7063
23e7907c r __FUNCTION__.7069
23e7909e r __FUNCTION__.7078
23e790b4 r __FUNCTION__.7080
23e790ce r __FUNCTION__.7080
23e790e2 r __FUNCTION__.7086
23e790f6 r __FUNCTION__.7092
23e7910d r __FUNCTION__.7110
23e79120 r __FUNCTION__.7130
23e79142 r __FUNCTION__.7138
23e7915f r __FUNCTION__.7144
23e79178 r __FUNCTION__.7146
23e79192 r __FUNCTION__.7153
23e791af r __FUNCTION__.7158
23e791ce r __FUNCTION__.7162
23e791e3 r __FUNCTION__.7169
23e791fa r __FUNCTION__.7169
23e79209 r __FUNCTION__.7175
23e7922c r __FUNCTION__.7175
23e7923a r __FUNCTION__.7181
23e7925a r __FUNCTION__.7188
23e7927a r __FUNCTION__.7195
23e79288 r __FUNCTION__.7196
23e792a4 r __FUNCTION__.7200
23e792c1 r __FUNCTION__.7200
23e792dd r __FUNCTION__.7261
23e79300 r __FUNCTION__.7320
23e79322 r __FUNCTION__.7331
23e7933a r __FUNCTION__.7332
23e7934e r __FUNCTION__.7332
23e79362 r __FUNCTION__.7335
23e7938c r __FUNCTION__.7337
23e793a6 r __FUNCTION__.7343
23e793c1 r __FUNCTION__.7348
23e793d6 r __FUNCTION__.7348
23e793e8 r __FUNCTION__.7348
23e79400 r __FUNCTION__.7355
23e7940f r __FUNCTION__.7355
23e79432 r __FUNCTION__.7372
23e79444 r __FUNCTION__.7380
23e7945b r __FUNCTION__.7380
23e7946e r __FUNCTION__.7385
23e79486 r __FUNCTION__.7389
23e794ad r __FUNCTION__.7399
23e794cf r __FUNCTION__.7399
23e794e7 r __FUNCTION__.7410
23e794fa r __FUNCTION__.7410
23e79511 r __FUNCTION__.7418
23e79532 r __FUNCTION__.7430
23e79542 r __FUNCTION__.7440
23e7955b r __FUNCTION__.7450
23e79579 r __FUNCTION__.7453
23e79597 r __FUNCTION__.7482
23e795be r __FUNCTION__.7499
23e795df r __FUNCTION__.7513
23e79603 r __FUNCTION__.7542
23e79623 r __FUNCTION__.7549
23e7963f r __FUNCTION__.7549
23e7964a r __FUNCTION__.7558
23e7966c r __FUNCTION__.7573
23e7968e r __FUNCTION__.7594
23e796ad r __FUNCTION__.7638
23e796ce r __FUNCTION__.7692
23e796df r __FUNCTION__.7700
23e796fe r __FUNCTION__.7716
23e79719 r __FUNCTION__.7745
23e7973a r __FUNCTION__.7754
23e7975f r __FUNCTION__.7763
23e7977c r __FUNCTION__.7773
23e7979b r __FUNCTION__.7788
23e797b9 r __FUNCTION__.7802
23e797d4 r __FUNCTION__.7845
23e797f5 r __FUNCTION__.7855
23e79814 r __FUNCTION__.7875
23e7982f r __FUNCTION__.7886
23e79850 r __FUNCTION__.7899
23e7986d r __FUNCTION__.7907
23e7987d r __FUNCTION__.7908
23e7989c r __FUNCTION__.7921
23e798b7 r __FUNCTION__.7929
23e798c8 r __FUNCTION__.7930
23e798e0 r __FUNCTION__.7941
23e798f8 r __FUNCTION__.7947
23e7990c r __FUNCTION__.7952
23e79922 r __FUNCTION__.7966
23e79931 r __FUNCTION__.7977
23e79944 r __FUNCTION__.8332
23e79956 r __FUNCTION__.8616
23e79964 r __FUNCTION__.8925
23e79973 r __FUNCTION__.9702
23e7998b r __FUNCTION__.9755
23e7999b r __FUNCTION__.9780
23e79d1e r __func__.6364
23e79d28 r __func__.6488
23e79d38 r __func__.6504
23e79d43 r __func__.6511
23e79d4e r __func__.6850
23e79d5c r __func__.6876
23e79d73 r __func__.6887
23e79d81 r __func__.7177
23e79d9a r __func__.7312
23e79dab r __func__.7347
23e79dc0 r __func__.7380
23e79ddc r __func__.7394
23e79ded r __func__.7402
23e79dfe r __func__.7488
23e79e11 r __func__.7513
23e79e25 r __func__.7535
23e79e32 r __func__.7716
23e79e3d r __func__.7717
23e79e49 r __func__.7717
23e79e55 r __func__.7755
23e79e64 r __func__.7767
23e79e76 r __func__.7776
23e79e87 r __func__.7777
23e79e9e r __func__.7779
23e79eae r __func__.7779
23e79eba r __func__.7780
23e79ec2 r __func__.7792
23e79ecf r __func__.7798
23e79eda r __func__.7804
23e79ee8 r __func__.7807
23e79efa r __func__.7809
23e79f0b r __func__.7814
23e79f17 r __func__.7830
23e79f29 r __func__.7832
23e79f37 r __func__.7838
23e79f48 r __func__.7838
23e79f5a r __func__.7840
23e79f63 r __func__.7842
23e79f70 r __func__.7843
23e79f7d r __func__.7844
23e79f8b r __func__.7848
23e79fa9 r __func__.7852
23e79fb9 r __func__.7853
23e79fc8 r __func__.7860
23e79fd8 r __func__.7863
23e79fea r __func__.7863
23e79ff6 r __func__.7865
23e7a006 r __func__.7867
23e7a013 r __func__.7868
23e7a01e r __func__.7873
23e7a031 r __func__.7874
23e7a039 r __func__.7877
23e7a042 r __func__.7877
23e7a054 r __func__.7883
23e7a05f r __func__.7886
23e7a071 r __func__.7886
23e7a086 r __func__.7894
23e7a097 r __func__.7895
23e7a0a8 r __func__.7895
23e7a0bb r __func__.7895
23e7a0d0 r __func__.7896
23e7a0e1 r __func__.7898
23e7a0f7 r __func__.7906
23e7a107 r __func__.7910
23e7a11b r __func__.7911
23e7a12e r __func__.7915
23e7a137 r __func__.7921
23e7a14b r __func__.7924
23e7a154 r __func__.7925
23e7a167 r __func__.7931
23e7a17c r __func__.7933
23e7a18e r __func__.7934
23e7a19f r __func__.7939
23e7a1ad r __func__.7941
23e7a1c0 r __func__.7944
23e7a1d6 r __func__.7945
23e7a1f1 r __func__.7946
23e7a210 r __func__.7952
23e7a221 r __func__.7952
23e7a234 r __func__.7956
23e7a24d r __func__.7960
23e7a264 r __func__.7963
23e7a271 r __func__.7964
23e7a288 r __func__.7971
23e7a2a2 r __func__.7975
23e7a2b1 r __func__.7976
23e7a2cc r __func__.7976
23e7a2e0 r __func__.7977
23e7a2ef r __func__.7977
23e7a300 r __func__.7984
23e7a311 r __func__.7985
23e7a327 r __func__.7993
23e7a33e r __func__.7999
23e7a354 r __func__.8015
23e7a364 r __func__.8016
23e7a371 r __func__.8059
23e7a37d r __func__.8089
23e7a38b r __func__.8114
23e7a399 r __func__.8120
23e7a3af r __func__.8137
23e7a3c0 r __func__.8398
23e7a3d0 r __func__.8701
23e7a3df r __func__.8709
23e7a425 R _ctype
23e7aa41 r base_dither_matrix
23e7b0e7 R default_environment
23e7b18f r delims.6365
23e7b430 r digits.6362
23e7e7f0 r env_flags_varaccess_rep
23e7e7f5 r env_flags_vartype_rep
23e7e95f r erase_seq
23e7f8ee r hex_asc
23e8051c r mybuffer.7024
23e80520 r names.6404
23e80526 r nand_ecc_precalc_table
23e80e17 r patterns
23e810c1 r s_length_dezigzag.3886
23e85fd4 r tab_seq
23e886c2 r us_direction
23e89578 V version_string
23e89a20 D UBT_VERSION
23e89a40 d init_sequence_f
23e89ae4 D init_sequence_r
23e89b70 d bootm_help_text
23e89db8 d cmd_bootm_sub
23e89e98 d first_call
23e89e9c d first_call
23e89ea0 D env_name_spec
23e89ea8 d location.7982
23e89f08 d cmd_i2c_sub
23e8a074 d i2c_dp_last_length
23e8a078 d i2c_help_text
23e8a3ac d dp_last_length
23e8a3b0 d cmd_mmc
23e8a4ac d curr_device
23e8a4b0 d mtdparts_help_text
23e8a983 d nand_help_text
23e8af20 d usb_stor_curr_dev
23e8af24 D g_u3_chk_conn_time
23e8af28 D target_ext_hub_port
23e8af2c D stTimingTable
23e8b0b4 D u32BootlogDvgLevel
23e8b0b8 d cmd_env_sub
23e8b198 d env_help_text
23e8b38c d env_id
23e8b390 D env_htab
23e8b3a0 d av_
23e8b7a8 d sbrk_base
23e8b7ac d trim_threshold
23e8b7b0 D load_addr
23e8b7b4 D stdio_names
23e8b7c0 d hist_cur
23e8b7c4 d uart_help_text
23e8b890 D dbgLevel
23e8b894 d ms_serial_drv
23e8b8c4 d ge_IPSlot
23e8b8d0 d ge_PADSlot
23e8b8dc d ge_PORTSlot
23e8b8e8 d _hal_isp
23e8b8f8 D _u8RegEAR
23e8b8fc D gReadMode
23e8b900 D _hal_SERFLASH_table
23e8c6c0 d _pstWriteProtectTable_AT25DF321
23e8c6d8 d _pstWriteProtectTable_AT26DF321
23e8c780 d _pstWriteProtectTable_EN25F16
23e8c7e0 d _pstWriteProtectTable_EN25F32
23e8c8a0 d _pstWriteProtectTable_EN25F40
23e8c900 d _pstWriteProtectTable_EN25F80
23e8c960 d _pstWriteProtectTable_EN25P16
23e8c9c0 d _pstWriteProtectTable_EN25Q128
23e8ca80 d _pstWriteProtectTable_EN25Q16
23e8cb40 d _pstWriteProtectTable_EN25Q32A
23e8cc00 d _pstWriteProtectTable_EN25Q64
23e8ccc0 D _pstWriteProtectTable_EN25QH128A
23e8cd80 d _pstWriteProtectTable_EN25QH64A
23e8cf00 d _pstWriteProtectTable_FS25Q128F2TFI
23e8d080 d _pstWriteProtectTable_GD25Q128_CMP0
23e8d1a0 d _pstWriteProtectTable_GD25Q16_CMP0
23e8d290 d _pstWriteProtectTable_GD25Q32_CMP0
23e8d410 d _pstWriteProtectTable_IC25LP128
23e8d4d0 d _pstWriteProtectTable_M25P16
23e8d530 d _pstWriteProtectTable_M25PX16
23e8d5f0 d _pstWriteProtectTable_MX25L12805D
23e8d668 D _pstWriteProtectTable_MX25L12845E
23e8d728 d _pstWriteProtectTable_MX25L1606E
23e8d7e8 d _pstWriteProtectTable_MX25L3205D
23e8d890 d _pstWriteProtectTable_MX25L3206E
23e8d950 d _pstWriteProtectTable_MX25L4006E
23e8d9b0 d _pstWriteProtectTable_MX25L6405D
23e8da58 d _pstWriteProtectTable_MX25L6406E
23e8db00 D _pstWriteProtectTable_MX25L6445E
23e8dbc0 d _pstWriteProtectTable_MX25L6455E
23e8dc80 d _pstWriteProtectTable_MX25L8005
23e8dce0 d _pstWriteProtectTable_N25Q128
23e8dda0 d _pstWriteProtectTable_N25Q32
23e8de60 d _pstWriteProtectTable_N25Q64
23e8df20 d _pstWriteProtectTable_PM25LQ032C
23e8dfe0 d _pstWriteProtectTable_PN25F128B
23e8e160 d _pstWriteProtectTable_PN25F64B
23e8e2e0 d _pstWriteProtectTable_S25FL008A
23e8e340 d _pstWriteProtectTable_S25FL032
23e8e3a0 d _pstWriteProtectTable_S25FL032K_CMP0
23e8e4a8 d _pstWriteProtectTable_S25FL064
23e8e508 d _pstWriteProtectTable_S25FL128P
23e8e574 d _pstWriteProtectTable_SST25VF032B
23e8e5d4 d _pstWriteProtectTable_W25Q128
23e8e67c d _pstWriteProtectTable_W25Q80
23e8e754 d _pstWriteProtectTable_W25X32
23e8e7fc d _pstWriteProtectTable_W25X40
23e8e85c d _pstWriteProtectTable_W25X64
23e8e904 d _pstWriteProtectTable_W25X80
23e8e988 d _pstWriteProtectTable_XM25QH128A
23e8eb08 d _pstWriteProtectTable_XM25QH256B
23e8ebc8 d _pstWriteProtectTable_XM25QH64A
23e8ed48 d _pstWriteProtectTable_XT25F128A
23e8eec8 d _pstWriteProtectTable_XT25F128B
23e8f048 d _pstWriteProtectTable_XT25F64B
23e8f1c8 d _pstWriteProtectTable_ZB25Q128
23e8f288 d _pstWriteProtectTable_ZB25Q64
23e8f348 d _stSpecialBlocks_EN25B32B
23e8f36c d _stSpecialBlocks_EN25B64B
23e8f390 d _stSpecialBlocks_EN25F10
23e8f3b4 d _hal_ckg_spi_nonpm6
23e8f3c8 d _hal_ckg_spi_pm
23e8f3e8 d _hal_ckg_spi_pm
23e8f408 D _hal_fsp
23e8f42c D u8MagicData
23e8f43c d bbt_pattern
23e8f440 d mirror_pattern
23e8f444 d scan_ff_pattern
23e8f448 d spi_nand_bbt_descr
23e8f46c d spi_nand_bbt_main_descr
23e8f490 d spi_nand_bbt_mirror_descr
23e8f4b4 d spi_nand_oobinfo
23e8ffbc D array_usb_root_port
23e9025c d gWaitConnectTime
23e90260 D MY_MAC
23e90268 D packet
23e9026c D gRIUBaseAddr
23e90270 D _gstMopgRotRec
23e9027c D stPictureNonLinearSetting
23e90330 D tVideoColorCorrectionMatrix
23e90370 D tByPassYuv2rgb
23e90382 D tHDTVYuv2rgb
23e90394 D tSDTVYuv2rgb
23e903a8 D LPLLSettingTBL
23e904f8 D u16LoopDiv
23e90506 D u16LoopDivDsi
23e90514 D u16LoopGain
23e90522 D u16LoopGainDsi
23e90530 d cur_dev_num
23e90534 d mtd_partitions
23e9053c D nand_curr_device
23e90540 d bbt_main_descr
23e90564 d bbt_main_no_oob_descr
23e90588 d bbt_mirror_descr
23e905ac d bbt_mirror_no_oob_descr
23e905d0 d bbt_pattern
23e905d4 d mirror_pattern
23e905d8 d scan_ff_pattern
23e905dc D nand_flash_ids
23e91164 d nand_oob_128
23e91c6c d nand_oob_16
23e92774 d nand_oob_64
23e9327c d nand_oob_8
23e93d84 d fstypes
23e93dd4 D NetBcastAddr
23e93dda D NetOurNativeVLAN
23e93ddc D NetOurVLAN
23e93de0 d first_call.6556
23e93de4 d TftpBlkSize
23e93de6 d TftpBlkSizeOption
23e93de8 D TftpRRQTimeoutCountMax
23e93dec d TftpTimeoutCountMax
23e93df0 d TftpTimeoutMSecs
23e93e00 D _u_boot_list_2_cmd_2_aes
23e93e00 d start.6256
23e93e00 d start.6260
23e93e00 d start.6305
23e93e00 d start.6309
23e93e00 d start.6336
23e93e00 d start.6340
23e93e1c D _u_boot_list_2_cmd_2_base
23e93e38 D _u_boot_list_2_cmd_2_bootframebuffer
23e93e54 D _u_boot_list_2_cmd_2_bootlogo
23e93e70 D _u_boot_list_2_cmd_2_bootm
23e93e8c D _u_boot_list_2_cmd_2_bootp
23e93ea8 D _u_boot_list_2_cmd_2_chpart
23e93ec4 D _u_boot_list_2_cmd_2_cmp
23e93ee0 D _u_boot_list_2_cmd_2_cp
23e93efc D _u_boot_list_2_cmd_2_crc32
23e93f18 D _u_boot_list_2_cmd_2_customer_init
23e93f34 D _u_boot_list_2_cmd_2_dbg
23e93f50 D _u_boot_list_2_cmd_2_dcache
23e93f6c D _u_boot_list_2_cmd_2_debug
23e93f88 D _u_boot_list_2_cmd_2_dhcp
23e93fa4 D _u_boot_list_2_cmd_2_do_ECC
23e93fc0 D _u_boot_list_2_cmd_2_do_bbm
23e93fdc D _u_boot_list_2_cmd_2_dstar
23e93ff8 D _u_boot_list_2_cmd_2_eeprom
23e94014 D _u_boot_list_2_cmd_2_env
23e94030 D _u_boot_list_2_cmd_2_estar
23e9404c D _u_boot_list_2_cmd_2_estart
23e94068 D _u_boot_list_2_cmd_2_fatinfo
23e94084 D _u_boot_list_2_cmd_2_fatload
23e940a0 D _u_boot_list_2_cmd_2_fatls
23e940bc D _u_boot_list_2_cmd_2_fatread
23e940d8 D _u_boot_list_2_cmd_2_fatsize
23e940f4 D _u_boot_list_2_cmd_2_go
23e94110 D _u_boot_list_2_cmd_2_gpio
23e9412c D _u_boot_list_2_cmd_2_help
23e94148 D _u_boot_list_2_cmd_2_i2c
23e94164 D _u_boot_list_2_cmd_2_icache
23e94180 D _u_boot_list_2_cmd_2_initDbgLevel
23e9419c D _u_boot_list_2_cmd_2_loop
23e941b8 D _u_boot_list_2_cmd_2_macaddr
23e941d4 D _u_boot_list_2_cmd_2_md
23e941f0 D _u_boot_list_2_cmd_2_mm
23e9420c D _u_boot_list_2_cmd_2_mmc
23e94228 D _u_boot_list_2_cmd_2_mmcinfo
23e94244 D _u_boot_list_2_cmd_2_mssdmmc
23e94260 D _u_boot_list_2_cmd_2_mstar
23e9427c D _u_boot_list_2_cmd_2_mtdparts
23e94298 D _u_boot_list_2_cmd_2_mw
23e942b4 D _u_boot_list_2_cmd_2_mxp
23e942d0 D _u_boot_list_2_cmd_2_nand
23e942ec D _u_boot_list_2_cmd_2_nboot
23e94308 D _u_boot_list_2_cmd_2_nm
23e94324 D _u_boot_list_2_cmd_2_ping
23e94340 D _u_boot_list_2_cmd_2_printenv
23e9435c D _u_boot_list_2_cmd_2_question_mark
23e94378 D _u_boot_list_2_cmd_2_readbbm
23e94394 D _u_boot_list_2_cmd_2_readcis
23e943b0 D _u_boot_list_2_cmd_2_reset
23e943cc D _u_boot_list_2_cmd_2_riu
23e943e8 D _u_boot_list_2_cmd_2_run
23e94404 D _u_boot_list_2_cmd_2_saveenv
23e94420 D _u_boot_list_2_cmd_2_sdstar
23e9443c D _u_boot_list_2_cmd_2_secauth
23e94458 D _u_boot_list_2_cmd_2_setclk
23e94474 D _u_boot_list_2_cmd_2_setenv
23e94490 D _u_boot_list_2_cmd_2_sf
23e944ac D _u_boot_list_2_cmd_2_sfbin
23e944c8 D _u_boot_list_2_cmd_2_srcfg
23e944e4 D _u_boot_list_2_cmd_2_tftpboot
23e94500 D _u_boot_list_2_cmd_2_uart
23e9451c D _u_boot_list_2_cmd_2_ubi
23e94538 D _u_boot_list_2_cmd_2_usb
23e94554 D _u_boot_list_2_cmd_2_usbboot
23e94570 D _u_boot_list_2_cmd_2_usbstar
23e9458c D _u_boot_list_2_cmd_2_ustar
23e945a8 D _u_boot_list_2_cmd_2_version
23e945c4 D _u_boot_list_2_cmd_2_writecis
23e945e0 D _u_boot_list_2_env_clbk_2_baudrate
23e945e0 d end.6263
23e945e0 d end.6312
23e945e0 d end.6343
23e945e0 d start.6403
23e945e0 d start.6410
23e945e8 D _u_boot_list_2_env_clbk_2_bootfile
23e945f0 D _u_boot_list_2_env_clbk_2_callbacks
23e945f8 D _u_boot_list_2_env_clbk_2_console
23e94600 D _u_boot_list_2_env_clbk_2_flags
23e94608 D _u_boot_list_2_env_clbk_2_loadaddr
23e94610 D _u_boot_list_2_env_clbk_2_silent
23e94618 D _u_boot_list_2_i2c_2_ms_i2c_0
23e94618 d end.6406
23e94618 d start.6353
23e94618 d start.6357
23e94618 d start.6378
23e94618 d start.6399
23e94618 d start.6988
23e94618 d start.6999
23e94618 d start.7015
23e94644 D _u_boot_list_2_i2c_2_ms_i2c_1
23e94670 B __bss_base
23e94670 B __bss_start
23e94670 D __image_copy_end
23e94670 D __rel_dyn_start
23e94670 b current_ms_ticks
23e94670 d end.6360
23e94670 d end.6381
23e94670 d end.6402
23e94670 d end.6991
23e94670 d end.7002
23e94670 d end.7018
23e94674 b offset_ms_ticks
23e94678 b params
23e9467c b stored_bootdelay
23e94680 B monitor_flash_len
23e94684 B images
23e947b4 b callback_list
23e947b8 b flags_list
23e947bc b env_flags
23e947c0 B env_ptr
23e947c4 B ms_nand_env_offset
23e947c8 B ms_nand_env_redund_offset
23e947cc b i2c_dp_last_addr
23e947d0 b i2c_dp_last_alen
23e947d4 b i2c_dp_last_chip
23e947d8 b i2c_mm_last_addr
23e947dc b i2c_mm_last_alen
23e947e0 b i2c_mm_last_chip
23e947e4 b base_address
23e947e8 b dp_last_addr
23e947ec b dp_last_size
23e947f0 b mm_last_addr
23e947f4 b mm_last_size
23e947f8 B current_mtd_dev
23e947fc B current_mtd_partnum
23e94800 b devices
23e94808 b initialized.7892
23e9480c b last_ids
23e9488c b last_partition
23e9489c b last_parts
23e94a9c b mtdids
23e94aa8 b last.7649
23e94ab0 b flash
23e94ab4 b buffer
23e94b04 b ubi
23e94b08 b ubi_dev
23e94b64 b ubi_initialized
23e94b68 B UsbPortSelect
23e94b6c b asynch_allowed
23e94b70 b dev_index
23e94b74 b hub_dev
23e94c80 b usb_dev
23ea1498 R __rel_dyn_end
23ea1498 R _end
23ea1498 R _image_binary_end
23eaac80 b usb_hub_index
23eaac84 B usb_started
23eaac88 b CBWTag
23eaacc0 b usb_ccb
23eaad80 b usb_dev_desc
23eaadf4 b usb_max_devs
23eaadf8 b usb_stor
23eaae2c b pDevCtx.9773
23eaae30 b pInputPortCtx.9775
23eaae34 b pPnlDev.9795
23eaae38 b pVidLayerCtx.9774
23eaae3c b ctrlc_disabled
23eaae40 b ctrlc_was_pressed
23eaae44 b current_mallinfo
23eaae6c b max_sbrked_mem
23eaae70 b max_total_mem
23eaae74 B mem_malloc_brk
23eaae78 B mem_malloc_end
23eaae7c B mem_malloc_start
23eaae80 b top_pad
23eaae84 B save_addr
23eaae88 B save_size
23eaae8c b devs
23eaaec8 B stdio_devices
23eaaed4 b lastcommand.6365
23eab2d4 B console_buffer
23eab6d8 b hist_add_idx
23eab6dc b hist_lines
23eb06f0 b hist_list
23eb0740 b hist_max
23eb0744 b hist_num
23eb0748 b initted.6445
23eb074c b tmp_buf
23eb0b4c b tmp_buf.6326
23eb0d4c b init_sdcard_flag
23eb0d50 b init_usb_flag
23eb0d54 B probe
23eb0d58 B uart_multi_base
23eb0d5c b gePort
23eb0d68 b gb_SDIODevice
23eb0d6b b gb_StopWProc
23eb0d70 b gpu8Buf
23eb0d7c b gst_RspStruct
23eb0de8 b gu16_DDR_MODE_REG
23eb0dee b gu16_DDR_MODE_REG_ForR2N
23eb0df4 b gu16_SD_MODE_DatLine
23eb0dfa b gu16_WT_NRC
23eb0e00 b ge_BusTiming
23eb0e0c b gu32_DevSlotDev
23eb0e34 b _pstRsp
23eb0e40 b _stSDMMCInfo
23eb0f30 b gu8RspBuf
23eb1530 b gu16Ret1
23eb1532 b gu16Ret2
23eb1534 b gu16Ret3
23eb1536 b gu8Pattern
23eb1537 B _bHasEAR
23eb1538 B _bNon4kErase
23eb153c B _hal_SERFLASH
23eb1568 b _s32SERFLASH_Mutex
23eb156c B _u8SERFLASHDbgLevel
23eb156d B bDetect
23eb156e b u8BDMA
23eb166e b _SERFLASHDrvStatus
23eb1670 b _SERFLASHInfo
23eb1680 B _u8SPINANDDbgLevel
23eb1684 B SetDriving
23eb1688 B gtSpiNandDrv
23eb18d4 b u32_CurRow
23eb1900 B Host20_qHD_List_Bulk0
23eb1980 B Host20_qHD_List_Bulk1
23eb1a00 B Host20_qHD_List_Control0
23eb1a80 B Host20_qHD_List_Control1
23eb1ab0 B Host20_qTD_Manage
23eb1b00 B QtdBuf
23eb1d80 B UsbCtrlBuf
23eb1e80 B UsbDataBuf
23eb1f80 b ms_ehci
23eb1fb8 B FirstBulkIn
23eb1fbc B FirstBulkOut
23eb1fc0 b miu0_bus_base_addr
23eb1fc4 b miu1_bus_base_addr
23eb1fc8 b rh_status
23eb1fcc B MHalThisBCE
23eb1fec B EMAC_MEM_BASE
23eb1ff0 B RAM_ADDR_BASE
23eb1ff4 B RBQP_BASE
23eb1ff8 B RX_BUFFER_BASE
23eb1ffc B ThisBCE
23eb201c B ThisUVE
23eb20bc B eWaveCbTable
23eb20d0 B emac_init
23eb20d4 b emac_var
23eea4d4 B hw_device
23eea518 B nic_device
23eea55c b packet_data
23eead8c B phy_id
23eead8d b t_packet
23eeb5c0 b mxp
23eeb5c4 B mxp_base
23eeb5c8 b mxp_parts
23eeb5cc b mxp_record_count
23eeb5d0 b mxp_table_size
23eeb5d4 b nor_flash_mxp
23eeb5d8 b norflash
23eeb5dc B HWI2C_DMA
23eeb5ec b _gMChipIO_MapBase
23eeb5f0 b _gMClkIO_MapBase
23eeb5f4 b _gMIO_MapBase
23eeb5fc B errBuf
23eec5fc b g_bDMAEnable
23eec5fe b g_bLastByte
23eec600 b g_stPortCfg
23eec648 b g_u16DmaDelayFactor
23eec64c b msI2CInit
23eec650 B perrBuf
23eec654 B gbDispCtxInit
23eec658 B gstDispCtxContainTbl
23eec7e8 B pgstCurDispDevCtx
23eec7ec B pgstCurInputPortCtx
23eec874 B pgstCurVidLayerCtx
23eec87c B _gu32DispDbgLevel
23eec880 B gstDevTimingTbl
23eeccdc B bImiInit
23eeccdd B gbDispHwIfInit
23eeccde B gbMopgInitNum
23eecce0 B gpDispCbTbl
23eece90 B gpMopgLbOdTbl
23eecf10 b sbMopRotHwInit.7710
23eecf11 b sbMopgHwInit.7708
23eecf12 b sbMopsHwInit.7709
23eecf13 b sbMopsSwShadowInit.7711
23eecf14 B u32MopRotImiTotalAddr
23eecf18 B u32Rot0ImiCaddr
23eecf1c B u32Rot0ImiYaddr
23eecf20 B u32Rot1ImiCaddr
23eecf24 B u32Rot1ImiYaddr
23eecf28 B gu32InternalIsrStatus
23eecf2c B gu32VgaHpdIsrStatus
23eecf30 B gstHwPqCtx
23eed00c B g_tColorCfg
23eed0f4 B u16Mopg01SwShadowReg
23eed114 B u16Mopg01SwShadowVal
23eed124 B u16Mopg02SwShadowReg
23eed144 B u16Mopg02SwShadowVal
23eed154 B u16MopsSwShadowReg
23eed158 B u16MopsSwShadowVal
23eed15a B gbPnlCtxInit
23eed15c B gstPnlCtxTbl
23eed16c B _gu32PnlDbgLevel
23eed170 B gbHwIfInit
23eed174 B gpPnlCbTbl
23eed204 b mmc_devices
23eed20c b mtd_idr
23eed40c b dev_name
23eed418 b nand_chip
23eed750 B nand_info
23eed818 b total_nand_size
23eed81c b ech
23eed820 b vidh
23eed824 b mtd_dev_param
23eee1a4 b mtd_devs
23eee1a8 B ubi_class
23eee1ac B ubi_devices
23eee22c B ubi_wl_entry_slab
23eee230 b empty_vtbl_record
23eee2dc b serial_current
23eee2e0 b serial_devices
23eee2e4 b fs_dev_desc
23eee2e8 b fs_partition
23eee338 b fs_type
23eee33c b cur_dev
23eee340 b cur_part_info
23eee3c0 B do_fat_read_at_block
23efe3c0 B get_contents_vfatname_block
23f0e3c0 B get_dentfromdir_block
23f1e3c0 b xz_crc32_table
23f1e7c0 B s_xzdec
23f1ec70 B dic_buf_len
23f1ec74 B dict_buf
23f1ec78 B s_lzma2
23f25ba0 B errno
23f25ba4 b local.6551
23f25bba b NetArpPacketBuf
23f261fc b NetArpTxPacket
23f26200 B NetArpWaitPacketIP
23f26204 B NetArpWaitPacketMAC
23f26208 b NetArpWaitReplyIP
23f2620c B NetArpWaitTimerStart
23f26210 B NetArpWaitTry
23f26214 B NetArpWaitTxPacketSize
23f26218 B BootpTry
23f2621c b NetDHCPServerIP
23f26220 B bootp_ids
23f26230 B bootp_num_ids
23f26234 B bootp_start
23f26238 B bootp_timeout
23f2623c b dhcp_leasetime
23f26240 b dhcp_state
23f26244 b act.6831
23f26248 b env_changed_id.6832
23f2624c B eth_current
23f26250 b eth_devices
23f26254 b first_failed.6826
23f26258 b index.6779
23f2625c B BootFile
23f262dc B NetBootFileSize
23f262e0 B NetBootFileXferSize
23f262e4 b NetDevExists
23f262e8 B NetEtherNullAddr
23f262f0 B NetIPID
23f262f4 B NetOurDNSIP
23f262f8 B NetOurEther
23f26300 B NetOurGatewayIP
23f26304 B NetOurHostName
23f26324 B NetOurIP
23f26328 B NetOurNISDomain
23f26348 B NetOurRootPath
23f26388 B NetOurSubnetMask
23f2638c B NetRestartWrap
23f26390 b NetRestarted
23f26394 B NetRxPacket
23f26398 B NetRxPacketLen
23f2639c B NetRxPackets
23f263ac B NetServerEther
23f263b4 B NetServerIP
23f263b8 b NetTryCount
23f263bc B NetTxPacket
23f263c0 b PktBuf
23f28200 b arp_packet_handler
23f28204 b env_changed_id.6545
23f28208 B net_state
23f2820c b packet_icmp_handler
23f28210 b timeDelta
23f28214 b timeHandler
23f28218 b timeStart
23f2821c b udp_packet_handler
23f28220 B NetPingIP
23f28224 b PingSeqNo
23f28228 b TftpBlock
23f2822c b TftpBlockWrap
23f28230 b TftpBlockWrapOffset
23f28234 b TftpFinalBlock
23f28238 b TftpLastBlock
23f2823c b TftpOurPort
23f28240 b TftpRemoteIP
23f28244 b TftpRemotePort
23f28248 b TftpState
23f2824c b TftpTimeoutCount
23f28250 b TftpWriting
23f28254 b default_filename
23f28261 b tftp_filename
23f282e4 b time_start
23f282e8 B __bss_end
23f282e8 B __bss_limit
