Archive member included to satisfy reference by file (symbol)

/home/industio/ssd20x/gcc-arm-8.2-2018.08-x86_64-arm-linux-gnueabihf/bin/../lib/gcc/arm-linux-gnueabihf/8.2.1/libgcc.a(_udivsi3.o)
                              arch/arm/cpu/armv7/built-in.o (__aeabi_uidiv)
/home/industio/ssd20x/gcc-arm-8.2-2018.08-x86_64-arm-linux-gnueabihf/bin/../lib/gcc/arm-linux-gnueabihf/8.2.1/libgcc.a(_divsi3.o)
                              common/built-in.o (__aeabi_idiv)
/home/industio/ssd20x/gcc-arm-8.2-2018.08-x86_64-arm-linux-gnueabihf/bin/../lib/gcc/arm-linux-gnueabihf/8.2.1/libgcc.a(_arm_addsubdf3.o)
                              drivers/built-in.o (__aeabi_ui2d)
/home/industio/ssd20x/gcc-arm-8.2-2018.08-x86_64-arm-linux-gnueabihf/bin/../lib/gcc/arm-linux-gnueabihf/8.2.1/libgcc.a(_arm_muldivdf3.o)
                              drivers/built-in.o (__aeabi_dmul)
/home/industio/ssd20x/gcc-arm-8.2-2018.08-x86_64-arm-linux-gnueabihf/bin/../lib/gcc/arm-linux-gnueabihf/8.2.1/libgcc.a(_arm_truncdfsf2.o)
                              drivers/built-in.o (__aeabi_d2f)
/home/industio/ssd20x/gcc-arm-8.2-2018.08-x86_64-arm-linux-gnueabihf/bin/../lib/gcc/arm-linux-gnueabihf/8.2.1/libgcc.a(_arm_addsubsf3.o)
                              drivers/built-in.o (__aeabi_fsub)
/home/industio/ssd20x/gcc-arm-8.2-2018.08-x86_64-arm-linux-gnueabihf/bin/../lib/gcc/arm-linux-gnueabihf/8.2.1/libgcc.a(_arm_muldivsf3.o)
                              common/built-in.o (__aeabi_fmul)
/home/industio/ssd20x/gcc-arm-8.2-2018.08-x86_64-arm-linux-gnueabihf/bin/../lib/gcc/arm-linux-gnueabihf/8.2.1/libgcc.a(_arm_fixsfsi.o)
                              drivers/built-in.o (__aeabi_f2iz)
/home/industio/ssd20x/gcc-arm-8.2-2018.08-x86_64-arm-linux-gnueabihf/bin/../lib/gcc/arm-linux-gnueabihf/8.2.1/libgcc.a(_arm_fixunssfsi.o)
                              common/built-in.o (__aeabi_f2uiz)
/home/industio/ssd20x/gcc-arm-8.2-2018.08-x86_64-arm-linux-gnueabihf/bin/../lib/gcc/arm-linux-gnueabihf/8.2.1/libgcc.a(_dvmd_lnx.o)
                              /home/industio/ssd20x/gcc-arm-8.2-2018.08-x86_64-arm-linux-gnueabihf/bin/../lib/gcc/arm-linux-gnueabihf/8.2.1/libgcc.a(_udivsi3.o) (__aeabi_idiv0)

Discarded input sections

 .data          0x0000000000000000        0x0 arch/arm/cpu/armv7/start.o
 .bss           0x0000000000000000        0x0 arch/arm/cpu/armv7/start.o
 .text.mmu_page_table_flush
                0x0000000000000000       0x24 arch/arm/cpu/armv7/built-in.o
 .text.v7_outer_cache_inval_range
                0x0000000000000000        0x4 arch/arm/cpu/armv7/built-in.o
 .text.invalidate_dcache_range
                0x0000000000000000       0xac arch/arm/cpu/armv7/built-in.o
 .text.sdelay   0x0000000000000000        0xc arch/arm/cpu/armv7/built-in.o
 .text.wait_on_value
                0x0000000000000000       0x34 arch/arm/cpu/armv7/built-in.o
 .text.ms_check_chip
                0x0000000000000000        0x8 arch/arm/cpu/armv7/built-in.o
 .text.reset_timer
                0x0000000000000000        0x4 arch/arm/cpu/armv7/built-in.o
 .text.set_timer
                0x0000000000000000        0x4 arch/arm/cpu/armv7/built-in.o
 .text.reset_timer_masked
                0x0000000000000000        0x4 arch/arm/cpu/armv7/built-in.o
 .text.get_timer_masked
                0x0000000000000000        0x8 arch/arm/cpu/armv7/built-in.o
 .text.udelay_masked
                0x0000000000000000        0x4 arch/arm/cpu/armv7/built-in.o
 .rodata.__func__.6359
                0x0000000000000000       0x16 arch/arm/cpu/armv7/built-in.o
 .rodata.invalidate_dcache_range.str1.1
                0x0000000000000000       0x65 arch/arm/cpu/armv7/built-in.o
 .data          0x0000000000000000        0x0 arch/arm/cpu/armv7/built-in.o
 .bss           0x0000000000000000        0x0 arch/arm/cpu/armv7/built-in.o
 .text.flush_cache
                0x0000000000000000        0x4 arch/arm/lib/built-in.o
 .text.flush_dcache_all
                0x0000000000000000        0xc arch/arm/lib/built-in.o
 .text.arm_init_before_mmu
                0x0000000000000000        0x4 arch/arm/lib/built-in.o
 .text.mmu_page_table_flush
                0x0000000000000000        0x4 arch/arm/lib/built-in.o
 .text.mmu_set_region_dcache_behaviour
                0x0000000000000000       0x4c arch/arm/lib/built-in.o
 .data          0x0000000000000000        0x0 arch/arm/lib/built-in.o
 .__secure_end  0x0000000000000000        0x0 arch/arm/lib/built-in.o
 .__secure_start
                0x0000000000000000        0x0 arch/arm/lib/built-in.o
 .bss           0x0000000000000000        0x0 arch/arm/lib/built-in.o
 .text          0x0000000000000000        0x0 common/built-in.o
 .text.hash_finish_crc32
                0x0000000000000000       0x30 common/built-in.o
 .text.hash_update_crc32
                0x0000000000000000       0x24 common/built-in.o
 .text.hash_init_crc32
                0x0000000000000000       0x24 common/built-in.o
 .text.hash_lookup_algo
                0x0000000000000000       0x28 common/built-in.o
[...]
Memory Configuration

Name             Origin             Length             Attributes
*default*        0x0000000000000000 0xffffffffffffffff

Linker script and memory map

Address of section .text set to 0x23e00000
                0x0000000000000000                . = 0x0
                0x0000000000000000                . = ALIGN (0x4)

.text           0x0000000023e00000    0x6de20
 *(.__image_copy_start)
 .__image_copy_start
                0x0000000023e00000        0x0 arch/arm/lib/built-in.o
                0x0000000023e00000                __image_copy_start
 *(.vectors)
 .vectors       0x0000000023e00000      0x2e8 arch/arm/lib/built-in.o
                0x0000000023e00000                _start
                0x0000000023e00020                _undefined_instruction
                0x0000000023e00024                _software_interrupt
                0x0000000023e00028                _prefetch_abort
                0x0000000023e0002c                _data_abort
                0x0000000023e00030                _not_used
                0x0000000023e00034                _irq
                0x0000000023e00038                _fiq
                0x0000000023e00040                IRQ_STACK_START_IN
 arch/arm/cpu/armv7/start.o(.text*)
 .text          0x0000000023e002e8       0x88 arch/arm/cpu/armv7/start.o
                0x0000000023e002e8                reset
                0x0000000023e00320                c_runtime_cpu_setup
                0x0000000023e00330                save_boot_params
                0x0000000023e00334                cpu_init_cp15
 *(.text*)
 *fill*         0x0000000023e00370       0x10 
 .text          0x0000000023e00380       0x2c arch/arm/cpu/armv7/built-in.o
                0x0000000023e00380                reset_cpu
 .text.v7_maint_dcache_all
                0x0000000023e003ac       0xd0 arch/arm/cpu/armv7/built-in.o
 .text.invalidate_icache_all
                0x0000000023e0047c       0x18 arch/arm/cpu/armv7/built-in.o
                0x0000000023e0047c                invalidate_icache_all
 .text.v7_outer_cache_enable
                0x0000000023e00494        0x4 arch/arm/cpu/armv7/built-in.o
                0x0000000023e00494                v7_outer_cache_enable
 .text.v7_outer_cache_disable
                0x0000000023e00498        0x4 arch/arm/cpu/armv7/built-in.o
                0x0000000023e00498                v7_outer_cache_disable
 .text.v7_outer_cache_flush_all
                0x0000000023e0049c        0x4 arch/arm/cpu/armv7/built-in.o
                0x0000000023e0049c                v7_outer_cache_flush_all
 .text.flush_dcache_all
                0x0000000023e004a0       0x14 arch/arm/cpu/armv7/built-in.o
                0x0000000023e004a0                flush_dcache_all
 .text.v7_outer_cache_inval_all
                0x0000000023e004b4        0x4 arch/arm/cpu/armv7/built-in.o
                0x0000000023e004b4                v7_outer_cache_inval_all
 .text.invalidate_dcache_all
                0x0000000023e004b8       0x14 arch/arm/cpu/armv7/built-in.o
                0x0000000023e004b8                invalidate_dcache_all
 .text.arm_init_before_mmu
                0x0000000023e004cc       0x28 arch/arm/cpu/armv7/built-in.o
                0x0000000023e004cc                arm_init_before_mmu
 .text.v7_outer_cache_flush_range
                0x0000000023e004f4        0x4 arch/arm/cpu/armv7/built-in.o
                0x0000000023e004f4                v7_outer_cache_flush_range
 .text.flush_dcache_range
                0x0000000023e004f8       0x3c arch/arm/cpu/armv7/built-in.o
                0x0000000023e004f8                flush_dcache_range
 .text.flush_cache
                0x0000000023e00534        0x8 arch/arm/cpu/armv7/built-in.o
                0x0000000023e00534                flush_cache
 .text.cpu_cache_initialization
                0x0000000023e0053c        0x4 arch/arm/cpu/armv7/built-in.o
                0x0000000023e0053c                cpu_cache_initialization
 .text.cleanup_before_linux
                0x0000000023e00540       0x28 arch/arm/cpu/armv7/built-in.o
                0x0000000023e00540                cleanup_before_linux
 .text.arch_cpu_init
                0x0000000023e00568       0x14 arch/arm/cpu/armv7/built-in.o
                0x0000000023e00568                arch_cpu_init
 .text.dram_init
                0x0000000023e0057c       0x10 arch/arm/cpu/armv7/built-in.o
                0x0000000023e0057c                dram_init
 .text.checkboard
                0x0000000023e0058c       0x6c arch/arm/cpu/armv7/built-in.o
                0x0000000023e0058c                checkboard
 .text.ms_devinfo_boot_type
                0x0000000023e005f8       0x3c arch/arm/cpu/armv7/built-in.o
                0x0000000023e005f8                ms_devinfo_boot_type
 .text.board_late_init
                0x0000000023e00634        0x8 arch/arm/cpu/armv7/built-in.o
                0x0000000023e00634                board_late_init
 .text.Chip_Flush_Memory
                0x0000000023e0063c       0x28 arch/arm/cpu/armv7/built-in.o
                0x0000000023e0063c                Chip_Flush_Memory
 .text.Chip_Read_Memory
                0x0000000023e00664       0x28 arch/arm/cpu/armv7/built-in.o
                0x0000000023e00664                Chip_Read_Memory
 .text.timer_init
                0x0000000023e0068c       0x28 arch/arm/cpu/armv7/built-in.o
                0x0000000023e0068c                timer_init
 .text.__udelay
                0x0000000023e006b4       0x68 arch/arm/cpu/armv7/built-in.o
                0x0000000023e006b4                __udelay
 .text.get_ticks
                0x0000000023e0071c        0xc arch/arm/cpu/armv7/built-in.o
                0x0000000023e0071c                get_ticks
 .text.get_tbclk
                0x0000000023e00728        0x8 arch/arm/cpu/armv7/built-in.o
                0x0000000023e00728                get_tbclk
 .text.get_ms_ticks
                0x0000000023e00730       0x34 arch/arm/cpu/armv7/built-in.o
                0x0000000023e00730                get_ms_ticks
 .text.get_full_ms_ticks
                0x0000000023e00764       0x24 arch/arm/cpu/armv7/built-in.o
                0x0000000023e00764                get_full_ms_ticks
 .text.get_timer
                0x0000000023e00788       0x5c arch/arm/cpu/armv7/built-in.o
                0x0000000023e00788                get_timer
 .text.board_init
                0x0000000023e007e4       0x34 arch/arm/cpu/armv7/built-in.o
                0x0000000023e007e4                board_init
 .text          0x0000000023e00818       0xa0 arch/arm/lib/built-in.o
                0x0000000023e00818                _main
 .text.relocate_vectors
                0x0000000023e008b8       0x70 arch/arm/lib/built-in.o
                0x0000000023e008b8                relocate_vectors
                0x0000000023e008c4                relocate_code
 .text.boot_jump_linux.isra.4
                0x0000000023e00928       0xa4 arch/arm/lib/built-in.o
 .text.arch_lmb_reserve
                0x0000000023e009cc       0x24 arch/arm/lib/built-in.o
                0x0000000023e009cc                arch_lmb_reserve
 .text.setup_board_tags
                0x0000000023e009f0        0x4 arch/arm/lib/built-in.o
                0x0000000023e009f0                setup_board_tags
 .text.boot_prep_linux
                0x0000000023e009f4      0x168 arch/arm/lib/built-in.o
 .text.do_bootm_linux
                0x0000000023e00b5c       0x64 arch/arm/lib/built-in.o
                0x0000000023e00b5c                do_bootm_linux
 .text.boot_prep_vxworks
                0x0000000023e00bc0        0x4 arch/arm/lib/built-in.o
                0x0000000023e00bc0                boot_prep_vxworks
 .text.boot_jump_vxworks
                0x0000000023e00bc4        0xc arch/arm/lib/built-in.o
                0x0000000023e00bc4                boot_jump_vxworks
 .text.interrupt_init
                0x0000000023e00bd0       0x1c arch/arm/lib/built-in.o
                0x0000000023e00bd0                interrupt_init
 .text.enable_interrupts
                0x0000000023e00bec        0x4 arch/arm/lib/built-in.o
                0x0000000023e00bec                enable_interrupts
 .text.disable_interrupts
                0x0000000023e00bf0        0x8 arch/arm/lib/built-in.o
                0x0000000023e00bf0                disable_interrupts
 .text.bad_mode
                0x0000000023e00bf8       0x10 arch/arm/lib/built-in.o
                0x0000000023e00bf8                bad_mode
 .text.show_regs
                0x0000000023e00c08      0x13c arch/arm/lib/built-in.o
                0x0000000023e00c08                show_regs
 .text.do_undefined_instruction
                0x0000000023e00d44       0x20 arch/arm/lib/built-in.o
                0x0000000023e00d44                do_undefined_instruction
 .text.do_software_interrupt
                0x0000000023e00d64       0x20 arch/arm/lib/built-in.o
                0x0000000023e00d64                do_software_interrupt
 .text.do_prefetch_abort
                0x0000000023e00d84       0x20 arch/arm/lib/built-in.o
                0x0000000023e00d84                do_prefetch_abort
 .text.do_data_abort
                0x0000000023e00da4       0x20 arch/arm/lib/built-in.o
                0x0000000023e00da4                do_data_abort
 .text.do_not_used
                0x0000000023e00dc4       0x20 arch/arm/lib/built-in.o
                0x0000000023e00dc4                do_not_used
 .text.do_fiq   0x0000000023e00de4       0x20 arch/arm/lib/built-in.o
                0x0000000023e00de4                do_fiq
 .text.do_irq   0x0000000023e00e04       0x20 arch/arm/lib/built-in.o
                0x0000000023e00e04                do_irq
 .text.reset_misc
                0x0000000023e00e24        0x4 arch/arm/lib/built-in.o
                0x0000000023e00e24                reset_misc
 .text.do_reset
                0x0000000023e00e28       0x30 arch/arm/lib/built-in.o
                0x0000000023e00e28                do_reset
 .text.enable_caches
                0x0000000023e00e58        0xc arch/arm/lib/built-in.o
                0x0000000023e00e58                enable_caches
 .text.cp_delay
                0x0000000023e00e64       0x30 arch/arm/lib/built-in.o
 .text.cache_disable
                0x0000000023e00e94       0x48 arch/arm/lib/built-in.o
 .text.arm_init_domains
                0x0000000023e00edc        0x4 arch/arm/lib/built-in.o
                0x0000000023e00edc                arm_init_domains
 .text.set_section_dcache
                0x0000000023e00ee0       0x14 arch/arm/lib/built-in.o
                0x0000000023e00ee0                set_section_dcache
 .text.dram_bank_mmu_setup
                0x0000000023e00ef4       0x40 arch/arm/lib/built-in.o
                0x0000000023e00ef4                dram_bank_mmu_setup
 .text.icache_enable
                0x0000000023e00f34       0x18 arch/arm/lib/built-in.o
                0x0000000023e00f34                icache_enable
 .text.icache_disable
                0x0000000023e00f4c        0x8 arch/arm/lib/built-in.o
                0x0000000023e00f4c                icache_disable
 .text.icache_status
                0x0000000023e00f54        0xc arch/arm/lib/built-in.o
                0x0000000023e00f54                icache_status
 .text.dcache_enable
                0x0000000023e00f60       0x6c arch/arm/lib/built-in.o
                0x0000000023e00f60                dcache_enable
 .text.dcache_disable
                0x0000000023e00fcc        0x8 arch/arm/lib/built-in.o
                0x0000000023e00fcc                dcache_disable
 .text.dcache_status
                0x0000000023e00fd4        0xc arch/arm/lib/built-in.o
                0x0000000023e00fd4                dcache_status
 .text.show_boot_progress
                0x0000000023e00fe0        0x4 common/built-in.o
                0x0000000023e00fe0                show_boot_progress
 .text.main_loop
                0x0000000023e00fe4       0x20 common/built-in.o
                0x0000000023e00fe4                main_loop
 .text.dummy    0x0000000023e01004        0x4 common/built-in.o
 .text.get_version
                0x0000000023e01008        0x8 common/built-in.o
                0x0000000023e01008                get_version
 .text.jumptable_init
                0x0000000023e01010      0x1a0 common/built-in.o
                0x0000000023e01010                jumptable_init
 .text.hash_command
                0x0000000023e011b0       0xb0 common/built-in.o
                0x0000000023e011b0                hash_command
 .text.bootdelay_process
                0x0000000023e01260      0x20c common/built-in.o
                0x0000000023e01260                bootdelay_process
 .text.autoboot_command
                0x0000000023e0146c      0x2a4 common/built-in.o
                0x0000000023e0146c                autoboot_command
 .text.print_cpuinfo
                0x0000000023e01710        0x8 common/built-in.o
 .text.display_text_info
                0x0000000023e01718        0x8 common/built-in.o
 .text.setup_mon_len
                0x0000000023e01720       0x20 common/built-in.o
 .text.reserve_round_4k
                0x0000000023e01740       0x18 common/built-in.o
 .text.reserve_mmu
                0x0000000023e01758       0x38 common/built-in.o
 .text.reserve_uboot
                0x0000000023e01790       0x30 common/built-in.o
 .text.reserve_malloc
                0x0000000023e017c0       0x18 common/built-in.o
 .text.reserve_global_data
                0x0000000023e017d8       0x1c common/built-in.o
 .text.reserve_fdt
                0x0000000023e017f4       0x4c common/built-in.o
 .text.reserve_stacks
                0x0000000023e01840       0x34 common/built-in.o
 .text.init_func_watchdog_reset
                0x0000000023e01874       0x10 common/built-in.o
                0x0000000023e01874                init_func_watchdog_reset
 .text.setup_reloc
                0x0000000023e01884       0x2c common/built-in.o
 .text.announce_dram_init
                0x0000000023e018b0       0x18 common/built-in.o
 .text.init_func_i2c
                0x0000000023e018c8       0x28 common/built-in.o
 .text.init_func_watchdog_init
                0x0000000023e018f0       0x20 common/built-in.o
 .text.init_baud_rate
                0x0000000023e01910       0x2c common/built-in.o
 .text.mark_bootstage
                0x0000000023e0193c       0x14 common/built-in.o
 .text.reloc_fdt
                0x0000000023e01950       0x38 common/built-in.o
 .text.reserve_board
                0x0000000023e01988       0x40 common/built-in.o
 .text.initf_dm
                0x0000000023e019c8        0x8 common/built-in.o
 .text.setup_fdt
                0x0000000023e019d0        0x8 common/built-in.o
 .text.reserve_trace
                0x0000000023e019d8        0x8 common/built-in.o
 .text.setup_machine
                0x0000000023e019e0        0x8 common/built-in.o
 .text.display_new_sp
                0x0000000023e019e8        0x8 common/built-in.o
 .text.initf_malloc
                0x0000000023e019f0        0x8 common/built-in.o
 .text.coloured_LED_init
                0x0000000023e019f8        0x4 common/built-in.o
                0x0000000023e019f8                coloured_LED_init
 .text.red_led_on
                0x0000000023e019fc        0x4 common/built-in.o
                0x0000000023e019fc                red_led_on
 .text.board_add_ram_info
                0x0000000023e01a00        0x4 common/built-in.o
                0x0000000023e01a00                board_add_ram_info
 .text.show_dram_config
                0x0000000023e01a04       0x24 common/built-in.o
 .text.dram_init_banksize
                0x0000000023e01a28       0x20 common/built-in.o
                0x0000000023e01a28                dram_init_banksize
 .text.setup_dram_config
                0x0000000023e01a48       0x10 common/built-in.o
 .text.board_get_usable_ram_top
                0x0000000023e01a58        0x8 common/built-in.o
                0x0000000023e01a58                board_get_usable_ram_top
 .text.setup_dest_addr
                0x0000000023e01a60       0x3c common/built-in.o
 .text.board_init_f
                0x0000000023e01a9c       0x28 common/built-in.o
                0x0000000023e01a9c                board_init_f
 .text.bootstage_relocate
                0x0000000023e01ac4        0x8 common/built-in.o
 .text.initr_trace
                0x0000000023e01acc        0x8 common/built-in.o
 .text.initr_reloc_global_data
                0x0000000023e01ad4       0x28 common/built-in.o
 .text.run_main_loop
                0x0000000023e01afc        0xc common/built-in.o
 .text.initr_net
                0x0000000023e01b08       0x20 common/built-in.o
 .text.initr_ethaddr
                0x0000000023e01b28       0x20 common/built-in.o
 .text.initr_enable_interrupts
                0x0000000023e01b48       0x10 common/built-in.o
 .text.initr_jumptable
                0x0000000023e01b58       0x10 common/built-in.o
 .text.initr_env
                0x0000000023e01b68       0x30 common/built-in.o
 .text.initr_mmc
                0x0000000023e01b98       0x20 common/built-in.o
 .text.initr_nand
                0x0000000023e01bb8       0x50 common/built-in.o
 .text.initr_serial
                0x0000000023e01c08       0x10 common/built-in.o
 .text.initr_malloc
                0x0000000023e01c18       0x24 common/built-in.o
 .text.initr_caches
                0x0000000023e01c3c       0x10 common/built-in.o
 .text.initr_reloc
                0x0000000023e01c4c       0x24 common/built-in.o
 .text.initr_sstar
                0x0000000023e01c70       0x30 common/built-in.o
 .text.initr_flash
                0x0000000023e01ca0        0x8 common/built-in.o
 .text.initr_barrier
                0x0000000023e01ca8        0x8 common/built-in.o
 .text.power_init_board
                0x0000000023e01cb0        0x8 common/built-in.o
                0x0000000023e01cb0                power_init_board
 .text.initr_announce
                0x0000000023e01cb8        0x8 common/built-in.o
 .text.cpu_secondary_init_r
                0x0000000023e01cc0        0x4 common/built-in.o
                0x0000000023e01cc0                cpu_secondary_init_r
 .text.initr_secondary_cpu
                0x0000000023e01cc4       0x10 common/built-in.o
 .text.board_init_r
                0x0000000023e01cd4       0x14 common/built-in.o
                0x0000000023e01cd4                board_init_r
 .text.do_go_exec
                0x0000000023e01ce8       0x10 common/built-in.o
                0x0000000023e01ce8                do_go_exec
 .text.do_go    0x0000000023e01cf8       0x6c common/built-in.o
 .text.do_bootm
                0x0000000023e01d64      0x100 common/built-in.o
                0x0000000023e01d64                do_bootm
 .text.bootm_maybe_autostart
                0x0000000023e01e64       0x78 common/built-in.o
                0x0000000023e01e64                bootm_maybe_autostart
 .text.bootm_find_ramdisk_fdt
                0x0000000023e01edc       0x4c common/built-in.o
                0x0000000023e01edc                bootm_find_ramdisk_fdt
 .text.bootm_decomp_image
                0x0000000023e01f28      0x1e0 common/built-in.o
                0x0000000023e01f28                bootm_decomp_image
 .text.bootm_disable_interrupts
                0x0000000023e02108       0x50 common/built-in.o
                0x0000000023e02108                bootm_disable_interrupts
 .text.image_get_kernel
                0x0000000023e02158       0xec common/built-in.o
                0x0000000023e02158                image_get_kernel
 .text.do_bootm_states
                0x0000000023e02244      0x7bc common/built-in.o
                0x0000000023e02244                do_bootm_states
 .text.copy_args
                0x0000000023e02a00       0x48 common/built-in.o
 .text.do_bootm_rtems
                0x0000000023e02a48       0x40 common/built-in.o
 .text.do_bootm_plan9
                0x0000000023e02a88       0xa4 common/built-in.o
 .text.do_bootm_standalone
                0x0000000023e02b2c       0x64 common/built-in.o
 .text.do_bootm_netbsd
                0x0000000023e02b90       0xf8 common/built-in.o
 .text.do_bootvx_fdt
                0x0000000023e02c88       0x3c common/built-in.o
                0x0000000023e02c88                do_bootvx_fdt
 .text.do_bootm_vxworks
                0x0000000023e02cc4       0x24 common/built-in.o
 .text.arch_preboot_os
                0x0000000023e02ce8        0x4 common/built-in.o
                0x0000000023e02ce8                arch_preboot_os
 .text.boot_selected_os
                0x0000000023e02cec       0x58 common/built-in.o
                0x0000000023e02cec                boot_selected_os
 .text.bootm_os_get_boot_func
                0x0000000023e02d44       0x10 common/built-in.o
                0x0000000023e02d44                bootm_os_get_boot_func
 .text.do_help  0x0000000023e02d54       0x44 common/built-in.o
 .text.do_version
                0x0000000023e02d98       0x38 common/built-in.o
 .text.env_attr_walk
                0x0000000023e02dd0      0x10c common/built-in.o
                0x0000000023e02dd0                env_attr_walk
 .text.env_attr_lookup
                0x0000000023e02edc      0x18c common/built-in.o
                0x0000000023e02edc                env_attr_lookup
 .text.clear_callback
                0x0000000023e03068       0x10 common/built-in.o
 .text.find_env_callback
                0x0000000023e03078       0x5c common/built-in.o
 .text.on_callbacks
                0x0000000023e030d4       0x48 common/built-in.o
 .text.set_callback
                0x0000000023e0311c       0x98 common/built-in.o
 .text.env_callback_init
                0x0000000023e031b4       0xc4 common/built-in.o
                0x0000000023e031b4                env_callback_init
 .text.skip_num
                0x0000000023e03278       0x6c common/built-in.o
 .text.clear_flags
                0x0000000023e032e4       0x10 common/built-in.o
 .text.on_flags
                0x0000000023e032f4       0x48 common/built-in.o
 .text.env_flags_parse_vartype
                0x0000000023e0333c       0x50 common/built-in.o
                0x0000000023e0333c                env_flags_parse_vartype
 .text.env_flags_parse_varaccess
                0x0000000023e0338c       0x50 common/built-in.o
                0x0000000023e0338c                env_flags_parse_varaccess
 .text.set_flags
                0x0000000023e033dc       0xac common/built-in.o
 .text.env_flags_init
                0x0000000023e03488       0xd8 common/built-in.o
                0x0000000023e03488                env_flags_init
 .text.env_flags_validate
                0x0000000023e03560      0x2fc common/built-in.o
                0x0000000023e03560                env_flags_validate
 .text.readenv  0x0000000023e0385c       0xd0 common/built-in.o
 .text.erase_and_write_env
                0x0000000023e0392c      0x11c common/built-in.o
 .text.env_init
                0x0000000023e03a48       0x1c common/built-in.o
                0x0000000023e03a48                env_init
 .text.saveenv  0x0000000023e03a64      0x16c common/built-in.o
                0x0000000023e03a64                saveenv
 .text.env_relocate_spec
                0x0000000023e03bd0      0x23c common/built-in.o
                0x0000000023e03bd0                env_relocate_spec
 .text.parse_argv
                0x0000000023e03e0c       0x64 common/built-in.o
 .text.do_icache
                0x0000000023e03e70       0x88 common/built-in.o
 .text.do_dcache
                0x0000000023e03ef8       0x88 common/built-in.o
 .text.eeprom_read
                0x0000000023e03f80       0x78 common/built-in.o
                0x0000000023e03f80                eeprom_read
 .text.eeprom_write
                0x0000000023e03ff8       0x78 common/built-in.o
                0x0000000023e03ff8                eeprom_write
 .text.eeprom_init
                0x0000000023e04070        0xc common/built-in.o
                0x0000000023e04070                eeprom_init
 .text.do_eeprom
                0x0000000023e0407c      0x104 common/built-in.o
 .text.do_fat_size
                0x0000000023e04180       0x18 common/built-in.o
                0x0000000023e04180                do_fat_size
 .text.do_fat_fsload
                0x0000000023e04198       0x18 common/built-in.o
                0x0000000023e04198                do_fat_fsload
 .text.do_fat_ls
                0x0000000023e041b0       0x18 common/built-in.o
 .text.do_fat_fsinfo
                0x0000000023e041c8       0x8c common/built-in.o
 .text.do_i2c   0x0000000023e04254       0x68 common/built-in.o
 .text.do_i2c_reset
                0x0000000023e042bc       0x2c common/built-in.o
 .text.do_i2c_probe
                0x0000000023e042e8       0xa0 common/built-in.o
 .text.do_i2c_bus_speed
                0x0000000023e04388       0x74 common/built-in.o
 .text.do_i2c_show_bus
                0x0000000023e043fc       0xdc common/built-in.o
 .text.do_i2c_bus_num
                0x0000000023e044d8       0xb4 common/built-in.o
 .text.get_alen.constprop.7
                0x0000000023e0458c       0x3c common/built-in.o
 .text.do_i2c_read
                0x0000000023e045c8       0xbc common/built-in.o
 .text.do_i2c_write
                0x0000000023e04684       0xf8 common/built-in.o
 .text.do_i2c_loop
                0x0000000023e0477c       0xec common/built-in.o
 .text.do_i2c_mw
                0x0000000023e04868       0xfc common/built-in.o
 .text.do_i2c_md
                0x0000000023e04964      0x1e0 common/built-in.o
 .text.mod_i2c_mem.isra.5
                0x0000000023e04b44      0x1f0 common/built-in.o
 .text.do_i2c_nm
                0x0000000023e04d34        0x8 common/built-in.o
 .text.do_i2c_mm
                0x0000000023e04d3c        0x8 common/built-in.o
 .text.do_i2c_crc
                0x0000000023e04d44      0x120 common/built-in.o
 .text.i2c_init_board
                0x0000000023e04e64        0x4 common/built-in.o
                0x0000000023e04e64                i2c_init_board
 .text.do_mem_md
                0x0000000023e04e68       0xe8 common/built-in.o
 .text.do_mem_base
                0x0000000023e04f50       0x40 common/built-in.o
 .text.do_mem_crc
                0x0000000023e04f90       0x48 common/built-in.o
 .text.do_mem_mw
                0x0000000023e04fd8       0xc0 common/built-in.o
 .text.do_mem_loop
                0x0000000023e05098       0xe8 common/built-in.o
 .text.mod_mem.isra.2.part.3
                0x0000000023e05180      0x164 common/built-in.o
 .text.do_mem_mm
                0x0000000023e052e4       0x1c common/built-in.o
 .text.do_mem_cp
                0x0000000023e05300       0xe0 common/built-in.o
 .text.do_mem_cmp
                0x0000000023e053e0      0x170 common/built-in.o
 .text.do_mem_nm
                0x0000000023e05550       0x1c common/built-in.o
 .text.do_mmcops
                0x0000000023e0556c       0xb8 common/built-in.o
 .text.init_mmc_device
                0x0000000023e05624       0x50 common/built-in.o
 .text.do_mmc_rescan
                0x0000000023e05674       0x24 common/built-in.o
 .text.do_mmc_list
                0x0000000023e05698       0x14 common/built-in.o
 .text.do_mmc_dev
                0x0000000023e056ac      0x124 common/built-in.o
 .text.do_mmcinfo
                0x0000000023e057d0      0x18c common/built-in.o
 .text.do_mmc_setdsr
                0x0000000023e0595c       0xa4 common/built-in.o
 .text.do_mmc_part
                0x0000000023e05a00       0x5c common/built-in.o
 .text.do_mmc_erase
                0x0000000023e05a5c       0xe8 common/built-in.o
 .text.do_mmc_write
                0x0000000023e05b44      0x10c common/built-in.o
 .text.do_mmc_read
                0x0000000023e05c50       0xf0 common/built-in.o
 .text.part_delall
                0x0000000023e05d40       0x40 common/built-in.o
 .text.memsize_parse
                0x0000000023e05d80       0x80 common/built-in.o
 .text.mtd_part_info
                0x0000000023e05e00       0x9c common/built-in.o
 .text.memsize_format
                0x0000000023e05e9c       0x84 common/built-in.o
 .text.index_partitions
                0x0000000023e05f20       0xac common/built-in.o
 .text.current_save
                0x0000000023e05fcc       0xb8 common/built-in.o
 .text.part_sort_add
                0x0000000023e06084      0x128 common/built-in.o
 .text.device_del
                0x0000000023e061ac       0x7c common/built-in.o
 .text.generate_mtdparts_save.constprop.6
                0x0000000023e06228      0x2ec common/built-in.o
 .text.device_delall.constprop.8
                0x0000000023e06514       0x64 common/built-in.o
 .text.mtd_devices_init
                0x0000000023e06578       0x2c common/built-in.o
 .text.get_mtd_info.constprop.9
                0x0000000023e065a4       0x80 common/built-in.o
 .text.part_validate
                0x0000000023e06624      0x35c common/built-in.o
 .text.device_find
                0x0000000023e06980       0x4c common/built-in.o
                0x0000000023e06980                device_find
 .text.device_parse
                0x0000000023e069cc      0x510 common/built-in.o
 .text.mtd_id_parse
                0x0000000023e06edc      0x11c common/built-in.o
                0x0000000023e06edc                mtd_id_parse
 .text.find_dev_and_part
                0x0000000023e06ff8      0x1a4 common/built-in.o
                0x0000000023e06ff8                find_dev_and_part
 .text.mtdparts_init
                0x0000000023e0719c      0x640 common/built-in.o
                0x0000000023e0719c                mtdparts_init
 .text.do_chpart
                0x0000000023e077dc       0xcc common/built-in.o
 .text.do_mtdparts
                0x0000000023e078a8      0x5a4 common/built-in.o
 .text.set_dev  0x0000000023e07e4c       0x70 common/built-in.o
 .text.arg_off  0x0000000023e07ebc      0x110 common/built-in.o
 .text.arg_off_size
                0x0000000023e07fcc      0x148 common/built-in.o
 .text.adjust_size_for_badblocks
                0x0000000023e08114       0xd8 common/built-in.o
 .text.nand_load_image
                0x0000000023e081ec      0x1bc common/built-in.o
 .text.do_nandboot
                0x0000000023e083a8      0x250 common/built-in.o
 .text.nand_print_and_set_info.constprop.2
                0x0000000023e085f8       0xb4 common/built-in.o
 .text.otp_access
                0x0000000023e086ac      0x2d0 common/built-in.o
                0x0000000023e086ac                otp_access
 .text.nand_set_driving
                0x0000000023e0897c       0x84 common/built-in.o
                0x0000000023e0897c                nand_set_driving
 .text.nand_set_dev_driving
                0x0000000023e08a00       0x40 common/built-in.o
                0x0000000023e08a00                nand_set_dev_driving
 .text.nand_set_quad_mode
                0x0000000023e08a40       0x5c common/built-in.o
                0x0000000023e08a40                nand_set_quad_mode
 .text.do_nand  0x0000000023e08a9c      0xf68 common/built-in.o
 .text.netboot_common
                0x0000000023e09a04      0x2fc common/built-in.o
 .text.do_sfbin
                0x0000000023e09d00      0x1ac common/built-in.o
 .text.do_bootp
                0x0000000023e09eac        0xc common/built-in.o
 .text.do_dhcp  0x0000000023e09eb8        0xc common/built-in.o
 .text.do_tftpb
                0x0000000023e09ec4       0x40 common/built-in.o
                0x0000000023e09ec4                do_tftpb
 .text.do_ping  0x0000000023e09f04       0x78 common/built-in.o
 .text.bytes_per_second
                0x0000000023e09f7c       0x50 common/built-in.o
 .text.do_spi_flash
                0x0000000023e09fcc      0x750 common/built-in.o
 .text.get_sf_size
                0x0000000023e0a71c       0x54 common/built-in.o
                0x0000000023e0a71c                get_sf_size
 .text.ubi_find_volume
                0x0000000023e0a770       0x70 common/built-in.o
 .text.ubi_volume_continue_write
                0x0000000023e0a7e0       0xb8 common/built-in.o
 .text.ubi_volume_begin_write
                0x0000000023e0a898       0xa0 common/built-in.o
                0x0000000023e0a898                ubi_volume_begin_write
 .text.ubi_volume_write
                0x0000000023e0a938        0x8 common/built-in.o
                0x0000000023e0a938                ubi_volume_write
 .text.ubi_volume_read
                0x0000000023e0a940      0x1d4 common/built-in.o
                0x0000000023e0a940                ubi_volume_read
 .text.ubi_part
                0x0000000023e0ab14      0x234 common/built-in.o
                0x0000000023e0ab14                ubi_part
 .text.do_ubi   0x0000000023e0ad48      0x854 common/built-in.o
 .text.usb_get_class_desc
                0x0000000023e0b59c       0xc0 common/built-in.o
 .text.usb_display_class_sub
                0x0000000023e0b65c      0x178 common/built-in.o
 .text.usb_find_device
                0x0000000023e0b7d4       0x3c common/built-in.o
 .text.usb_show_tree_graph
                0x0000000023e0b810      0x214 common/built-in.o
 .text.usb_display_string
                0x0000000023e0ba24       0x44 common/built-in.o
 .text.usb_display_config
                0x0000000023e0ba68      0x220 common/built-in.o
 .text.do_usbboot
                0x0000000023e0bc88        0xc common/built-in.o
 .text.usb_display_desc
                0x0000000023e0bc94      0x138 common/built-in.o
 .text.do_usb   0x0000000023e0bdcc      0x964 common/built-in.o
 .text.usb_set_maxpacket_ep
                0x0000000023e0c730       0x54 common/built-in.o
 .text.wait_ms  0x0000000023e0c784       0x1c common/built-in.o
                0x0000000023e0c784                wait_ms
 .text.usb_stop
                0x0000000023e0c7a0       0x30 common/built-in.o
                0x0000000023e0c7a0                usb_stop
 .text.usb_disable_asynch
                0x0000000023e0c7d0       0x20 common/built-in.o
                0x0000000023e0c7d0                usb_disable_asynch
 .text.usb_control_msg
                0x0000000023e0c7f0       0xc8 common/built-in.o
                0x0000000023e0c7f0                usb_control_msg
 .text.usb_bulk_msg
                0x0000000023e0c8b8       0x80 common/built-in.o
                0x0000000023e0c8b8                usb_bulk_msg
 .text.usb_maxpacket
                0x0000000023e0c938       0x18 common/built-in.o
                0x0000000023e0c938                usb_maxpacket
 .text.usb_set_maxpacket
                0x0000000023e0c950       0x64 common/built-in.o
                0x0000000023e0c950                usb_set_maxpacket
 .text.usb_parse_config
                0x0000000023e0c9b4      0x254 common/built-in.o
                0x0000000023e0c9b4                usb_parse_config
 .text.usb_clear_halt
                0x0000000023e0cc08       0x90 common/built-in.o
                0x0000000023e0cc08                usb_clear_halt
 .text.usb_get_descriptor
                0x0000000023e0cc98       0x58 common/built-in.o
                0x0000000023e0cc98                usb_get_descriptor
 .text.usb_get_configuration_no
                0x0000000023e0ccf0       0xbc common/built-in.o
                0x0000000023e0ccf0                usb_get_configuration_no
 .text.usb_set_address
                0x0000000023e0cdac       0x40 common/built-in.o
                0x0000000023e0cdac                usb_set_address
 .text.usb_set_interface
                0x0000000023e0cdec       0xb4 common/built-in.o
                0x0000000023e0cdec                usb_set_interface
 .text.usb_set_configuration
                0x0000000023e0cea0       0x5c common/built-in.o
                0x0000000023e0cea0                usb_set_configuration
 .text.usb_get_string
                0x0000000023e0cefc       0x48 common/built-in.o
                0x0000000023e0cefc                usb_get_string
 .text.usb_string_sub
                0x0000000023e0cf44      0x104 common/built-in.o
 .text.usb_string
                0x0000000023e0d048      0x100 common/built-in.o
                0x0000000023e0d048                usb_string
 .text.usb_get_dev_index
                0x0000000023e0d148       0x24 common/built-in.o
                0x0000000023e0d148                usb_get_dev_index
 .text.usb_alloc_new_device
                0x0000000023e0d16c       0x7c common/built-in.o
                0x0000000023e0d16c                usb_alloc_new_device
 .text.usb_alloc_device
                0x0000000023e0d1e8        0x8 common/built-in.o
                0x0000000023e0d1e8                usb_alloc_device
 .text.usb_get_hub_descriptor
                0x0000000023e0d1f0       0x5c common/built-in.o
                0x0000000023e0d1f0                usb_get_hub_descriptor
 .text.usb_clear_port_feature
                0x0000000023e0d24c       0x4c common/built-in.o
                0x0000000023e0d24c                usb_clear_port_feature
 .text.usb_set_port_feature
                0x0000000023e0d298       0x4c common/built-in.o
                0x0000000023e0d298                usb_set_port_feature
 .text.usb_hub_power_on
                0x0000000023e0d2e4       0x44 common/built-in.o
 .text.usb_get_hub_status
                0x0000000023e0d328       0x48 common/built-in.o
                0x0000000023e0d328                usb_get_hub_status
 .text.usb_get_port_status
                0x0000000023e0d370       0x4c common/built-in.o
                0x0000000023e0d370                usb_get_port_status
 .text.usb_hub_allocate
                0x0000000023e0d3bc       0x48 common/built-in.o
                0x0000000023e0d3bc                usb_hub_allocate
 .text.hub_port_reset
                0x0000000023e0d404       0x9c common/built-in.o
                0x0000000023e0d404                hub_port_reset
 .text.usb_hub_probe
                0x0000000023e0d4a0       0x54 common/built-in.o
                0x0000000023e0d4a0                usb_hub_probe
 .text.usb_new_device
                0x0000000023e0d4f4      0x380 common/built-in.o
                0x0000000023e0d4f4                usb_new_device
 .text.usb_scan_devices
                0x0000000023e0d874       0x94 common/built-in.o
                0x0000000023e0d874                usb_scan_devices
 .text._usb_init
                0x0000000023e0d908       0xcc common/built-in.o
                0x0000000023e0d908                _usb_init
 .text.usb_init
                0x0000000023e0d9d4       0x14 common/built-in.o
                0x0000000023e0d9d4                usb_init
 .text.usb_init_exhub_port
                0x0000000023e0d9e8       0x50 common/built-in.o
                0x0000000023e0d9e8                usb_init_exhub_port
 .text.usb_post_init
                0x0000000023e0da38       0xb0 common/built-in.o
                0x0000000023e0da38                usb_post_init
 .text.usb_hub_port_connect_change
                0x0000000023e0dae8      0x138 common/built-in.o
                0x0000000023e0dae8                usb_hub_port_connect_change
 .text.usb_hub_configure
                0x0000000023e0dc20      0x324 common/built-in.o
                0x0000000023e0dc20                usb_hub_configure
 .text.usb_stor_irq
                0x0000000023e0df44       0x1c common/built-in.o
 .text.usb_stor_BBB_reset
                0x0000000023e0df60       0xd8 common/built-in.o
 .text.usb_stor_CB_reset
                0x0000000023e0e038       0xd0 common/built-in.o
 .text.usb_stor_BBB_clear_endpt_stall.isra.2
                0x0000000023e0e108       0x40 common/built-in.o
 .text.usb_stor_BBB_transport
                0x0000000023e0e148      0x264 common/built-in.o
 .text.usb_stor_CB_comdat
                0x0000000023e0e3ac      0x210 common/built-in.o
 .text.usb_stor_CBI_get_status.isra.4
                0x0000000023e0e5bc       0xcc common/built-in.o
 .text.usb_stor_CB_transport
                0x0000000023e0e688      0x1f8 common/built-in.o
 .text.usb_request_sense.constprop.10
                0x0000000023e0e880       0x70 common/built-in.o
 .text.usb_stor_write
                0x0000000023e0e8f0      0x194 common/built-in.o
                0x0000000023e0e8f0                usb_stor_write
 .text.usb_stor_read
                0x0000000023e0ea84      0x194 common/built-in.o
                0x0000000023e0ea84                usb_stor_read
 .text.usb_stor_get_dev
                0x0000000023e0ec18       0x28 common/built-in.o
                0x0000000023e0ec18                usb_stor_get_dev
 .text.usb_stor_info
                0x0000000023e0ec40       0x74 common/built-in.o
                0x0000000023e0ec40                usb_stor_info
 .text.usb_storage_probe
                0x0000000023e0ecb4      0x210 common/built-in.o
                0x0000000023e0ecb4                usb_storage_probe
 .text.usb_stor_get_info
                0x0000000023e0eec4      0x328 common/built-in.o
                0x0000000023e0eec4                usb_stor_get_info
 .text.usb_stor_scan
                0x0000000023e0f1ec      0x1d8 common/built-in.o
                0x0000000023e0f1ec                usb_stor_scan
 .text.BootLogoMemAlloc
                0x0000000023e0f3c4        0x8 common/built-in.o
                0x0000000023e0f3c4                BootLogoMemAlloc
 .text.BootLogoMemRelease
                0x0000000023e0f3cc        0x8 common/built-in.o
                0x0000000023e0f3cc                BootLogoMemRelease
 .text.do_bootfb
                0x0000000023e0f3d4        0x8 common/built-in.o
                0x0000000023e0f3d4                do_bootfb
 .text._BootLogoGetTiminId
                0x0000000023e0f3dc      0x1d4 common/built-in.o
                0x0000000023e0f3dc                _BootLogoGetTiminId
 .text._BootLogoDispPnlInit
                0x0000000023e0f5b0       0xbc common/built-in.o
                0x0000000023e0f5b0                _BootLogoDispPnlInit
 .text._BootLogoYuv444ToYuv420
                0x0000000023e0f66c      0x3bc common/built-in.o
                0x0000000023e0f66c                _BootLogoYuv444ToYuv420
 .text._BootDispCtrl
                0x0000000023e0fa28      0x4ac common/built-in.o
                0x0000000023e0fa28                _BootDispCtrl
 .text._BootDbTable
                0x0000000023e0fed4      0x244 common/built-in.o
                0x0000000023e0fed4                _BootDbTable
 .text.do_display
                0x0000000023e10118      0x804 common/built-in.o
                0x0000000023e10118                do_display
 .text.do_env_delete
                0x0000000023e1091c       0xa0 common/built-in.o
 .text.do_env_save
                0x0000000023e109bc       0x2c common/built-in.o
 .text.do_env   0x0000000023e109e8       0x68 common/built-in.o
 .text.env_print
                0x0000000023e10a50       0xc4 common/built-in.o
 .text.do_env_print
                0x0000000023e10b14       0xc0 common/built-in.o
 .text.do_env_import
                0x0000000023e10bd4      0x280 common/built-in.o
 .text.do_env_default
                0x0000000023e10e54       0x8c common/built-in.o
 .text._do_env_set.isra.0
                0x0000000023e10ee0      0x1ac common/built-in.o
 .text.do_env_set
                0x0000000023e1108c       0x1c common/built-in.o
 .text.get_env_id
                0x0000000023e110a8       0x10 common/built-in.o
                0x0000000023e110a8                get_env_id
 .text.setenv   0x0000000023e110b8       0x5c common/built-in.o
                0x0000000023e110b8                setenv
 .text.setenv_ulong
                0x0000000023e11114       0x20 common/built-in.o
                0x0000000023e11114                setenv_ulong
 .text.setenv_hex
                0x0000000023e11134       0x34 common/built-in.o
                0x0000000023e11134                setenv_hex
 .text.do_env_export
                0x0000000023e11168      0x24c common/built-in.o
 .text.envmatch
                0x0000000023e113b4       0x68 common/built-in.o
                0x0000000023e113b4                envmatch
 .text.getenv_f
                0x0000000023e1141c       0xb8 common/built-in.o
                0x0000000023e1141c                getenv_f
 .text.getenv   0x0000000023e114d4       0x80 common/built-in.o
                0x0000000023e114d4                getenv
 .text.getenv_ulong
                0x0000000023e11554       0x30 common/built-in.o
                0x0000000023e11554                getenv_ulong
 .text.env_get_char_spec
                0x0000000023e11584        0xc common/built-in.o
                0x0000000023e11584                env_get_char_spec
 .text.env_get_addr
                0x0000000023e11590       0x20 common/built-in.o
                0x0000000023e11590                env_get_addr
 .text.env_get_char_memory
                0x0000000023e115b0       0x10 common/built-in.o
                0x0000000023e115b0                env_get_char_memory
 .text.env_get_char
                0x0000000023e115c0       0x30 common/built-in.o
                0x0000000023e115c0                env_get_char
 .text.getenv_yesno
                0x0000000023e115f0       0x3c common/built-in.o
                0x0000000023e115f0                getenv_yesno
 .text.getenv_default
                0x0000000023e1162c       0x30 common/built-in.o
                0x0000000023e1162c                getenv_default
 .text.set_default_env
                0x0000000023e1165c       0xc0 common/built-in.o
                0x0000000023e1165c                set_default_env
 .text.set_default_vars
                0x0000000023e1171c       0x3c common/built-in.o
                0x0000000023e1171c                set_default_vars
 .text.env_import
                0x0000000023e11758       0xe0 common/built-in.o
                0x0000000023e11758                env_import
 .text.env_export
                0x0000000023e11838       0xa0 common/built-in.o
                0x0000000023e11838                env_export
 .text.env_relocate
                0x0000000023e118d8       0x2c common/built-in.o
                0x0000000023e118d8                env_relocate
 .text.env_complete
                0x0000000023e11904       0xdc common/built-in.o
                0x0000000023e11904                env_complete
 .text.on_silent
                0x0000000023e119e0        0x8 common/built-in.o
 .text.console_setfile
                0x0000000023e119e8       0xb8 common/built-in.o
 .text.putc     0x0000000023e11aa0       0x40 common/built-in.o
                0x0000000023e11aa0                putc
 .text.puts     0x0000000023e11ae0       0x40 common/built-in.o
                0x0000000023e11ae0                puts
 .text.printf   0x0000000023e11b20       0x58 common/built-in.o
                0x0000000023e11b20                printf
 .text.fgetc    0x0000000023e11b78       0x24 common/built-in.o
                0x0000000023e11b78                fgetc
 .text.getc     0x0000000023e11b9c       0x24 common/built-in.o
                0x0000000023e11b9c                getc
 .text.ftstc    0x0000000023e11bc0       0x24 common/built-in.o
                0x0000000023e11bc0                ftstc
 .text.tstc     0x0000000023e11be4       0x24 common/built-in.o
                0x0000000023e11be4                tstc
 .text.vprintf  0x0000000023e11c08       0x30 common/built-in.o
                0x0000000023e11c08                vprintf
 .text.ctrlc    0x0000000023e11c38       0x60 common/built-in.o
                0x0000000023e11c38                ctrlc
 .text.confirm_yesno
                0x0000000023e11c98       0xd0 common/built-in.o
                0x0000000023e11c98                confirm_yesno
 .text.disable_ctrlc
                0x0000000023e11d68       0x18 common/built-in.o
                0x0000000023e11d68                disable_ctrlc
 .text.had_ctrlc
                0x0000000023e11d80       0x10 common/built-in.o
                0x0000000023e11d80                had_ctrlc
 .text.clear_ctrlc
                0x0000000023e11d90       0x14 common/built-in.o
                0x0000000023e11d90                clear_ctrlc
 .text.search_device
                0x0000000023e11da4       0x28 common/built-in.o
                0x0000000023e11da4                search_device
 .text.console_assign
                0x0000000023e11dcc       0x40 common/built-in.o
                0x0000000023e11dcc                console_assign
 .text.on_console
                0x0000000023e11e0c       0xbc common/built-in.o
 .text.console_init_f
                0x0000000023e11ec8       0x34 common/built-in.o
                0x0000000023e11ec8                console_init_f
 .text.stdio_print_current_devices
                0x0000000023e11efc       0xb0 common/built-in.o
                0x0000000023e11efc                stdio_print_current_devices
 .text.console_init_r
                0x0000000023e11fac       0xdc common/built-in.o
                0x0000000023e11fac                console_init_r
 .text.sbrk     0x0000000023e12088       0x6c common/built-in.o
                0x0000000023e12088                sbrk
 .text.mem_malloc_init
                0x0000000023e120f4       0x34 common/built-in.o
                0x0000000023e120f4                mem_malloc_init
 .text.malloc_trim
                0x0000000023e12128       0xd0 common/built-in.o
                0x0000000023e12128                malloc_trim
 .text.free     0x0000000023e121f8      0x22c common/built-in.o
                0x0000000023e121f8                free
 .text.malloc   0x0000000023e12424      0x604 common/built-in.o
                0x0000000023e12424                malloc
 .text.calloc   0x0000000023e12a28       0xcc common/built-in.o
                0x0000000023e12a28                calloc
 .text.memalign
                0x0000000023e12af4      0x114 common/built-in.o
                0x0000000023e12af4                memalign
 .text.on_loadaddr
                0x0000000023e12c08       0x40 common/built-in.o
 .text.image_check_hcrc
                0x0000000023e12c48       0x4c common/built-in.o
                0x0000000023e12c48                image_check_hcrc
 .text.image_check_dcrc
                0x0000000023e12c94       0x38 common/built-in.o
                0x0000000023e12c94                image_check_dcrc
 .text.image_multi_count
                0x0000000023e12ccc       0x1c common/built-in.o
                0x0000000023e12ccc                image_multi_count
 .text.image_multi_getimg
                0x0000000023e12ce8       0x80 common/built-in.o
                0x0000000023e12ce8                image_multi_getimg
 .text.getenv_bootm_low
                0x0000000023e12d68       0x30 common/built-in.o
                0x0000000023e12d68                getenv_bootm_low
 .text.getenv_bootm_size
                0x0000000023e12d98       0x5c common/built-in.o
                0x0000000023e12d98                getenv_bootm_size
 .text.memmove_wd
                0x0000000023e12df4       0x70 common/built-in.o
                0x0000000023e12df4                memmove_wd
 .text.genimg_print_size
                0x0000000023e12e64       0x30 common/built-in.o
                0x0000000023e12e64                genimg_print_size
 .text.get_table_entry_name
                0x0000000023e12e94       0x2c common/built-in.o
                0x0000000023e12e94                get_table_entry_name
 .text.genimg_get_os_name
                0x0000000023e12ec0       0x18 common/built-in.o
                0x0000000023e12ec0                genimg_get_os_name
 .text.genimg_get_arch_name
                0x0000000023e12ed8       0x18 common/built-in.o
                0x0000000023e12ed8                genimg_get_arch_name
 .text.genimg_get_type_name
                0x0000000023e12ef0       0x18 common/built-in.o
                0x0000000023e12ef0                genimg_get_type_name
 .text.genimg_get_comp_name
                0x0000000023e12f08       0x18 common/built-in.o
                0x0000000023e12f08                genimg_get_comp_name
 .text.image_print_contents
                0x0000000023e12f20      0x17c common/built-in.o
                0x0000000023e12f20                image_print_contents
 .text.genimg_get_kernel_addr_fit
                0x0000000023e1309c       0x24 common/built-in.o
                0x0000000023e1309c                genimg_get_kernel_addr_fit
 .text.genimg_get_format
                0x0000000023e130c0       0x1c common/built-in.o
                0x0000000023e130c0                genimg_get_format
 .text.genimg_get_image
                0x0000000023e130dc        0x4 common/built-in.o
                0x0000000023e130dc                genimg_get_image
 .text.boot_get_ramdisk
                0x0000000023e130e0      0x234 common/built-in.o
                0x0000000023e130e0                boot_get_ramdisk
 .text.boot_ramdisk_high
                0x0000000023e13314      0x130 common/built-in.o
                0x0000000023e13314                boot_ramdisk_high
 .text.boot_get_setup
                0x0000000023e13444        0x8 common/built-in.o
                0x0000000023e13444                boot_get_setup
 .text.get_effective_memsize
                0x0000000023e1344c        0x8 common/built-in.o
                0x0000000023e1344c                get_effective_memsize
 .text.stdio_serial_tstc
                0x0000000023e13454        0x4 common/built-in.o
 .text.stdio_serial_getc
                0x0000000023e13458        0x4 common/built-in.o
 .text.stdio_serial_puts
                0x0000000023e1345c        0x8 common/built-in.o
 .text.stdio_serial_putc
                0x0000000023e13464        0x8 common/built-in.o
 .text.stdio_get_list
                0x0000000023e1346c        0xc common/built-in.o
                0x0000000023e1346c                stdio_get_list
 .text.stdio_get_by_name
                0x0000000023e13478       0x4c common/built-in.o
                0x0000000023e13478                stdio_get_by_name
 .text.stdio_clone
                0x0000000023e134c4       0x38 common/built-in.o
                0x0000000023e134c4                stdio_clone
 .text.stdio_register_dev
                0x0000000023e134fc       0x50 common/built-in.o
                0x0000000023e134fc                stdio_register_dev
 .text.stdio_register
                0x0000000023e1354c        0x8 common/built-in.o
                0x0000000023e1354c                stdio_register
 .text.stdio_init_tables
                0x0000000023e13554       0x1c common/built-in.o
                0x0000000023e13554                stdio_init_tables
 .text.stdio_add_devices
                0x0000000023e13570       0x7c common/built-in.o
                0x0000000023e13570                stdio_add_devices
 .text.cli_simple_parse_line
                0x0000000023e135ec       0x8c common/built-in.o
                0x0000000023e135ec                cli_simple_parse_line
 .text.cli_simple_process_macros
                0x0000000023e13678      0x1e0 common/built-in.o
                0x0000000023e13678                cli_simple_process_macros
 .text.cli_simple_run_command
                0x0000000023e13858      0x160 common/built-in.o
                0x0000000023e13858                cli_simple_run_command
 .text.cli_simple_loop
                0x0000000023e139b8       0x7c common/built-in.o
                0x0000000023e139b8                cli_simple_loop
 .text.cli_simple_run_command_list
                0x0000000023e13a34       0x70 common/built-in.o
                0x0000000023e13a34                cli_simple_run_command_list
 .text.run_command
                0x0000000023e13aa4       0x18 common/built-in.o
                0x0000000023e13aa4                run_command
 .text.run_command_repeatable
                0x0000000023e13abc        0x4 common/built-in.o
                0x0000000023e13abc                run_command_repeatable
 .text.run_command_list
                0x0000000023e13ac0       0x94 common/built-in.o
                0x0000000023e13ac0                run_command_list
 .text.do_run   0x0000000023e13b54       0x74 common/built-in.o
                0x0000000023e13b54                do_run
 .text.cli_loop
                0x0000000023e13bc8        0x4 common/built-in.o
                0x0000000023e13bc8                cli_loop
 .text.cli_init
                0x0000000023e13bcc        0x4 common/built-in.o
                0x0000000023e13bcc                cli_init
 .text.delete_char.part.0
                0x0000000023e13bd0       0xd0 common/built-in.o
 .text.cread_add_char
                0x0000000023e13ca0       0xe4 common/built-in.o
 .text.cli_readline_into_buffer
                0x0000000023e13d84      0x980 common/built-in.o
                0x0000000023e13d84                cli_readline_into_buffer
 .text.cli_readline
                0x0000000023e14704       0x14 common/built-in.o
                0x0000000023e14704                cli_readline
 .text.find_cmd_tbl
                0x0000000023e14718       0xa4 common/built-in.o
                0x0000000023e14718                find_cmd_tbl
 .text.find_cmd
                0x0000000023e147bc       0x28 common/built-in.o
                0x0000000023e147bc                find_cmd
 .text.cmd_usage
                0x0000000023e147e4       0x5c common/built-in.o
                0x0000000023e147e4                cmd_usage
 .text._do_help
                0x0000000023e14840      0x188 common/built-in.o
                0x0000000023e14840                _do_help
 .text.var_complete
                0x0000000023e149c8       0x88 common/built-in.o
                0x0000000023e149c8                var_complete
 .text.cmd_auto_complete
                0x0000000023e14a50      0x494 common/built-in.o
                0x0000000023e14a50                cmd_auto_complete
 .text.cmd_get_data_size
                0x0000000023e14ee4       0x68 common/built-in.o
                0x0000000023e14ee4                cmd_get_data_size
 .text.cmd_process
                0x0000000023e14f4c       0xbc common/built-in.o
                0x0000000023e14f4c                cmd_process
 .text.common_diskboot
                0x0000000023e15008      0x240 common/built-in.o
                0x0000000023e15008                common_diskboot
 .text.get_script_next_line
                0x0000000023e15248       0xec common/built-in.o
 .text.print_mxp_record
                0x0000000023e15334       0xa8 common/built-in.o
 .text.do_debug
                0x0000000023e153dc       0x2c common/built-in.o
                0x0000000023e153dc                do_debug
 .text.do_mstar
                0x0000000023e15408      0x1d0 common/built-in.o
                0x0000000023e15408                do_mstar
 .text.do_sdstar
                0x0000000023e155d8       0xec common/built-in.o
                0x0000000023e155d8                do_sdstar
 .text.do_usbstar
                0x0000000023e156c4      0x140 common/built-in.o
                0x0000000023e156c4                do_usbstar
 .text.do_estar
                0x0000000023e15804      0x12c common/built-in.o
                0x0000000023e15804                do_estar
 .text.do_dstar
                0x0000000023e15930      0x4b4 common/built-in.o
                0x0000000023e15930                do_dstar
 .text.do_ustar
                0x0000000023e15de4      0x49c common/built-in.o
                0x0000000023e15de4                do_ustar
 .text.do_setclk
                0x0000000023e16280      0x128 common/built-in.o
                0x0000000023e16280                do_setclk
 .text.writeSpinandCIS
                0x0000000023e163a8      0x230 common/built-in.o
                0x0000000023e163a8                writeSpinandCIS
 .text.do_readcisblk
                0x0000000023e165d8       0x30 common/built-in.o
                0x0000000023e165d8                do_readcisblk
 .text.do_readBBM
                0x0000000023e16608       0x90 common/built-in.o
                0x0000000023e16608                do_readBBM
 .text.do_swapBlock
                0x0000000023e16698       0x84 common/built-in.o
                0x0000000023e16698                do_swapBlock
 .text.do_ECC   0x0000000023e1671c       0x80 common/built-in.o
                0x0000000023e1671c                do_ECC
 .text.do_mxp   0x0000000023e1679c      0x3e4 common/built-in.o
                0x0000000023e1679c                do_mxp
 .text.do_aesdma
                0x0000000023e16b80      0x30c common/built-in.o
                0x0000000023e16b80                do_aesdma
 .text.do_uart  0x0000000023e16e8c      0x14c common/built-in.o
                0x0000000023e16e8c                do_uart
 .text.do_fat_fsread
                0x0000000023e16fd8      0x1c4 common/built-in.o
                0x0000000023e16fd8                do_fat_fsread
 .text.halt     0x0000000023e1719c       0x14 common/built-in.o
                0x0000000023e1719c                halt
 .text.do_auth  0x0000000023e171b0      0x378 common/built-in.o
                0x0000000023e171b0                do_auth
 .text.UPDPrintLineSize
                0x0000000023e17528        0x4 common/built-in.o
                0x0000000023e17528                UPDPrintLineSize
 .text.do_io_std_test
                0x0000000023e1752c       0x50 common/built-in.o
                0x0000000023e1752c                do_io_std_test
 .text.do_io_std_burntest
                0x0000000023e1757c       0x78 common/built-in.o
                0x0000000023e1757c                do_io_std_burntest
 .text.do_sdmmc_test
                0x0000000023e175f4      0x4e8 common/built-in.o
                0x0000000023e175f4                do_sdmmc_test
 .text.do_customer_init
                0x0000000023e17adc        0x8 common/built-in.o
                0x0000000023e17adc                do_customer_init
 .text._initDebugLevel
                0x0000000023e17ae4       0xb8 common/built-in.o
 .text.do_set_debugging_message_level
                0x0000000023e17b9c      0x118 common/built-in.o
                0x0000000023e17b9c                do_set_debugging_message_level
 .text.do_initDebugLevel
                0x0000000023e17cb4       0x30 common/built-in.o
                0x0000000023e17cb4                do_initDebugLevel
 .text.do_gpio  0x0000000023e17ce4      0x288 common/built-in.o
                0x0000000023e17ce4                do_gpio
 .text.ReadByte
                0x0000000023e17f6c       0x4c common/built-in.o
                0x0000000023e17f6c                ReadByte
 .text.Read2Byte
                0x0000000023e17fb8       0x44 common/built-in.o
                0x0000000023e17fb8                Read2Byte
 .text.WriteByte
                0x0000000023e17ffc       0x4c common/built-in.o
                0x0000000023e17ffc                WriteByte
 .text.Write2Byte
                0x0000000023e18048       0x48 common/built-in.o
                0x0000000023e18048                Write2Byte
 .text.WriteRegBit
                0x0000000023e18090       0x30 common/built-in.o
                0x0000000023e18090                WriteRegBit
 .text.WriteRegBitPos
                0x0000000023e180c0       0x50 common/built-in.o
                0x0000000023e180c0                WriteRegBitPos
 .text.do_riu   0x0000000023e18110      0x384 common/built-in.o
                0x0000000023e18110                do_riu
 .text.do_sensor_cfg
                0x0000000023e18494       0xec common/built-in.o
                0x0000000023e18494                do_sensor_cfg
 .text.get_dev_hwpart.part.0
                0x0000000023e18580       0x98 disk/built-in.o
 .text.get_dev  0x0000000023e18618       0x10 disk/built-in.o
                0x0000000023e18618                get_dev
 .text.dev_print
                0x0000000023e18628      0x214 disk/built-in.o
                0x0000000023e18628                dev_print
 .text.init_part
                0x0000000023e1883c       0x20 disk/built-in.o
                0x0000000023e1883c                init_part
 .text.print_part
                0x0000000023e1885c       0xf4 disk/built-in.o
                0x0000000023e1885c                print_part
 .text.get_partition_info
                0x0000000023e18950       0x2c disk/built-in.o
                0x0000000023e18950                get_partition_info
 .text.get_device
                0x0000000023e1897c      0x124 disk/built-in.o
                0x0000000023e1897c                get_device
 .text.get_device_and_partition
                0x0000000023e18aa0      0x438 disk/built-in.o
                0x0000000023e18aa0                get_device_and_partition
 .text.test_block_type
                0x0000000023e18ed8       0x84 disk/built-in.o
 .text.print_partition_extended
                0x0000000023e18f5c      0x270 disk/built-in.o
 .text.get_partition_info_extended.constprop.1
                0x0000000023e191cc      0x430 disk/built-in.o
 .text.test_part_dos
                0x0000000023e195fc       0x64 disk/built-in.o
                0x0000000023e195fc                test_part_dos
 .text.print_part_dos
                0x0000000023e19660       0x34 disk/built-in.o
                0x0000000023e19660                print_part_dos
 .text.get_partition_info_dos
                0x0000000023e19694       0x20 disk/built-in.o
                0x0000000023e19694                get_partition_info_dos
 .text.ms_uart_padmux
                0x0000000023e196b4       0x18 drivers/built-in.o
                0x0000000023e196b4                ms_uart_padmux
 .text.ms_serial_tstc
                0x0000000023e196cc       0x14 drivers/built-in.o
                0x0000000023e196cc                ms_serial_tstc
 .text.ms_serial_setbrg
                0x0000000023e196e0       0x60 drivers/built-in.o
                0x0000000023e196e0                ms_serial_setbrg
 .text.ms_serial_init
                0x0000000023e19740       0x60 drivers/built-in.o
                0x0000000023e19740                ms_serial_init
 .text.ms_serial_getc
                0x0000000023e197a0       0x24 drivers/built-in.o
                0x0000000023e197a0                ms_serial_getc
 .text.ms_putc  0x0000000023e197c4       0x1c drivers/built-in.o
                0x0000000023e197c4                ms_putc
 .text.ms_serial_putc
                0x0000000023e197e0       0x24 drivers/built-in.o
                0x0000000023e197e0                ms_serial_putc
 .text.ms_serial_initialize
                0x0000000023e19804        0xc drivers/built-in.o
                0x0000000023e19804                ms_serial_initialize
 .text.default_serial_console
                0x0000000023e19810        0xc drivers/built-in.o
                0x0000000023e19810                default_serial_console
 .text.ms_uart_getc
                0x0000000023e1981c       0x28 drivers/built-in.o
                0x0000000023e1981c                ms_uart_getc
 .text.ms_uart_putc
                0x0000000023e19844       0x5c drivers/built-in.o
                0x0000000023e19844                ms_uart_putc
 .text.ms_uart_init
                0x0000000023e198a0      0x140 drivers/built-in.o
                0x0000000023e198a0                ms_uart_init
 .text.Hal_CREG_SET_PORT
                0x0000000023e199e0       0x10 drivers/built-in.o
                0x0000000023e199e0                Hal_CREG_SET_PORT
 .text.Hal_CREG_GET_PORT
                0x0000000023e199f0       0x10 drivers/built-in.o
                0x0000000023e199f0                Hal_CREG_GET_PORT
 .text.Hal_CREG_GET_REG_BANK
                0x0000000023e19a00       0x50 drivers/built-in.o
                0x0000000023e19a00                Hal_CREG_GET_REG_BANK
 .text.Hal_Timer_mDelay
                0x0000000023e19a50       0x14 drivers/built-in.o
                0x0000000023e19a50                Hal_Timer_mDelay
 .text.Hal_Timer_uDelay
                0x0000000023e19a64       0x14 drivers/built-in.o
                0x0000000023e19a64                Hal_Timer_uDelay
 .text._REG_WaitEvent
                0x0000000023e19a78       0x88 drivers/built-in.o
 .text._REG_ResetIP
                0x0000000023e19b00       0xd0 drivers/built-in.o
 .text._SDMMC_EndProcess.isra.0
                0x0000000023e19bd0      0x534 drivers/built-in.o
 .text._REG_ClearMIEEvent.constprop.3
                0x0000000023e1a104       0x5c drivers/built-in.o
 .text._REG_ClearSDSTS.constprop.4
                0x0000000023e1a160       0x60 drivers/built-in.o
 .text._BUF_CIFD_DATA_IO
                0x0000000023e1a1c0       0x70 drivers/built-in.o
                0x0000000023e1a1c0                _BUF_CIFD_DATA_IO
 .text._BUF_CIFD_WaitEvent
                0x0000000023e1a230      0x15c drivers/built-in.o
 .text.Hal_SDMMC_SetSDIODevice
                0x0000000023e1a38c       0x1c drivers/built-in.o
                0x0000000023e1a38c                Hal_SDMMC_SetSDIODevice
 .text.Hal_SDMMC_SetDataWidth
                0x0000000023e1a3a8       0x18 drivers/built-in.o
                0x0000000023e1a3a8                Hal_SDMMC_SetDataWidth
 .text.Hal_SDMMC_SetBusTiming
                0x0000000023e1a3c0       0x34 drivers/built-in.o
                0x0000000023e1a3c0                Hal_SDMMC_SetBusTiming
 .text.Hal_SDMMC_SetNrcDelay
                0x0000000023e1a3f4      0x100 drivers/built-in.o
                0x0000000023e1a3f4                Hal_SDMMC_SetNrcDelay
 .text.Hal_SDMMC_SetCmdToken
                0x0000000023e1a4f4       0x84 drivers/built-in.o
                0x0000000023e1a4f4                Hal_SDMMC_SetCmdToken
 .text.Hal_SDMMC_GetRspToken
                0x0000000023e1a578       0x90 drivers/built-in.o
                0x0000000023e1a578                Hal_SDMMC_GetRspToken
 .text.Hal_SDMMC_TransCmdSetting
                0x0000000023e1a608       0xf0 drivers/built-in.o
                0x0000000023e1a608                Hal_SDMMC_TransCmdSetting
 .text.Hal_SDMMC_SendCmdAndWaitProcess
                0x0000000023e1a6f8      0x408 drivers/built-in.o
                0x0000000023e1a6f8                Hal_SDMMC_SendCmdAndWaitProcess
 .text.Hal_SDMMC_ADMASetting
                0x0000000023e1ab00       0x54 drivers/built-in.o
                0x0000000023e1ab00                Hal_SDMMC_ADMASetting
 .text.Hal_SDMMC_ErrGroup
                0x0000000023e1ab54       0x74 drivers/built-in.o
                0x0000000023e1ab54                Hal_SDMMC_ErrGroup
 .text.Hal_SDMMC_ClkCtrl
                0x0000000023e1abc8       0x7c drivers/built-in.o
                0x0000000023e1abc8                Hal_SDMMC_ClkCtrl
 .text.Hal_SDMMC_Reset
                0x0000000023e1ac44        0x4 drivers/built-in.o
                0x0000000023e1ac44                Hal_SDMMC_Reset
 .text.Hal_CARD_IPOnceSetting
                0x0000000023e1ac48       0x84 drivers/built-in.o
                0x0000000023e1ac48                Hal_CARD_IPOnceSetting
 .text.Hal_CARD_IPBeginSetting
                0x0000000023e1accc        0x4 drivers/built-in.o
                0x0000000023e1accc                Hal_CARD_IPBeginSetting
 .text.Hal_CARD_InitPADPin
                0x0000000023e1acd0       0x58 drivers/built-in.o
                0x0000000023e1acd0                Hal_CARD_InitPADPin
 .text.Hal_CARD_SetPADToPortPath
                0x0000000023e1ad28       0x90 drivers/built-in.o
                0x0000000023e1ad28                Hal_CARD_SetPADToPortPath
 .text.Hal_CARD_PullPADPin
                0x0000000023e1adb8      0x354 drivers/built-in.o
                0x0000000023e1adb8                Hal_CARD_PullPADPin
 .text.Hal_CARD_SetClock
                0x0000000023e1b10c      0x204 drivers/built-in.o
                0x0000000023e1b10c                Hal_CARD_SetClock
 .text.Hal_CARD_FindClockSetting
                0x0000000023e1b310       0xa8 drivers/built-in.o
                0x0000000023e1b310                Hal_CARD_FindClockSetting
 .text.Hal_CARD_SetBusTiming
                0x0000000023e1b3b8       0x10 drivers/built-in.o
                0x0000000023e1b3b8                Hal_CARD_SetBusTiming
 .text.Hal_CARD_PowerOn
                0x0000000023e1b3c8       0x60 drivers/built-in.o
                0x0000000023e1b3c8                Hal_CARD_PowerOn
 .text.Hal_CARD_PowerOff
                0x0000000023e1b428       0x54 drivers/built-in.o
                0x0000000023e1b428                Hal_CARD_PowerOff
 .text.Hal_CARD_InitGPIO
                0x0000000023e1b47c       0x20 drivers/built-in.o
                0x0000000023e1b47c                Hal_CARD_InitGPIO
 .text.Hal_CARD_GetGPIOState
                0x0000000023e1b49c       0x28 drivers/built-in.o
                0x0000000023e1b49c                Hal_CARD_GetGPIOState
 .text.Hal_CARD_TransMIUAddr
                0x0000000023e1b4c4       0x2c drivers/built-in.o
                0x0000000023e1b4c4                Hal_CARD_TransMIUAddr
 .text.mmc_send_cmd
                0x0000000023e1b4f0      0x278 drivers/built-in.o
 .text.mmc_set_ios
                0x0000000023e1b768       0xf0 drivers/built-in.o
 .text.mmc_core_init
                0x0000000023e1b858      0x10c drivers/built-in.o
 .text.board_mmc_init
                0x0000000023e1b964       0xa4 drivers/built-in.o
                0x0000000023e1b964                board_mmc_init
 .text._RetArrToU32
                0x0000000023e1ba08       0x24 drivers/built-in.o
 .text._SDMMC_CMDReq
                0x0000000023e1ba2c       0x48 drivers/built-in.o
 .text._SDMMC_DATAReq
                0x0000000023e1ba74       0x8c drivers/built-in.o
 .text._SDMMC_SD_SWITCH_FUNC
                0x0000000023e1bb00       0x5c drivers/built-in.o
 .text.SDMMC_SwitchPAD
                0x0000000023e1bb5c       0x5c drivers/built-in.o
                0x0000000023e1bb5c                SDMMC_SwitchPAD
 .text.SDMMC_SetPAD
                0x0000000023e1bbb8       0x28 drivers/built-in.o
                0x0000000023e1bbb8                SDMMC_SetPAD
 .text.SDMMC_SetPower
                0x0000000023e1bbe0       0x98 drivers/built-in.o
                0x0000000023e1bbe0                SDMMC_SetPower
 .text.SDMMC_SetClock
                0x0000000023e1bc78       0x70 drivers/built-in.o
                0x0000000023e1bc78                SDMMC_SetClock
 .text.SDMMC_SetBusTiming
                0x0000000023e1bce8       0x2c drivers/built-in.o
                0x0000000023e1bce8                SDMMC_SetBusTiming
 .text.SDMMC_CardDetect
                0x0000000023e1bd14       0x18 drivers/built-in.o
                0x0000000023e1bd14                SDMMC_CardDetect
 .text.SDMMC_SetWideBus
                0x0000000023e1bd2c       0xb4 drivers/built-in.o
                0x0000000023e1bd2c                SDMMC_SetWideBus
 .text.SDMMC_SwitchHighBus
                0x0000000023e1bde0      0x300 drivers/built-in.o
                0x0000000023e1bde0                SDMMC_SwitchHighBus
 .text.SDMMC_Init
                0x0000000023e1c0e0      0x6dc drivers/built-in.o
                0x0000000023e1c0e0                SDMMC_Init
 .text.SDMMC_CIF_BLK_R
                0x0000000023e1c7bc       0x64 drivers/built-in.o
                0x0000000023e1c7bc                SDMMC_CIF_BLK_R
 .text.SDMMC_CIF_BLK_W
                0x0000000023e1c820       0x64 drivers/built-in.o
                0x0000000023e1c820                SDMMC_CIF_BLK_W
 .text.SDMMC_DMA_BLK_R
                0x0000000023e1c884       0x9c drivers/built-in.o
                0x0000000023e1c884                SDMMC_DMA_BLK_R
 .text.SDMMC_DMA_BLK_W
                0x0000000023e1c920       0x9c drivers/built-in.o
                0x0000000023e1c920                SDMMC_DMA_BLK_W
 .text.SDMMC_ADMA_BLK_R
                0x0000000023e1c9bc      0x130 drivers/built-in.o
                0x0000000023e1c9bc                SDMMC_ADMA_BLK_R
 .text.SDMMC_ADMA_BLK_W
                0x0000000023e1caec      0x130 drivers/built-in.o
                0x0000000023e1caec                SDMMC_ADMA_BLK_W
 .text._PRT_MSG.part.0
                0x0000000023e1cc1c       0x64 drivers/built-in.o
 .text._PRT_VALUE.part.1
                0x0000000023e1cc80       0x6c drivers/built-in.o
 .text._PRT_LINE
                0x0000000023e1ccec       0x14 drivers/built-in.o
                0x0000000023e1ccec                _PRT_LINE
 .text._PRT_ENTER
                0x0000000023e1cd00       0x14 drivers/built-in.o
                0x0000000023e1cd00                _PRT_ENTER
 .text._PRT_MSG
                0x0000000023e1cd14       0x8c drivers/built-in.o
                0x0000000023e1cd14                _PRT_MSG
 .text._DUMP_MEM_ARR
                0x0000000023e1cda0       0x98 drivers/built-in.o
                0x0000000023e1cda0                _DUMP_MEM_ARR
 .text._MEM_COMPARE
                0x0000000023e1ce38       0x4c drivers/built-in.o
                0x0000000023e1ce38                _MEM_COMPARE
 .text._SET_MEM_PATTERN
                0x0000000023e1ce84      0x178 drivers/built-in.o
                0x0000000023e1ce84                _SET_MEM_PATTERN
 .text.IPV_SDMMC_DMA_RW.part.3
                0x0000000023e1cffc      0x13c drivers/built-in.o
 .text.IPV_SDMMC_TimerTest
                0x0000000023e1d138       0x80 drivers/built-in.o
                0x0000000023e1d138                IPV_SDMMC_TimerTest
 .text.IPV_SDMMC_CardDetect
                0x0000000023e1d1b8       0x54 drivers/built-in.o
                0x0000000023e1d1b8                IPV_SDMMC_CardDetect
 .text.IPV_SDMMC_Init
                0x0000000023e1d20c       0x50 drivers/built-in.o
                0x0000000023e1d20c                IPV_SDMMC_Init
 .text.IPV_SDMMC_SetWideBus
                0x0000000023e1d25c       0x50 drivers/built-in.o
                0x0000000023e1d25c                IPV_SDMMC_SetWideBus
 .text.IPV_SDMMC_SetHighBus
                0x0000000023e1d2ac       0x50 drivers/built-in.o
                0x0000000023e1d2ac                IPV_SDMMC_SetHighBus
 .text.IPV_SDMMC_SetClock
                0x0000000023e1d2fc       0x50 drivers/built-in.o
                0x0000000023e1d2fc                IPV_SDMMC_SetClock
 .text.IPV_SDMMC_SetBusTiming
                0x0000000023e1d34c       0x48 drivers/built-in.o
                0x0000000023e1d34c                IPV_SDMMC_SetBusTiming
 .text.IPV_SDMMC_CIFD_RW
                0x0000000023e1d394      0x128 drivers/built-in.o
                0x0000000023e1d394                IPV_SDMMC_CIFD_RW
 .text.IPV_SDMMC_DMA_RW
                0x0000000023e1d4bc        0xc drivers/built-in.o
                0x0000000023e1d4bc                IPV_SDMMC_DMA_RW
 .text.IPV_SDMMC_ADMA_RW
                0x0000000023e1d4c8      0x194 drivers/built-in.o
                0x0000000023e1d4c8                IPV_SDMMC_ADMA_RW
 .text.IPV_SDMMC_TestPattern
                0x0000000023e1d65c       0x48 drivers/built-in.o
                0x0000000023e1d65c                IPV_SDMMC_TestPattern
 .text.IPV_SDMMC_BurnRW
                0x0000000023e1d6a4      0x1d8 drivers/built-in.o
                0x0000000023e1d6a4                IPV_SDMMC_BurnRW
 .text.IPV_SDMMC_SetPAD
                0x0000000023e1d87c       0x5c drivers/built-in.o
                0x0000000023e1d87c                IPV_SDMMC_SetPAD
 .text.IPV_SDMMC_PowerSavingModeVerify
                0x0000000023e1d8d8      0x3a4 drivers/built-in.o
                0x0000000023e1d8d8                IPV_SDMMC_PowerSavingModeVerify
 .text._Hal_GetMsTime.constprop.10
                0x0000000023e1dc7c       0x28 drivers/built-in.o
 .text._HAL_FSP_WaitDone
                0x0000000023e1dca4       0x8c drivers/built-in.o
 .text.HAL_SERFLASH_SelectReadMode
                0x0000000023e1dd30       0xd8 drivers/built-in.o
                0x0000000023e1dd30                HAL_SERFLASH_SelectReadMode
 .text.msFlash_ActiveFlash_Set_HW_WP
                0x0000000023e1de08       0x20 drivers/built-in.o
                0x0000000023e1de08                msFlash_ActiveFlash_Set_HW_WP
 .text.HAL_SERFLASH_ClkDiv
                0x0000000023e1de28       0xc8 drivers/built-in.o
                0x0000000023e1de28                HAL_SERFLASH_ClkDiv
 .text.HAL_SERFLASH_Config
                0x0000000023e1def0       0x18 drivers/built-in.o
                0x0000000023e1def0                HAL_SERFLASH_Config
 .text.HAL_SERFLASH_Init
                0x0000000023e1df08       0x7c drivers/built-in.o
                0x0000000023e1df08                HAL_SERFLASH_Init
 .text.HAL_SERFLASH_DetectSize
                0x0000000023e1df84       0x18 drivers/built-in.o
                0x0000000023e1df84                HAL_SERFLASH_DetectSize
 .text.HAL_SERFLASH_AddressToBlock
                0x0000000023e1df9c       0xc0 drivers/built-in.o
                0x0000000023e1df9c                HAL_SERFLASH_AddressToBlock
 .text.HAL_SERFLASH_BlockToAddress
                0x0000000023e1e05c       0xa4 drivers/built-in.o
                0x0000000023e1e05c                HAL_SERFLASH_BlockToAddress
 .text.HAL_FSP_ReadBufs
                0x0000000023e1e100       0xf0 drivers/built-in.o
                0x0000000023e1e100                HAL_FSP_ReadBufs
 .text.HAL_FSP_WriteBufs
                0x0000000023e1e1f0      0x114 drivers/built-in.o
                0x0000000023e1e1f0                HAL_FSP_WriteBufs
 .text.HAL_FSP_Read
                0x0000000023e1e304      0x1a4 drivers/built-in.o
                0x0000000023e1e304                HAL_FSP_Read
 .text.HAL_SERFLASH_Read
                0x0000000023e1e4a8       0xac drivers/built-in.o
                0x0000000023e1e4a8                HAL_SERFLASH_Read
 .text.HAL_FSP_WriteStatus
                0x0000000023e1e554      0x1a8 drivers/built-in.o
                0x0000000023e1e554                HAL_FSP_WriteStatus
 .text.HAL_FSP_WriteProtect
                0x0000000023e1e6fc       0xbc drivers/built-in.o
                0x0000000023e1e6fc                HAL_FSP_WriteProtect
 .text.HAL_SERFLASH_WriteProtect
                0x0000000023e1e7b8       0x80 drivers/built-in.o
                0x0000000023e1e7b8                HAL_SERFLASH_WriteProtect
 .text.HAL_FSP_ReadID
                0x0000000023e1e838      0x180 drivers/built-in.o
                0x0000000023e1e838                HAL_FSP_ReadID
 .text.HAL_SERFLASH_ReadID
                0x0000000023e1e9b8       0x60 drivers/built-in.o
                0x0000000023e1e9b8                HAL_SERFLASH_ReadID
 .text.HAL_FSP_ReadREMS4
                0x0000000023e1ea18      0x1c8 drivers/built-in.o
                0x0000000023e1ea18                HAL_FSP_ReadREMS4
 .text.HAL_FSP_WriteStatusReg
                0x0000000023e1ebe0      0x16c drivers/built-in.o
                0x0000000023e1ebe0                HAL_FSP_WriteStatusReg
 .text.HAL_FSP_Entry
                0x0000000023e1ed4c       0x7c drivers/built-in.o
                0x0000000023e1ed4c                HAL_FSP_Entry
 .text.HAL_FSP_Exit
                0x0000000023e1edc8       0x3c drivers/built-in.o
                0x0000000023e1edc8                HAL_FSP_Exit
 .text.HAL_FSP_WriteExtAddrReg
                0x0000000023e1ee04      0x184 drivers/built-in.o
                0x0000000023e1ee04                HAL_FSP_WriteExtAddrReg
 .text.HAL_SERFLASH_DetectType
                0x0000000023e1ef88      0x2d4 drivers/built-in.o
                0x0000000023e1ef88                HAL_SERFLASH_DetectType
 .text.HAL_SERFLASH_WriteExtAddrRegister
                0x0000000023e1f25c       0x58 drivers/built-in.o
                0x0000000023e1f25c                HAL_SERFLASH_WriteExtAddrRegister
 .text._HAL_FSP_BlockErase
                0x0000000023e1f2b4      0x170 drivers/built-in.o
 .text.HAL_FSP_BlockErase
                0x0000000023e1f424       0xdc drivers/built-in.o
                0x0000000023e1f424                HAL_FSP_BlockErase
 .text.HAL_SERFLASH_BlockErase
                0x0000000023e1f500        0x4 drivers/built-in.o
                0x0000000023e1f500                HAL_SERFLASH_BlockErase
 .text.HAL_FSP_SectorErase
                0x0000000023e1f504       0x2c drivers/built-in.o
                0x0000000023e1f504                HAL_FSP_SectorErase
 .text.HAL_SERFLASH_SectorErase
                0x0000000023e1f530        0x8 drivers/built-in.o
                0x0000000023e1f530                HAL_SERFLASH_SectorErase
 .text._HAL_PP_BDMAToFSP
                0x0000000023e1f538      0x2d0 drivers/built-in.o
 .text.HAL_FSP_Write_BDMA
                0x0000000023e1f808      0x170 drivers/built-in.o
                0x0000000023e1f808                HAL_FSP_Write_BDMA
 .text.HAL_SERFLASH_Write
                0x0000000023e1f978       0x80 drivers/built-in.o
                0x0000000023e1f978                HAL_SERFLASH_Write
 .text.MDrv_SERFLASH_DetectSize
                0x0000000023e1f9f8       0x3c drivers/built-in.o
                0x0000000023e1f9f8                MDrv_SERFLASH_DetectSize
 .text.MDrv_SERFLASH_Init
                0x0000000023e1fa34       0x60 drivers/built-in.o
                0x0000000023e1fa34                MDrv_SERFLASH_Init
 .text.MDrv_SERFLASH_AddressToBlock
                0x0000000023e1fa94       0x4c drivers/built-in.o
                0x0000000023e1fa94                MDrv_SERFLASH_AddressToBlock
 .text.MDrv_SERFLASH_BlockErase
                0x0000000023e1fae0       0x5c drivers/built-in.o
                0x0000000023e1fae0                MDrv_SERFLASH_BlockErase
 .text.MDrv_SERFLASH_AddressErase
                0x0000000023e1fb3c       0x8c drivers/built-in.o
                0x0000000023e1fb3c                MDrv_SERFLASH_AddressErase
 .text.MDrv_SERFLASH_Write
                0x0000000023e1fbc8       0x5c drivers/built-in.o
                0x0000000023e1fbc8                MDrv_SERFLASH_Write
 .text.MDrv_SERFLASH_Read
                0x0000000023e1fc24       0x5c drivers/built-in.o
                0x0000000023e1fc24                MDrv_SERFLASH_Read
 .text.MDrv_SERFLASH_SectorErase
                0x0000000023e1fc80      0x128 drivers/built-in.o
                0x0000000023e1fc80                MDrv_SERFLASH_SectorErase
 .text.MDrv_SERFLASH_WriteProtect
                0x0000000023e1fda8       0x40 drivers/built-in.o
                0x0000000023e1fda8                MDrv_SERFLASH_WriteProtect
 .text.MDrv_SERFLASH_WriteExtAddrRegister
                0x0000000023e1fde8       0x40 drivers/built-in.o
                0x0000000023e1fde8                MDrv_SERFLASH_WriteExtAddrRegister
 .text.MS_SERFLASH_CREATE_MUTEX
                0x0000000023e1fe28        0x8 drivers/built-in.o
                0x0000000023e1fe28                MS_SERFLASH_CREATE_MUTEX
 .text.MS_SERFLASH_OBTAIN_MUTEX
                0x0000000023e1fe30        0x8 drivers/built-in.o
                0x0000000023e1fe30                MS_SERFLASH_OBTAIN_MUTEX
 .text.MS_SERFLASH_RELEASE_MUTEX
                0x0000000023e1fe38        0x8 drivers/built-in.o
                0x0000000023e1fe38                MS_SERFLASH_RELEASE_MUTEX
 .text._spi_flash_read
                0x0000000023e1fe40       0xa8 drivers/built-in.o
                0x0000000023e1fe40                _spi_flash_read
 .text._spi_flash_write
                0x0000000023e1fee8       0xbc drivers/built-in.o
                0x0000000023e1fee8                _spi_flash_write
 .text._spi_flash_erase
                0x0000000023e1ffa4      0x13c drivers/built-in.o
                0x0000000023e1ffa4                _spi_flash_erase
 .text.spi_flash_probe
                0x0000000023e200e0       0xc0 drivers/built-in.o
                0x0000000023e200e0                spi_flash_probe
 .text.spi_flash_free
                0x0000000023e201a0        0x4 drivers/built-in.o
                0x0000000023e201a0                spi_flash_free
 .text.HAL_AESDMA_SetXIULength
                0x0000000023e201a4       0x1c drivers/built-in.o
                0x0000000023e201a4                HAL_AESDMA_SetXIULength
 .text.HAL_AESDMA_UseHwKey
                0x0000000023e201c0       0x20 drivers/built-in.o
                0x0000000023e201c0                HAL_AESDMA_UseHwKey
 .text.HAL_AESDMA_UseEfuseKey
                0x0000000023e201e0       0x20 drivers/built-in.o
                0x0000000023e201e0                HAL_AESDMA_UseEfuseKey
 .text.HAL_AESDMA_UseCipherKey
                0x0000000023e20200       0x1c drivers/built-in.o
                0x0000000023e20200                HAL_AESDMA_UseCipherKey
 .text.HAL_AESDMA_CipherEncrypt
                0x0000000023e2021c       0x1c drivers/built-in.o
                0x0000000023e2021c                HAL_AESDMA_CipherEncrypt
 .text.HAL_AESDMA_CipherDecrypt
                0x0000000023e20238       0x18 drivers/built-in.o
                0x0000000023e20238                HAL_AESDMA_CipherDecrypt
 .text.HAL_AESDMA_Enable
                0x0000000023e20250       0x18 drivers/built-in.o
                0x0000000023e20250                HAL_AESDMA_Enable
 .text.HAL_AESDMA_FileOutEnable
                0x0000000023e20268       0x28 drivers/built-in.o
                0x0000000023e20268                HAL_AESDMA_FileOutEnable
 .text.HAL_AESDMA_SetFileinAddr
                0x0000000023e20290       0x20 drivers/built-in.o
                0x0000000023e20290                HAL_AESDMA_SetFileinAddr
 .text.HAL_AESDMA_SetFileoutAddr
                0x0000000023e202b0       0x3c drivers/built-in.o
                0x0000000023e202b0                HAL_AESDMA_SetFileoutAddr
 .text.HAL_AESDMA_SetCipherKey
                0x0000000023e202ec       0x34 drivers/built-in.o
                0x0000000023e202ec                HAL_AESDMA_SetCipherKey
 .text.HAL_AESDMA_SetIV
                0x0000000023e20320       0x34 drivers/built-in.o
                0x0000000023e20320                HAL_AESDMA_SetIV
 .text.HAL_AESDMA_SetChainModeECB
                0x0000000023e20354       0x1c drivers/built-in.o
                0x0000000023e20354                HAL_AESDMA_SetChainModeECB
 .text.HAL_AESDMA_SetChainModeCTR
                0x0000000023e20370       0x20 drivers/built-in.o
                0x0000000023e20370                HAL_AESDMA_SetChainModeCTR
 .text.HAL_AESDMA_SetChainModeCBC
                0x0000000023e20390       0x20 drivers/built-in.o
                0x0000000023e20390                HAL_AESDMA_SetChainModeCBC
 .text.HAL_AESDMA_Reset
                0x0000000023e203b0       0x94 drivers/built-in.o
                0x0000000023e203b0                HAL_AESDMA_Reset
 .text.HAL_AESDMA_Start
                0x0000000023e20444       0x2c drivers/built-in.o
                0x0000000023e20444                HAL_AESDMA_Start
 .text.HAL_AESDMA_GetStatus
                0x0000000023e20470       0x10 drivers/built-in.o
                0x0000000023e20470                HAL_AESDMA_GetStatus
 .text.HAL_RSA_Reset
                0x0000000023e20480       0x28 drivers/built-in.o
                0x0000000023e20480                HAL_RSA_Reset
 .text.HAL_RSA_Ind32Ctrl
                0x0000000023e204a8       0x40 drivers/built-in.o
                0x0000000023e204a8                HAL_RSA_Ind32Ctrl
 .text.HAL_RSA_LoadSignInverse_2byte
                0x0000000023e204e8       0x68 drivers/built-in.o
                0x0000000023e204e8                HAL_RSA_LoadSignInverse_2byte
 .text.HAL_RSA_LoadKeyE
                0x0000000023e20550       0x3c drivers/built-in.o
                0x0000000023e20550                HAL_RSA_LoadKeyE
 .text.HAL_RSA_LoadKeyNInverse
                0x0000000023e2058c       0x64 drivers/built-in.o
                0x0000000023e2058c                HAL_RSA_LoadKeyNInverse
 .text.HAL_RSA_SetKeyLength
                0x0000000023e205f0       0x1c drivers/built-in.o
                0x0000000023e205f0                HAL_RSA_SetKeyLength
 .text.HAL_RSA_SetKeyType
                0x0000000023e2060c       0x44 drivers/built-in.o
                0x0000000023e2060c                HAL_RSA_SetKeyType
 .text.HAL_RSA_ExponetialStart
                0x0000000023e20650       0x18 drivers/built-in.o
                0x0000000023e20650                HAL_RSA_ExponetialStart
 .text.HAL_RSA_GetStatus
                0x0000000023e20668       0x10 drivers/built-in.o
                0x0000000023e20668                HAL_RSA_GetStatus
 .text.HAL_RSA_FileOutStart
                0x0000000023e20678       0x18 drivers/built-in.o
                0x0000000023e20678                HAL_RSA_FileOutStart
 .text.HAL_RSA_FileOutEnd
                0x0000000023e20690       0x1c drivers/built-in.o
                0x0000000023e20690                HAL_RSA_FileOutEnd
 .text.HAL_RSA_SetFileOutAddr
                0x0000000023e206ac       0x18 drivers/built-in.o
                0x0000000023e206ac                HAL_RSA_SetFileOutAddr
 .text.HAL_RSA_FileOut
                0x0000000023e206c4       0x18 drivers/built-in.o
                0x0000000023e206c4                HAL_RSA_FileOut
 .text.HAL_SHA_Reset
                0x0000000023e206dc       0x34 drivers/built-in.o
                0x0000000023e206dc                HAL_SHA_Reset
 .text.HAL_SHA_SetAddress
                0x0000000023e20710       0x2c drivers/built-in.o
                0x0000000023e20710                HAL_SHA_SetAddress
 .text.HAL_SHA_SetLength
                0x0000000023e2073c       0x1c drivers/built-in.o
                0x0000000023e2073c                HAL_SHA_SetLength
 .text.HAL_SHA_SelMode
                0x0000000023e20758       0x28 drivers/built-in.o
                0x0000000023e20758                HAL_SHA_SelMode
 .text.HAL_SHA_GetStatus
                0x0000000023e20780       0x10 drivers/built-in.o
                0x0000000023e20780                HAL_SHA_GetStatus
 .text.HAL_SHA_Clear
                0x0000000023e20790       0x28 drivers/built-in.o
                0x0000000023e20790                HAL_SHA_Clear
 .text.HAL_SHA_Start
                0x0000000023e207b8       0x28 drivers/built-in.o
                0x0000000023e207b8                HAL_SHA_Start
 .text.HAL_SHA_Out
                0x0000000023e207e0       0x24 drivers/built-in.o
                0x0000000023e207e0                HAL_SHA_Out
 .text.MDrv_AESDMA_Run
                0x0000000023e20804       0xf8 drivers/built-in.o
                0x0000000023e20804                MDrv_AESDMA_Run
 .text.MDrv_SHA_Run
                0x0000000023e208fc       0x64 drivers/built-in.o
                0x0000000023e208fc                MDrv_SHA_Run
 .text.MDrv_RSA_Run
                0x0000000023e20960       0xcc drivers/built-in.o
                0x0000000023e20960                MDrv_RSA_Run
 .text.runAuthenticate
                0x0000000023e20a2c       0xdc drivers/built-in.o
                0x0000000023e20a2c                runAuthenticate
 .text._HAL_FSP_ChkWaitDone
                0x0000000023e20b08       0x34 drivers/built-in.o
 .text._HAL_FSP_GetRData
                0x0000000023e20b3c       0x4c drivers/built-in.o
 .text._HAL_SPINAND_BDMA_Write.isra.0
                0x0000000023e20b88       0x74 drivers/built-in.o
 .text.FSP_WRITE_BYTE