spinand.c:110:9:spi_nand_read_byte	0	static
spinand.c:126:5:spi_nand_read_word	0	static
spinand.c:136:6:spi_nand_write_buf	0	static
spinand.c:152:6:spi_nand_select_chip	0	static
spinand.c:157:6:spi_nand_cmd_ctrl	0	static
spinand.c:162:5:spi_nand_dev_ready	0	static
spinand.c:246:5:spi_nand_waitfunc	0	static
spinand.c:301:5:spi_nand_ecc_calculate	0	static
spinand.c:308:5:spi_nand_ecc_correct	0	static
spinand.c:333:5:spi_nand_ecc_write_page_raw	0	static
spinand.c:315:5:spi_nand_ecc_read_page_raw	8	static
spinand.c:340:5:spi_nand_ecc_read_page	8	static
spinand.c:170:6:spi_nand_cmdfunc	16	static
spinand.c:267:5:spi_nand_write_page	8	static
spinand.c:408:5:spi_nand_ecc_write_oob	16	static
spinand.c:359:5:spi_nand_ecc_read_subpage	8	static
spinand.c:394:5:spi_nand_ecc_read_oob	8	static
spinand.c:388:5:spi_nand_ecc_write_page	0	static
spinand.c:141:6:spi_nand_read_buf	0	static
spinand.c:296:6:spi_nand_ecc_hwctl	0	static
spinand.c:92:7:drvSPINAND_get_DrvContext_address	0	static
spinand.c:97:4:MDrv_SPINAND_CountBits	0	static
spinand.c:434:6:setNandInformation	16	static
spinand.c:463:5:board_nand_init	32	static
spinand.c:570:6:dumpInformation	8	static
