halSERFLASH.c:366:13:_HAL_ISP_Enable	0	static
halSERFLASH.c:377:13:_HAL_ISP_Disable	0	static
halSERFLASH.c:300:16:_Hal_GetMsTime.constprop	8	static
halSERFLASH.c:3437:16:_HAL_FSP_WaitDone	24	static
halSERFLASH.c:476:16:_HAL_SERFLASH_WaitReadDataRdy	16	static
halSERFLASH.c:442:16:_HAL_SERFLASH_WaitWriteDataRdy	16	static
halSERFLASH.c:408:16:_HAL_SERFLASH_WaitWriteCmdRdy	16	static
halSERFLASH.c:510:16:_HAL_SERFLASH_WaitWriteDone	24	static
halSERFLASH.c:311:6:HAL_SERFLASH_SelectReadMode	0	static
halSERFLASH.c:593:6:msFlash_ActiveFlash_Set_HW_WP	0	static
halSERFLASH.c:812:9:HAL_SERFLASH_SetCKG	0	static
halSERFLASH.c:855:6:HAL_SERFLASH_ClkDiv	0	static
halSERFLASH.c:896:9:HAL_SERFLASH_SetMode	0	static
halSERFLASH.c:948:9:HAL_SERFLASH_ChipSelect	8	static
halSERFLASH.c:977:6:HAL_SERFLASH_Config	0	static
halSERFLASH.c:992:6:HAL_SERFLASH_Init	8	static
halSERFLASH.c:1014:6:HAL_SERFLASH_SetGPIO	0	static
halSERFLASH.c:1162:9:HAL_SERFLASH_DetectSize	0	static
halSERFLASH.c:1239:9:HAL_SERFLASH_AddressToBlock	16	static
halSERFLASH.c:1293:9:HAL_SERFLASH_BlockToAddress	12	static
halSERFLASH.c:1827:24:HAL_SERFLASH_WP_Area_Existed	40	static
halSERFLASH.c:2102:9:HAL_SERFLASH_SPSNDYB_UNLOCK	40	static
halSERFLASH.c:2470:8:HAL_SERFLASH_ReadUID	48	static
halSERFLASH.c:3007:9:HAL_SPI_EnterIBPM	16	static
halSERFLASH.c:3075:9:HAL_SPI_SingleBlockLock	24	static
halSERFLASH.c:3202:9:HAL_SPI_GangBlockLock	24	static
halSERFLASH.c:3274:7:HAL_SPI_ReadBlockStatus	24	static
halSERFLASH.c:3460:7:HAL_FSP_ReadBufs	0	static
halSERFLASH.c:3488:6:HAL_FSP_WriteBufs	0	static
halSERFLASH.c:3552:9:HAL_FSP_EraseChip	8	static
halSERFLASH.c:1177:9:HAL_SERFLASH_EraseChip	16	static
halSERFLASH.c:3657:9:HAL_FSP_CheckWriteDone	8	static
halSERFLASH.c:1536:9:HAL_SERFLASH_CheckWriteDone	16	static
halSERFLASH.c:3680:9:HAL_FSP_Write_Burst	56	static
halSERFLASH.c:3776:9:HAL_QPI_Enable	8	static
halSERFLASH.c:3796:9:HAL_QPI_RESET	8	static
halSERFLASH.c:3816:6:HAL_FSP_Write_Egine	16	static
halSERFLASH.c:3851:9:HAL_FSP_Write	32	static
halSERFLASH.c:3891:9:HAL_FSP_Read	32	static
halSERFLASH.c:1782:9:HAL_SERFLASH_Read	32	static
halSERFLASH.c:3944:9:HAL_FSP_BurstRead	32	static
halSERFLASH.c:4005:9:HAL_FSP_WriteStatus	16	static
halSERFLASH.c:4044:9:HAL_FSP_WriteProtect_Area	24	static
halSERFLASH.c:1894:9:HAL_SERFLASH_WriteProtect_Area	24	static
halSERFLASH.c:4068:9:HAL_FSP_WriteProtect	24	static
halSERFLASH.c:2229:9:HAL_SERFLASH_WriteProtect	16	static
halSERFLASH.c:4090:9:HAL_FSP_ReadID	24	static
halSERFLASH.c:2384:9:HAL_SERFLASH_ReadID	24	static
halSERFLASH.c:4120:9:HAL_FSP_ReadStatusReg	16	static
halSERFLASH.c:2759:9:HAL_SERFLASH_ReadStatusReg	0	static
halSERFLASH.c:4145:9:HAL_FSP_ReadStatusReg2	16	static
halSERFLASH.c:2822:9:HAL_SERFLASH_ReadStatusReg2	16	static
halSERFLASH.c:4170:9:HAL_FSP_ReadREMS4	24	static
halSERFLASH.c:2592:9:HAL_SERFLASH_ReadREMS	0	static
halSERFLASH.c:4218:9:HAL_FSP_WriteStatusReg	8	static
halSERFLASH.c:2898:9:HAL_SERFLASH_WriteStatusReg	16	static
halSERFLASH.c:3528:6:HAL_FSP_Entry	8	static
halSERFLASH.c:3544:6:HAL_FSP_Exit	8	static
halSERFLASH.c:4245:9:HAL_FSP_WriteExtAddrReg	16	static
halSERFLASH.c:1043:9:HAL_SERFLASH_DetectType	32	static
halSERFLASH.c:918:9:HAL_SERFLASH_Set2XREAD	8	static
halSERFLASH.c:2985:9:HAL_SERFLASH_WriteExtAddrRegister	16	static
halSERFLASH.c:3578:16:_HAL_FSP_BlockErase	16	static
halSERFLASH.c:3611:9:HAL_FSP_BlockErase	40	static
halSERFLASH.c:1324:9:HAL_SERFLASH_BlockErase	0	static
halSERFLASH.c:3646:9:HAL_FSP_SectorErase	16	static
halSERFLASH.c:1447:9:HAL_SERFLASH_SectorErase	0	static
halSERFLASH.c:4316:16:_HAL_PP_BDMAToFSP	24	static
halSERFLASH.c:4437:9:HAL_FSP_Write_BDMA	48	static
halSERFLASH.c:1579:9:HAL_SERFLASH_Write	24	static
halSERFLASH.c:4507:9:HAL_MAP_Read	32	static
