drv_pnl_if.c:49:6:_DrvPnlIfTransMipiDsiConfigToHal	0	static
drv_pnl_if.c:112:6:_DrvPnlIfTransMipiDsiConfigToMHal	0	static
drv_pnl_if.c:176:6:_DrvPnlIfTransParamToHal	0	static
drv_pnl_if.c:315:6:_DrvPnlIfTransParamToMhal	0	static
drv_pnl_if.c:446:6:_DrvPnlIfTransSscConfigToHal	0	static
drv_pnl_if.c:453:6:_DrvPnlIfTransSscConfigToMhal	0	static
drv_pnl_if.c:461:6:_DrvPnlIfTransTimingConfigToHal	0	static
drv_pnl_if.c:478:6:_DrvPnlIfTransTimingConfigToMhal	0	static
drv_pnl_if.c:496:6:_DrvPnlIfTransPowerConfigToHal	0	static
drv_pnl_if.c:501:6:_DrvPnlIfTransPowerConfigToMhal	0	static
drv_pnl_if.c:507:6:_DrvPnlIfTransBackLightOnOffConfigToHal	0	static
drv_pnl_if.c:512:6:_DrvPnlIfTransBackLightOnOffConfigToMhal	0	static
drv_pnl_if.c:518:6:_DrvPnlIfTransBackLightLevelConfigToHal	0	static
drv_pnl_if.c:524:6:_DrvPnlIfTransBackLightLevelConfigToMhal	0	static
drv_pnl_if.c:531:6:_DrvPnlIfTransDrvCurrentConfigToHal	0	static
drv_pnl_if.c:536:6:_DrvPnlIfTransDrvCurrentConfigToMhal	0	static
drv_pnl_if.c:542:6:_DrvPnlIfTransTestPatConfigToHal	0	static
drv_pnl_if.c:550:6:_DrvPnlIfExecuteQuery	24	static
drv_pnl_if.c:585:6:DrvPnlIfSetClkConfig	96	static
drv_pnl_if.c:618:6:DrvPnlIfGetClkConfig	80	static
drv_pnl_if.c:648:6:DrvPnlIfGetInstance	24	static
drv_pnl_if.c:668:6:DrvPnlIfCreateInstance	72	static
drv_pnl_if.c:720:6:DrvPnlIfDestroyInstance	48	static
drv_pnl_if.c:751:6:DrvPnlIfSetParamConfig	184	static
drv_pnl_if.c:770:6:DrvPnlIfGetParamConfig	8	static
drv_pnl_if.c:782:6:DrvPnlIfSetMipiDsiConfig	136	static
drv_pnl_if.c:803:6:DrvPnlIfGetMipiDsiConfig	8	static
drv_pnl_if.c:814:6:DrvPnlIfSetSscConfig	48	static
drv_pnl_if.c:835:6:DrvPnlIfSetTimingConfig	64	static
drv_pnl_if.c:856:6:DrvPnlIfGetTimingConfig	8	static
drv_pnl_if.c:867:6:DrvPnlIfSetPowerConfig	40	static
drv_pnl_if.c:888:6:DrvPnlIfGetPowerConfig	0	static
drv_pnl_if.c:899:6:DrvPnlIfSetBackLightOnOffConfig	40	static
drv_pnl_if.c:919:6:DrvPnlIfGetBackLightOnOffConfig	0	static
drv_pnl_if.c:929:6:DrvPnlIfSetBackLightLevelConfig	40	static
drv_pnl_if.c:949:6:DrvPnlIfGetBackLightLevelConfig	0	static
drv_pnl_if.c:960:6:DrvPnlIfSetDrvCurrentConfig	40	static
drv_pnl_if.c:981:6:DrvPnlIfSetTestPatternConfig	48	static
drv_pnl_if.c:1001:6:DrvPnlIfSetDbgLevel	0	static
