drvSPINAND_common_hal.c:152:13:_HAL_FSP_ChkWaitDone	0	static
drvSPINAND_common_hal.c:171:13:_HAL_FSP_GetRData	4	static
drvSPINAND_common_hal.c:526:12:_HAL_SPINAND_BDMA_Write.isra.0	0	static
drvSPINAND_common_hal.c:118:13:FSP_WRITE_BYTE	8	static
drvSPINAND_common_hal.c:181:5:_HAL_FSP_CHECK_SPINAND_DONE	32	static
drvSPINAND_common_hal.c:247:12:_HAL_FSP_SendOneCmd3A.constprop	16	static
drvSPINAND_common_hal.c:217:5:_HAL_FSP_SendOneCmd	16	static
drvSPINAND_common_hal.c:597:6:HAL_FSP_GET_SPINAND_STATUS	16	static
drvSPINAND_common_hal.c:621:6:HAL_SPINAND_Config	16	static
drvSPINAND_common_hal.c:633:6:HAL_SPINAND_PLANE_HANDLER	8	static
drvSPINAND_common_hal.c:658:5:HAL_SPINAND_RFC	24	static
drvSPINAND_common_hal.c:1242:5:HAL_SPINAND_Read	16	static
drvSPINAND_common_hal.c:1272:5:HAL_SPINAND_ReadID	40	static
drvSPINAND_common_hal.c:1424:6:HAL_SPINAND_SetCKG	24	static
drvSPINAND_common_hal.c:1498:13:HAL_SPINAND_DumpCkg	16	static
drvSPINAND_common_hal.c:1549:6:HAL_SPINAND_CSCONFIG	0	static
drvSPINAND_common_hal.c:1554:5:HAL_SPINAND_Read_RandomIn	32	static
drvSPINAND_common_hal.c:1588:4:HAL_SPINAND_ReadStatusRegister	24	static
drvSPINAND_common_hal.c:1623:4:HAL_SPINAND_WriteStatusRegister	16	static
drvSPINAND_common_hal.c:568:6:HAL_SPINAND_PreHandle	16	static
drvSPINAND_common_hal.c:1365:5:HAL_SPINAND_SetMode	8	static
drvSPINAND_common_hal.c:1088:5:HAL_SPINAND_EnableOtp	16	static
drvSPINAND_common_hal.c:1126:5:HAL_SPINAND_LockOtp	16	static
drvSPINAND_common_hal.c:1321:5:HAL_SPINAND_WriteProtect	8	static
drvSPINAND_common_hal.c:699:5:HAL_SPINAND_PROGRAM_BY_BDMA	24	static
drvSPINAND_common_hal.c:774:5:HAL_SPINAND_PROGRAM_BY_BDMA4	24	static
drvSPINAND_common_hal.c:883:5:HAL_SPINAND_PROGRAM_LOAD_DATA	56	static
drvSPINAND_common_hal.c:1160:5:HAL_SPINAND_Write	32	static
drvSPINAND_common_hal.c:1018:5:HAL_SPINAND_BLOCKERASE	24	static
drvSPINAND_common_hal.c:1657:4:HAL_SPINAND_WB_BBM	32	static
drvSPINAND_common_hal.c:1695:4:HAL_SPINAND_WB_DumpBBM	24	static
drvSPINAND_common_hal.c:1728:6:HAL_SPINAND_DieSelect	8	static
drvSPINAND_common_hal.c:1758:13:PalSpinand_SetDriving	8	static
