mhal_pnl.c:62:6:MhalPnlCreateInstance	0	static
mhal_pnl.c:67:6:MhalPnlDestroyInstance	8	static
mhal_pnl.c:84:6:MhalPnlSetParamConfig	8	static
mhal_pnl.c:101:6:MhalPnlGetParamConfig	8	static
mhal_pnl.c:118:6:MhalPnlSetMipiDsiConfig	8	static
mhal_pnl.c:135:6:MhalPnlGetMipiDsiConfig	8	static
mhal_pnl.c:153:6:MhalPnlSetSscConfig	8	static
mhal_pnl.c:171:6:MhalPnlSetTimingConfig	8	static
mhal_pnl.c:189:6:MhalPnlGetTimingConfig	8	static
mhal_pnl.c:207:6:MhalPnlSetPowerConfig	8	static
mhal_pnl.c:225:6:MhalPnlGetPowerConfig	8	static
mhal_pnl.c:243:6:MhalPnlSetBackLightOnOffConfig	8	static
mhal_pnl.c:261:6:MhalPnlGetBackLightOnOffConfig	8	static
mhal_pnl.c:279:6:MhalPnlSetBackLightLevelConfig	8	static
mhal_pnl.c:297:6:MhalPnlGetBackLightLevelConfig	8	static
mhal_pnl.c:315:6:MhalPnlSetDrvCurrentConfig	8	static
mhal_pnl.c:333:6:MhalPnlSetTestPatternConfig	8	static
mhal_pnl.c:349:6:MhalPnlSetDebugLevel	8	static
