mspi.c:443:6:HAL_MSPI_Reset_FrameConfig	0	static
mspi.c:461:6:HAL_MSPI_IntEnable	0	static
mspi.c:474:6:HAL_MSPI_Init	0	static
mspi.c:531:6:HAL_MSPI_SetDcTiming	0	static
mspi.c:615:5:HAL_MSPI_SelectCLK	0	static
mspi.c:643:6:_HAL_MSPI_Trigger	16	static
mspi.c:681:6:HAL_MSPI_Read	40	static
mspi.c:769:6:HAL_MSPI_Write	40	static
mspi.c:822:6:HAL_MSPI_Reset_CLKConfig	0	static
mspi.c:835:4:HAL_MSPI_DCConfigMax	0	static
mspi.c:875:6:HAL_MSPI_Reset_DCConfig	0	static
mspi.c:909:6:HAL_MSPI_SetChipSelect	0	static
mspi.c:917:6:MDrv_MSPI_ChipSelect	0	static
mspi.c:928:4:MDrv_MSPI_Read	32	static
mspi.c:961:4:MDrv_MSPI_Write	32	static
mspi.c:988:4:MDrv_MSPI_DMA_Read	24	static
mspi.c:1027:4:MDrv_MSPI_DMA_Write	24	static
mspi.c:1068:4:MDrv_MSPI_Init	8	static
mspi.c:1136:4:MDrv_MSPI_DCConfig	8	static
mspi.c:1167:6:HAL_MSPI_SetCLKTiming	0	static
mspi.c:1194:6:HAL_MSPI_SetLSB	0	static
mspi.c:1211:5:HAL_MSPI_CLK_Config	64	static
mspi.c:1289:5:MDrv_MSPI_SetMode	0	static
mspi.c:1321:6:HAL_MSPI_SetPerFrameSize	0	static
mspi.c:1355:4:MDrv_MSPI_FRAMEConfig	40	static
mspi.c:1386:5:MDrv_MSPI_SetCLK	0	static
mspi.c:1393:6:mspi_config	40	static
mspi.c:1561:6:spi_init	0	static
mspi.c:1565:19:spi_setup_slave	24	static
mspi.c:1606:6:spi_free_slave	0	static
mspi.c:1612:6:spi_select_pad	0	static
mspi.c:1622:5:spi_claim_bus	16	static
mspi.c:1634:6:spi_release_bus	0	static
mspi.c:1642:5:spi_xfer	48	static
