ms_sdmmc_drv.c:98:14:_RetArrToU32	0	static
ms_sdmmc_drv.c:283:19:_SDMMC_CMDReq	24	static
ms_sdmmc_drv.c:301:19:_SDMMC_DATAReq	40	static
ms_sdmmc_drv.c:471:19:_SDMMC_SD_SWITCH_FUNC	24	static
ms_sdmmc_drv.c:535:6:SDMMC_SwitchPAD	16	static
ms_sdmmc_drv.c:558:6:SDMMC_SetPAD	0	static
ms_sdmmc_drv.c:576:6:SDMMC_SetPower	16	static
ms_sdmmc_drv.c:613:7:SDMMC_SetClock	16	static
ms_sdmmc_drv.c:646:6:SDMMC_SetBusTiming	16	static
ms_sdmmc_drv.c:664:8:SDMMC_CardDetect	8	static
ms_sdmmc_drv.c:687:7:SDMMC_SetWideBus	16	static
ms_sdmmc_drv.c:717:7:SDMMC_SwitchHighBus	48	static
ms_sdmmc_drv.c:887:7:SDMMC_Init	96	static
ms_sdmmc_drv.c:953:7:SDMMC_CIF_BLK_R	24	static
ms_sdmmc_drv.c:980:7:SDMMC_CIF_BLK_W	24	static
ms_sdmmc_drv.c:1008:7:SDMMC_DMA_BLK_R	40	static
ms_sdmmc_drv.c:1049:7:SDMMC_DMA_BLK_W	40	static
ms_sdmmc_drv.c:1096:7:SDMMC_ADMA_BLK_R	64	static
ms_sdmmc_drv.c:1150:7:SDMMC_ADMA_BLK_W	64	static
