ms_sdmmc_verify.c:90:6:_PRT_MSG.part.0	16	static
ms_sdmmc_verify.c:107:6:_PRT_VALUE.part.1	24	static
ms_sdmmc_verify.c:74:6:_PRT_LINE	0	static
ms_sdmmc_verify.c:82:6:_PRT_ENTER	0	static
ms_sdmmc_verify.c:90:6:_PRT_MSG	16	static
ms_sdmmc_verify.c:107:6:_PRT_VALUE	0	static
ms_sdmmc_verify.c:119:6:_DUMP_MEM_ARR	24	static
ms_sdmmc_verify.c:139:7:_MEM_COMPARE	4	static
ms_sdmmc_verify.c:153:6:_SET_MEM_PATTERN	4	static
ms_sdmmc_verify.c:456:6:IPV_SDMMC_DMA_RW.part.3	32	static
ms_sdmmc_verify.c:257:6:IPV_SDMMC_TimerTest	16	static
ms_sdmmc_verify.c:285:6:IPV_SDMMC_CardDetect	16	static
ms_sdmmc_verify.c:305:6:IPV_SDMMC_Init	16	static
ms_sdmmc_verify.c:325:6:IPV_SDMMC_SetWideBus	16	static
ms_sdmmc_verify.c:345:6:IPV_SDMMC_SetHighBus	16	static
ms_sdmmc_verify.c:367:6:IPV_SDMMC_SetClock	24	static
ms_sdmmc_verify.c:389:6:IPV_SDMMC_SetBusTiming	16	static
ms_sdmmc_verify.c:410:6:IPV_SDMMC_CIFD_RW	16	static
ms_sdmmc_verify.c:456:6:IPV_SDMMC_DMA_RW	0	static
ms_sdmmc_verify.c:509:6:IPV_SDMMC_ADMA_RW	104	static
ms_sdmmc_verify.c:666:6:IPV_SDMMC_TestPattern	16	static
ms_sdmmc_verify.c:570:6:IPV_SDMMC_BurnRW	40	static
ms_sdmmc_verify.c:689:6:IPV_SDMMC_SetPAD	24	static
ms_sdmmc_verify.c:717:7:_SDMMC_hw_timer_delay	8	static
ms_sdmmc_verify.c:770:6:IPV_SDMMC_PowerSavingModeVerify	32	static
