hal_pnl.c:166:5:_HalPnlGetMipiUi	8	static
hal_pnl.c:202:6:HalPnlGetLpllIdx	0	static
hal_pnl.c:276:5:HalPnlGetLpllGain	0	static
hal_pnl.c:285:5:HalPnlGetLpllDiv	0	static
hal_pnl.c:294:6:HalPnlSetTTLPadMux	0	static
hal_pnl.c:310:6:HalPnlSetTtlPadCotnrol	4	static
hal_pnl.c:322:6:HalPnlSetMipiDisPadMux	0	static
hal_pnl.c:337:6:HalPnlDumpLpllSetting	0	static
hal_pnl.c:357:6:HalPnlSetLpllSet	0	static
hal_pnl.c:367:6:HalPnlSetVSyncSt	0	static
hal_pnl.c:372:6:HalPnlSetVSyncEnd	0	static
hal_pnl.c:377:6:HalPnlSetVfdeSt	0	static
hal_pnl.c:382:6:HalPnlSetVfdeEnd	0	static
hal_pnl.c:387:6:HalPnlSetVdeSt	0	static
hal_pnl.c:392:6:HalPnlSetVdeEnd	0	static
hal_pnl.c:397:6:HalPnlSetVtt	0	static
hal_pnl.c:402:6:HalPnlSetHSyncSt	0	static
hal_pnl.c:407:6:HalPnlSetHSyncEnd	0	static
hal_pnl.c:412:6:HalPnlSetHfdeSt	0	static
hal_pnl.c:417:6:HalPnlSetHfdeEnd	0	static
hal_pnl.c:422:6:HalPnlSetHdeSt	0	static
hal_pnl.c:427:6:HalPnlSetHdeEnd	0	static
hal_pnl.c:432:6:HalPnlSetHtt	0	static
hal_pnl.c:437:6:HalPnlSetClkHdmi	0	static
hal_pnl.c:449:6:HalPnlGetClkHdmi	0	static
hal_pnl.c:460:6:HalPnlSetClkDac	0	static
hal_pnl.c:472:6:HalPnlGetClkDac	0	static
hal_pnl.c:484:6:HalPnlSetClkMipiDsiAbp	0	static
hal_pnl.c:496:6:HalPnlGetClkMipiDsiAbp	0	static
hal_pnl.c:508:6:HalPnlSetClkScPixel	0	static
hal_pnl.c:531:6:HalPnlGetClkScPixel	0	static
hal_pnl.c:553:6:HalPnlSetClkMipiDsi	0	static
hal_pnl.c:569:6:HalPnlGetClkMipiDsi	0	static
hal_pnl.c:586:6:HalPnlSetLpllSkew	0	static
hal_pnl.c:591:6:HalPnlSetFrameColorEn	0	static
hal_pnl.c:596:6:HalPnlSetFrameColor	0	static
hal_pnl.c:604:6:HalPnlSetClkInv	0	static
hal_pnl.c:608:6:HalPnlSetVsyncInv	0	static
hal_pnl.c:612:6:HalPnlSetHsyncInv	0	static
hal_pnl.c:616:6:HalPnlSetDeInv	0	static
hal_pnl.c:620:6:HalPnlSetVsynRefMd	0	static
hal_pnl.c:624:6:HalPnlW2BYTEMSK	0	static
hal_pnl.c:629:6:HalPnlSetTgenExtHsEn	0	static
hal_pnl.c:634:6:HalPnlSetSwReste	0	static
hal_pnl.c:639:6:HalPnlSetFifoRest	0	static
hal_pnl.c:644:6:HalPnlSetDacHsyncSt	0	static
hal_pnl.c:649:6:HalPnlSetDispToDsiMd	0	static
hal_pnl.c:654:6:HalPnlSetDacHsyncEnd	0	static
hal_pnl.c:659:6:HalPnlSetDacHdeSt	0	static
hal_pnl.c:664:6:HalPnlSetDacHdeEnd	0	static
hal_pnl.c:669:6:HalPnlSetDacVdeSt	0	static
hal_pnl.c:674:6:HalPnlSetDacVdeEnd	0	static
hal_pnl.c:679:6:HalPnlSetDitherEn	0	static
hal_pnl.c:684:6:HalPnlSetRgbMode	0	static
hal_pnl.c:692:6:HalPnlSetRgbSwap	0	static
hal_pnl.c:715:6:HalPnlSetRgbMlSwap	0	static
hal_pnl.c:720:6:HalPnlSetSscEn	0	static
hal_pnl.c:725:6:HalPnlSetSscSpan	0	static
hal_pnl.c:730:6:HalPnlSetSscStep	0	static
hal_pnl.c:736:5:HalPnlGetRevision	0	static
hal_pnl.c:743:6:HalPnlGetTtlMipiDsiSupported	0	static
hal_pnl.c:772:6:HalPnlInitMipiDsiDphy	8	static
hal_pnl.c:796:6:HalPnlSetMipiDsiPadOutSel	0	static
hal_pnl.c:801:6:HalPnlResetMipiDsi	0	static
hal_pnl.c:807:6:HalPnlEnableMipiDsiClk	0	static
hal_pnl.c:813:6:HalPnlDisableMipiDsiClk	0	static
hal_pnl.c:818:6:HalPnlSetMipiDsiLaneNum	0	static
hal_pnl.c:840:6:HalPnlSetMipiDsiCtrlMode	8	static
hal_pnl.c:867:6:HalPnlGetMipiDsiClkHsMode	0	static
hal_pnl.c:873:6:HalPnlSetMpiDsiClkHsMode	8	static
hal_pnl.c:885:6:HalPnlGetMipiDsiShortPacket	24	static
hal_pnl.c:948:6:HalPnlSetMipiDsiShortPacket	24	static
hal_pnl.c:1047:6:HalPnlSetMipiDsiLongPacket	40	static
hal_pnl.c:1229:6:HalPnlSetMipiDsiPhyTimConfig	112	static
hal_pnl.c:1449:6:HalPnlSetMipiDsiVideoTimingConfig	56	static
hal_pnl.c:1601:6:HalPnlGetMipiDsiReg	0	static
hal_pnl.c:1607:6:HalPnlSetMipiDsiChSel	24	static
hal_pnl.c:1624:6:HalPnlSetMipiDsiChPolarity	24	static
hal_pnl.c:1642:6:HalPnlSetMipiDsiPatGen	0	static
