hal_pnl_if.c:407:18:_HalPnlIfGetInfoInitConfig	0	static
hal_pnl_if.c:642:18:_HalPnlIfGetInfoPowerConfig	0	static
hal_pnl_if.c:697:18:_HalPnlIfGetInfoClkSetConfig	16	static
hal_pnl_if.c:421:18:_HalPnlIfGetInfoParamConfig	24	static
hal_pnl_if.c:604:18:_HalPnlIfGetInfoSscConfig	8	static
hal_pnl_if.c:622:18:_HalPnlIfGetInfoTimingConfig	8	static
hal_pnl_if.c:682:18:_HalPnlIfGetInfoTestPatConfig	8	static
hal_pnl_if.c:489:18:_HalPnlIfGetInfoMipiDsiParamConfig	16	static
hal_pnl_if.c:712:6:_HalPnlIfSetClkSetConfig	48	static
hal_pnl_if.c:731:18:_HalPnlIfGetInfoClkGetConfig	56	static
hal_pnl_if.c:413:6:_HalPnlIfSetInitConfig	8	static
hal_pnl_if.c:662:18:_HalPnlIfGetInfoBackLightLevelConfig	0	static
hal_pnl_if.c:647:6:_HalPnlIfSetPowerConfig	0	static
hal_pnl_if.c:672:18:_HalPnlIfGetInfoCurrentConfig	0	static
hal_pnl_if.c:652:18:_HalPnlIfGetInfoBackLightOnOffConfig	0	static
hal_pnl_if.c:657:6:_HalPnlIfSetBackLightOnOffConfig	0	static
hal_pnl_if.c:667:6:_HalPnlIfSetBackLightLevelConfig	0	static
hal_pnl_if.c:677:6:_HalPnlIfSetCurrentConfig	0	static
hal_pnl_if.c:772:6:_HalPnlIfSetClkGetConfig	0	static
hal_pnl_if.c:64:6:__HalPnlIfSetSscConfig	16	static
hal_pnl_if.c:615:6:_HalPnlIfSetSscConfig	0	static
hal_pnl_if.c:75:6:__HalPnlIfSetPolarityConfig	56	static
hal_pnl_if.c:110:6:__HalPnlIfSetLpllConfig	96	static
hal_pnl_if.c:241:6:__HalPnlIfSetMipiDisTimeGenConfig	0	static
hal_pnl_if.c:247:6:__HalPnlIfSetTimeGenConfig	96	static
hal_pnl_if.c:470:6:_HalPnlIfSetParamConfig	16	static
hal_pnl_if.c:634:6:_HalPnlIfSetTimingConfig	0	static
hal_pnl_if.c:353:6:__HalPnlIfSetTestPatConfig	24	static
hal_pnl_if.c:692:6:_HalPnlIfSetTestPatConfig	0	static
hal_pnl_if.c:364:6:__HalPnlIfSetMipiDsiPacket	32	static
hal_pnl_if.c:530:6:_HalPnlIfSetMipiDsiParamConfig	88	static
hal_pnl_if.c:778:6:_HalPnlIfGetCallBack	24	static
hal_pnl_if.c:812:6:HalPnlIfInit	16	static
hal_pnl_if.c:872:6:HalPnlIfDeInit	8	static
hal_pnl_if.c:885:6:HalPnlIfQuery	8	static
