drvSERFLASH.c:89:9:MDrv_MAP_Read	24	static
drvSERFLASH.c:110:22:MDrv_SERFLASH_GetInfo	16	static
drvSERFLASH.c:134:9:MDrv_SERFLASH_GetLibVer	0	static
drvSERFLASH.c:150:9:MDrv_SERFLASH_GetStatus	8	static
drvSERFLASH.c:163:9:MDrv_SERFLASH_SetDbgLevel	0	static
drvSERFLASH.c:176:6:MDrv_SERFLASH_SetMcuCSCallBack	0	static
drvSERFLASH.c:187:9:MDrv_SERFLASH_DetectType	8	static
drvSERFLASH.c:201:9:MDrv_SERFLASH_DetectSize	8	static
drvSERFLASH.c:215:9:MDrv_SERFLASH_Set2XRead	8	static
drvSERFLASH.c:230:9:MDrv_SERFLASH_SetCKG	8	static
drvSERFLASH.c:245:6:MDrv_SERFLASH_ClkDiv	8	static
drvSERFLASH.c:258:9:MDrv_SERFLASH_SetMode	8	static
drvSERFLASH.c:273:9:MDrv_SERFLASH_ChipSelect	8	static
drvSERFLASH.c:288:6:MDrv_SERFLASH_Init	8	static
drvSERFLASH.c:346:9:MDrv_SERFLASH_EraseChip	8	static
drvSERFLASH.c:361:9:MDrv_SERFLASH_AddressToBlock	16	static
drvSERFLASH.c:379:9:MDrv_SERFLASH_BlockToAddress	16	static
drvSERFLASH.c:427:9:MDrv_SERFLASH_BlockErase	24	static
drvSERFLASH.c:398:9:MDrv_SERFLASH_AddressErase	32	static
drvSERFLASH.c:527:9:MDrv_SERFLASH_CheckWriteDone	8	static
drvSERFLASH.c:544:9:MDrv_SERFLASH_Write	24	static
drvSERFLASH.c:573:9:MDrv_SERFLASH_Read	24	static
drvSERFLASH.c:443:9:MDrv_SERFLASH_SectorErase	65560	static
drvSERFLASH.c:603:9:MDrv_SERFLASH_WriteProtect	8	static
drvSERFLASH.c:616:9:MDrv_SERFLASH_WriteProtect_Enable_All_Range	8	static
drvSERFLASH.c:645:9:MDrv_SERFLASH_WriteProtect_Disable_Range_Set	24	static
drvSERFLASH.c:630:9:MDrv_SERFLASH_WriteProtect_Disable_All_Range	8	static
drvSERFLASH.c:735:9:MDrv_SERFLASH_WriteProtect_Area	16	static
drvSERFLASH.c:752:9:MDrv_SERFLASH_ReadID	16	static
drvSERFLASH.c:791:9:MDrv_SERFLASH_ReadStatusRegister	8	static
drvSERFLASH.c:807:9:MDrv_SERFLASH_ReadStatusRegister2	8	static
drvSERFLASH.c:823:9:MDrv_SERFLASH_WriteStatusRegister	8	static
drvSERFLASH.c:840:9:MDrv_SERFLASH_WriteExtAddrRegister	8	static
drvSERFLASH.c:890:6:MDrv_SERFLASH_SetGPIO	0	static
drvSERFLASH.c:996:16:MS_SERFLASH_CREATE_MUTEX	0	static
drvSERFLASH.c:1002:16:MS_SERFLASH_DELETE_MUTEX	0	static
drvSERFLASH.c:1008:17:MS_SERFLASH_OBTAIN_MUTEX	0	static
drvSERFLASH.c:1014:16:MS_SERFLASH_RELEASE_MUTEX	0	static
