nand_base.c:171:13:nand_release_device	0	static
nand_base.c:197:9:nand_read_byte	0	static
nand_base.c:212:16:nand_read_byte16	0	static
nand_base.c:224:12:nand_read_word	0	static
nand_base.c:260:13:nand_write_byte	16	static
nand_base.c:274:13:nand_write_byte16	16	static
nand_base.c:344:6:nand_write_buf	0	static
nand_base.c:363:6:nand_read_buf	0	static
nand_base.c:427:6:nand_write_buf16	0	static
nand_base.c:447:6:nand_read_buf16	0	static
nand_base.c:464:12:nand_block_bad	32	static
nand_base.c:616:12:nand_check_wp	16	static
nand_base.c:1273:12:nand_read_page_raw_syndrome	32	static
nand_base.c:1315:12:nand_read_page_swecc	56	static
nand_base.c:1361:12:nand_read_subpage	56	static
nand_base.c:1456:12:nand_read_page_hwecc	48	static
nand_base.c:1509:12:nand_read_page_hwecc_oob_first	40	static
nand_base.c:1558:12:nand_read_page_syndrome	40	static
nand_base.c:1663:12:nand_setup_read_retry	0	static
nand_base.c:1884:12:nand_read_oob_std	16	static
nand_base.c:1899:12:nand_read_oob_syndrome	48	static
nand_base.c:1936:12:nand_write_oob_std	24	static
nand_base.c:1960:12:nand_write_oob_syndrome	64	static
nand_base.c:2186:12:nand_write_page_raw_syndrome	32	static
nand_base.c:2226:12:nand_write_page_swecc	48	static
nand_base.c:2253:12:nand_write_page_hwecc	40	static
nand_base.c:2349:12:nand_write_page_syndrome	32	static
nand_base.c:2399:12:nand_write_page	40	static
nand_base.c:2844:13:single_erase_cmd	16	static
nand_base.c:2989:13:nand_sync	0	static
nand_base.c:3036:12:nand_onfi_set_features	24	static
nand_base.c:3114:13:nand_set_defaults	0	static
nand_base.c:639:12:nand_block_checkbad	32	static
nand_base.c:3004:12:nand_block_isbad	16	static
nand_base.c:3066:12:nand_onfi_get_features	24	static
nand_base.c:2287:12:nand_write_subpage_hwecc	56	static
nand_base.c:2474:17:nand_fill_oob	24	static
nand_base.c:2717:12:nand_do_write_oob	48	static
nand_base.c:525:12:nand_default_block_markbad	80	static
nand_base.c:2533:12:nand_do_write_ops	104	static
nand_base.c:2801:12:nand_write_oob	40	static
nand_base.c:2692:12:nand_write	56	static
nand_base.c:1028:12:nand_wait	24	static
nand_base.c:3173:13:sanitize_string	0	static
bitops.h:12:19:generic_ffs	0	static
bitops.h:48:19:generic_fls	0	static
nand_base.c:1254:12:nand_read_page_raw	16	static
nand_base.c:2167:12:nand_write_page_raw	16	static
nand_base.c:237:13:nand_select_chip	8	static
nand_base.c:1613:17:nand_transfer_oob	24	static
nand_base.c:2658:12:panic_nand_write	64	static
nand_base.c:682:6:nand_wait_ready	16	static
nand_base.c:725:13:nand_command	24	static
nand_base.c:829:13:nand_command_lp	24	static
nand_base.c:1686:12:nand_do_read_ops	104	static
nand_base.c:2121:12:nand_read_oob	72	static
nand_base.c:1861:12:nand_read	56	static
nand_base.c:2872:5:nand_erase_nand	56	static
nand_base.c:3014:12:nand_block_markbad	96	static
nand_base.c:2859:12:nand_erase	0	static
nand_base.c:4101:5:nand_scan_ident	56	static
nand_base.c:4176:5:nand_scan_tail	24	static
nand_base.c:4485:5:nand_scan	8	static
