mdrv_sw_iic.c:129:6:MDrv_SW_IIC_SCL.part.0	8	static
mdrv_sw_iic.c:142:6:MDrv_SW_IIC_SDA.part.1	8	static
mdrv_sw_iic.c:156:6:MDrv_SW_IIC_SCL_Chk.part.2	16	static
mdrv_sw_iic.c:174:6:MDrv_SW_IIC_SDA_Chk.part.3	16	static
mdrv_sw_iic.c:114:6:MDrv_SW_IIC_Delay.constprop	0	static
mdrv_sw_iic.c:114:6:MDrv_SW_IIC_Delay	0	static
mdrv_sw_iic.c:129:6:MDrv_SW_IIC_SCL	0	static
mdrv_sw_iic.c:142:6:MDrv_SW_IIC_SDA	0	static
mdrv_sw_iic.c:156:6:MDrv_SW_IIC_SCL_Chk	8	static
mdrv_sw_iic.c:174:6:MDrv_SW_IIC_SDA_Chk	8	static
mdrv_sw_iic.c:201:5:MDrv_SW_IIC_Start	24	static
mdrv_sw_iic.c:238:6:MDrv_SW_IIC_Stop	16	static
mdrv_sw_iic.c:326:5:MDrv_SW_IIC_SendByte	32	static
mdrv_sw_iic.c:348:5:MDrv_SW_IIC_AccessStart	16	static
mdrv_sw_iic.c:390:4:MDrv_SW_IIC_GetByte	32	static
mdrv_sw_iic.c:455:5:MDrv_SW_IIC_Write	32	static
mdrv_sw_iic.c:536:5:MDrv_SW_IIC_Read	32	static
mdrv_sw_iic.c:618:6:MDrv_SW_IIC_SetSpeed	0	static
mdrv_sw_iic.c:650:6:MDrv_SW_IIC_Enable	0	static
mdrv_sw_iic.c:661:5:MDrv_SW_IIC_ConfigBus	0	static
mdrv_sw_iic.c:688:6:MDrv_IIC_Init	0	static
