hal_sdmmc_v5.c:262:18:_REG_WaitEvent	32	static
hal_sdmmc_v5.c:293:13:_REG_ResetIP	16	static
hal_sdmmc_v5.c:522:21:_SDMMC_EndProcess.isra.0	32	static
hal_sdmmc_v5.c:210:18:_REG_ClearMIEEvent.constprop	16	static
hal_sdmmc_v5.c:177:18:_REG_ClearSDSTS.constprop	16	static
hal_sdmmc_v5.c:344:6:_BUF_CIFD_DATA_IO	32	static
hal_sdmmc_v5.c:361:18:_BUF_CIFD_WaitEvent	40	static
hal_sdmmc_v5.c:571:6:Hal_SDMMC_SetSDIODevice	0	static
hal_sdmmc_v5.c:590:6:Hal_SDMMC_SetSDIOIntDet	0	static
hal_sdmmc_v5.c:617:6:Hal_SDMMC_SetDataWidth	0	static
hal_sdmmc_v5.c:632:6:Hal_SDMMC_SetBusTiming	0	static
hal_sdmmc_v5.c:692:6:Hal_SDMMC_SetNrcDelay	0	static
hal_sdmmc_v5.c:725:6:Hal_SDMMC_SetCmdToken	16	static
hal_sdmmc_v5.c:755:12:Hal_SDMMC_GetRspToken	32	static
hal_sdmmc_v5.c:796:6:Hal_SDMMC_TransCmdSetting	24	static
hal_sdmmc_v5.c:842:14:Hal_SDMMC_SendCmdAndWaitProcess	40	static
hal_sdmmc_v5.c:935:14:Hal_SDMMC_RunBrokenDmaAndWaitProcess	16	static
hal_sdmmc_v5.c:972:6:Hal_SDMMC_ADMASetting	24	static
hal_sdmmc_v5.c:1007:14:Hal_SDMMC_ErrGroup	0	static
hal_sdmmc_v5.c:1046:6:Hal_SDMMC_ClkCtrl	24	static
hal_sdmmc_v5.c:1066:6:Hal_SDMMC_Reset	0	static
hal_sdmmc_v5.c:1081:6:Hal_SDMMC_WaitProcessCtrl	0	static
hal_sdmmc_v5.c:1105:8:Hal_SDMMC_OtherPreUse	8	static
hal_sdmmc_v5.c:1132:6:Hal_SDMMC_DumpMemTool	32	static
hal_sdmmc_v5.c:1168:6:Hal_SDMMC_GetDATBusLevel	8	static
hal_sdmmc_v5.c:1189:7:Hal_SDMMC_GetMIEEvent	8	static
