hal_card_platform_iNF2m.c:140:6:Hal_CARD_IPOnceSetting	0	static
hal_card_platform_iNF2m.c:172:6:Hal_CARD_IPBeginSetting	0	static
hal_card_platform_iNF2m.c:195:6:Hal_CARD_IPEndSetting	0	static
hal_card_platform_iNF2m.c:221:6:Hal_CARD_InitPADPin	0	static
hal_card_platform_iNF2m.c:250:6:Hal_CARD_SetPADToPortPath	16	static
hal_card_platform_iNF2m.c:288:6:Hal_CARD_PullPADPin	0	static
hal_card_platform_iNF2m.c:435:6:Hal_CARD_SetClock	0	static
hal_card_platform_iNF2m.c:553:7:Hal_CARD_FindClockSetting	216	static
hal_card_platform_iNF2m.c:591:6:Hal_CARD_SetBusTiming	0	static
hal_card_platform_iNF2m.c:610:6:Hal_CARD_PowerOn	8	static
hal_card_platform_iNF2m.c:635:6:Hal_CARD_PowerOff	8	static
hal_card_platform_iNF2m.c:663:6:Hal_CARD_InitGPIO	8	static
hal_card_platform_iNF2m.c:701:8:Hal_CARD_GetGPIOState	8	static
hal_card_platform_iNF2m.c:728:6:Hal_CARD_SetGPIOState	0	static
hal_card_platform_iNF2m.c:775:7:Hal_CARD_GetGPIONum	0	static
hal_card_platform_iNF2m.c:809:6:Hal_CARD_SetGPIOIntAttr	0	static
hal_card_platform_iNF2m.c:864:8:Hal_CARD_GPIOIntFilter	0	static
hal_card_platform_iNF2m.c:898:7:Hal_CARD_TransMIUAddr	8	static
