mhal_disp.c:26:9:MHAL_DISP_InitPanelConfig	8	static
mhal_disp.c:45:9:MHAL_DISP_InitMmapConfig	0	static
mhal_disp.c:52:9:MHAL_DISP_DeviceCreateInstance	8	static
mhal_disp.c:72:9:MHAL_DISP_DeviceDestroyInstance	8	static
mhal_disp.c:91:9:MHAL_DISP_DeviceEnable	8	static
mhal_disp.c:111:9:MHAL_DISP_DeviceSetBackGroundColor	8	static
mhal_disp.c:132:9:MHAL_DISP_DeviceAddOutInterface	8	static
mhal_disp.c:153:9:MHAL_DISP_DeviceSetOutputTiming	8	static
mhal_disp.c:173:9:MHAL_DISP_DeviceSetColorTempeture	8	static
mhal_disp.c:192:9:MHAL_DISP_DeviceSetCvbsParam	8	static
mhal_disp.c:211:9:MHAL_DISP_DeviceSetHdmiParam	8	static
mhal_disp.c:230:9:MHAL_DISP_DeviceSetLcdParam	8	static
mhal_disp.c:249:9:MHAL_DISP_DeviceSetGammaParam	8	static
mhal_disp.c:268:9:MHAL_DISP_DeviceSetVgaParam	8	static
mhal_disp.c:288:10:MHAL_DISP_DeviceAttach	8	static
mhal_disp.c:307:9:MHAL_DISP_DeviceDetach	8	static
mhal_disp.c:327:9:MHAL_DISP_DeviceGetTimeZone	8	static
mhal_disp.c:346:9:MHAL_DISP_DeviceGetDisplayInfo	8	static
mhal_disp.c:365:9:MHAL_DISP_DeviceGetInstance	8	static
mhal_disp.c:377:9:MHAL_DISP_VideoLayerCreateInstance	8	static
mhal_disp.c:397:9:MHAL_DISP_VideoLayerDestoryInstance	8	static
mhal_disp.c:418:9:MHAL_DISP_VideoLayerEnable	8	static
mhal_disp.c:438:9:MHAL_DISP_VideoLayerBind	8	static
mhal_disp.c:458:9:MHAL_DISP_VideoLayerUnBind	8	static
mhal_disp.c:478:9:MHAL_DISP_VideoLayerSetAttr	8	static
mhal_disp.c:498:9:MHAL_DISP_VideoLayerBufferFire	8	static
mhal_disp.c:518:9:MHAL_DISP_VideoLayerCheckBufferFired	8	static
mhal_disp.c:539:9:MHAL_DISP_VideoLayerSetCompress	8	static
mhal_disp.c:560:9:MHAL_DISP_VideoLayerSetPriority	8	static
mhal_disp.c:580:9:MHAL_DISP_InputPortCreateInstance	8	static
mhal_disp.c:600:9:MHAL_DISP_InputPortDestroyInstance	8	static
mhal_disp.c:620:9:MHAL_DISP_InputPortFlip	8	static
mhal_disp.c:641:9:MHAL_DISP_InputPortEnable	8	static
mhal_disp.c:662:9:MHAL_DISP_InputPortSetAttr	8	static
mhal_disp.c:682:9:MHAL_DISP_InputPortShow	8	static
mhal_disp.c:702:9:MHAL_DISP_InputPortHide	8	static
mhal_disp.c:724:9:MHAL_DISP_InputPortAttrBegin	8	static
mhal_disp.c:744:9:MHAL_DISP_InputPortAttrEnd	8	static
mhal_disp.c:764:9:MHAL_DISP_InputPortRotate	8	static
mhal_disp.c:784:9:MHAL_DISP_InputPortSetCropAttr	8	static
mhal_disp.c:806:9:MHAL_DISP_DbgLevel	8	static
mhal_disp.c:828:9:MHAL_DISP_EnableDevIrq	8	static
mhal_disp.c:848:9:MHAL_DISP_ClearDevInterrupt	8	static
mhal_disp.c:869:9:MHAL_DISP_GetDevIrqFlag	8	static
mhal_disp.c:890:9:MHAL_DISP_GetDevIrq	8	static
